Component: Arm Compiler for Embedded 6.19 Tool: armlink [5e73cb00]

==============================================================================

Section Cross References

    startup_stm32f103xb.o(STACK) refers (Special) to heapauxi.o(.text) for __use_two_region_memory
    startup_stm32f103xb.o(HEAP) refers (Special) to heapauxi.o(.text) for __use_two_region_memory
    startup_stm32f103xb.o(RESET) refers (Special) to heapauxi.o(.text) for __use_two_region_memory
    startup_stm32f103xb.o(RESET) refers to startup_stm32f103xb.o(STACK) for __initial_sp
    startup_stm32f103xb.o(RESET) refers to startup_stm32f103xb.o(.text) for Reset_Handler
    startup_stm32f103xb.o(RESET) refers to stm32f1xx_it.o(.text.NMI_Handler) for NMI_Handler
    startup_stm32f103xb.o(RESET) refers to stm32f1xx_it.o(.text.HardFault_Handler) for HardFault_Handler
    startup_stm32f103xb.o(RESET) refers to stm32f1xx_it.o(.text.MemManage_Handler) for MemManage_Handler
    startup_stm32f103xb.o(RESET) refers to stm32f1xx_it.o(.text.BusFault_Handler) for BusFault_Handler
    startup_stm32f103xb.o(RESET) refers to stm32f1xx_it.o(.text.UsageFault_Handler) for UsageFault_Handler
    startup_stm32f103xb.o(RESET) refers to stm32f1xx_it.o(.text.SVC_Handler) for SVC_Handler
    startup_stm32f103xb.o(RESET) refers to stm32f1xx_it.o(.text.DebugMon_Handler) for DebugMon_Handler
    startup_stm32f103xb.o(RESET) refers to stm32f1xx_it.o(.text.PendSV_Handler) for PendSV_Handler
    startup_stm32f103xb.o(RESET) refers to stm32f1xx_it.o(.text.SysTick_Handler) for SysTick_Handler
    startup_stm32f103xb.o(RESET) refers to stm32f1xx_it.o(.text.USB_HP_CAN1_TX_IRQHandler) for USB_HP_CAN1_TX_IRQHandler
    startup_stm32f103xb.o(RESET) refers to stm32f1xx_it.o(.text.USB_LP_CAN1_RX0_IRQHandler) for USB_LP_CAN1_RX0_IRQHandler
    startup_stm32f103xb.o(RESET) refers to stm32f1xx_it.o(.text.TIM3_IRQHandler) for TIM3_IRQHandler
    startup_stm32f103xb.o(RESET) refers to stm32f1xx_it.o(.text.TIM4_IRQHandler) for TIM4_IRQHandler
    startup_stm32f103xb.o(RESET) refers to stm32f1xx_it.o(.text.I2C2_EV_IRQHandler) for I2C2_EV_IRQHandler
    startup_stm32f103xb.o(RESET) refers to stm32f1xx_it.o(.text.I2C2_ER_IRQHandler) for I2C2_ER_IRQHandler
    startup_stm32f103xb.o(.text) refers (Special) to heapauxi.o(.text) for __use_two_region_memory
    startup_stm32f103xb.o(.text) refers to system_stm32f1xx.o(.text.SystemInit) for SystemInit
    startup_stm32f103xb.o(.text) refers to __main.o(!!!main) for __main
    startup_stm32f103xb.o(.text) refers to startup_stm32f103xb.o(HEAP) for Heap_Mem
    startup_stm32f103xb.o(.text) refers to startup_stm32f103xb.o(STACK) for Stack_Mem
    main.o(.text._Z13Init_Channelsv) refers to main.o(.bss..L_MergedGlobals.7) for .L_MergedGlobals.7
    main.o(.ARM.exidx.text._Z13Init_Channelsv) refers to main.o(.text._Z13Init_Channelsv) for [Anonymous Symbol]
    main.o(.ARM.exidx.text._ZN14ChannelControl11InitChannelEv) refers to main.o(.text._ZN14ChannelControl11InitChannelEv) for [Anonymous Symbol]
    main.o(.text._Z17InitMainScreenSetv) refers to main.o(.bss..L_MergedGlobals) for .L_MergedGlobals
    main.o(.ARM.exidx.text._Z17InitMainScreenSetv) refers to main.o(.text._Z17InitMainScreenSetv) for [Anonymous Symbol]
    main.o(.text._Z14InitAnalogPinsv) refers to main.o(.bss.pa) for pa
    main.o(.ARM.exidx.text._Z14InitAnalogPinsv) refers to main.o(.text._Z14InitAnalogPinsv) for [Anonymous Symbol]
    main.o(.ARM.exidx.text._Z17CurrentProtectionP12AnalogFilter) refers to main.o(.text._Z17CurrentProtectionP12AnalogFilter) for [Anonymous Symbol]
    main.o(.ARM.exidx.text._Z16_joystick_filterP14JoystickFilter) refers to main.o(.text._Z16_joystick_filterP14JoystickFilter) for [Anonymous Symbol]
    main.o(.text._Z14_switch_filterP12SwitchFilter) refers to stm32f1xx_hal_gpio.o(.text.HAL_GPIO_ReadPin) for HAL_GPIO_ReadPin
    main.o(.ARM.exidx.text._Z14_switch_filterP12SwitchFilter) refers to main.o(.text._Z14_switch_filterP12SwitchFilter) for [Anonymous Symbol]
    main.o(.text._Z16Init_Protectionsv) refers to main.o(.bss.params_buf) for params_buf
    main.o(.text._Z16Init_Protectionsv) refers to main.o(.bss..L_MergedGlobals.3) for .L_MergedGlobals.3
    main.o(.text._Z16Init_Protectionsv) refers to main.o(.bss..L_MergedGlobals.4) for .L_MergedGlobals.4
    main.o(.text._Z16Init_Protectionsv) refers to main.o(.bss..L_MergedGlobals.5) for .L_MergedGlobals.5
    main.o(.ARM.exidx.text._Z16Init_Protectionsv) refers to main.o(.text._Z16Init_Protectionsv) for [Anonymous Symbol]
    main.o(.ARM.exidx.text._Z13AnalogPinTripP12AnalogFilter) refers to main.o(.text._Z13AnalogPinTripP12AnalogFilter) for [Anonymous Symbol]
    main.o(.text._Z13AnalogAverageP12AnalogFilter) refers to lludivv7m.o(.text) for __aeabi_uldivmod
    main.o(.text._Z13AnalogAverageP12AnalogFilter) refers to dfltll_clz.o(x$fpl$dfltull) for __aeabi_ul2d
    main.o(.text._Z13AnalogAverageP12AnalogFilter) refers to sqrt.o(i.sqrt) for sqrt
[...]
    stm32f1xx_hal_can.o(.text.HAL_CAN_Init) refers to stm32f1xx_hal.o(.text.HAL_GetTick) for HAL_GetTick
    stm32f1xx_hal_can.o(.ARM.exidx.text.HAL_CAN_Init) refers to stm32f1xx_hal_can.o(.text.HAL_CAN_Init) for [Anonymous Symbol]
    stm32f1xx_hal_can.o(.ARM.exidx.text.HAL_CAN_MspInit) refers to stm32f1xx_hal_can.o(.text.HAL_CAN_MspInit) for [Anonymous Symbol]
    stm32f1xx_hal_can.o(.text.HAL_CAN_DeInit) refers to stm32f1xx_hal.o(.text.HAL_GetTick) for HAL_GetTick
    stm32f1xx_hal_can.o(.text.HAL_CAN_DeInit) refers to stm32f1xx_hal_msp.o(.text.HAL_CAN_MspDeInit) for HAL_CAN_MspDeInit
    stm32f1xx_hal_can.o(.ARM.exidx.text.HAL_CAN_DeInit) refers to stm32f1xx_hal_can.o(.text.HAL_CAN_DeInit) for [Anonymous Symbol]
    stm32f1xx_hal_can.o(.text.HAL_CAN_Stop) refers to stm32f1xx_hal.o(.text.HAL_GetTick) for HAL_GetTick
    stm32f1xx_hal_can.o(.ARM.exidx.text.HAL_CAN_Stop) refers to stm32f1xx_hal_can.o(.text.HAL_CAN_Stop) for [Anonymous Symbol]
    stm32f1xx_hal_can.o(.ARM.exidx.text.HAL_CAN_MspDeInit) refers to stm32f1xx_hal_can.o(.text.HAL_CAN_MspDeInit) for [Anonymous Symbol]
    stm32f1xx_hal_can.o(.ARM.exidx.text.HAL_CAN_ConfigFilter) refers to stm32f1xx_hal_can.o(.text.HAL_CAN_ConfigFilter) for [Anonymous Symbol]
    stm32f1xx_hal_can.o(.text.HAL_CAN_Start) refers to stm32f1xx_hal.o(.text.HAL_GetTick) for HAL_GetTick
    stm32f1xx_hal_can.o(.ARM.exidx.text.HAL_CAN_Start) refers to stm32f1xx_hal_can.o(.text.HAL_CAN_Start) for [Anonymous Symbol]
    stm32f1xx_hal_can.o(.ARM.exidx.text.HAL_CAN_RequestSleep) refers to stm32f1xx_hal_can.o(.text.HAL_CAN_RequestSleep) for [Anonymous Symbol]
    stm32f1xx_hal_can.o(.ARM.exidx.text.HAL_CAN_WakeUp) refers to stm32f1xx_hal_can.o(.text.HAL_CAN_WakeUp) for [Anonymous Symbol]
    stm32f1xx_hal_can.o(.ARM.exidx.text.HAL_CAN_IsSleepActive) refers to stm32f1xx_hal_can.o(.text.HAL_CAN_IsSleepActive) for [Anonymous Symbol]
    stm32f1xx_hal_can.o(.ARM.exidx.text.HAL_CAN_AddTxMessage) refers to stm32f1xx_hal_can.o(.text.HAL_CAN_AddTxMessage) for [Anonymous Symbol]
    stm32f1xx_hal_can.o(.ARM.exidx.text.HAL_CAN_AbortTxRequest) refers to stm32f1xx_hal_can.o(.text.HAL_CAN_AbortTxRequest) for [Anonymous Symbol]
    stm32f1xx_hal_can.o(.ARM.exidx.text.HAL_CAN_GetTxMailboxesFreeLevel) refers to stm32f1xx_hal_can.o(.text.HAL_CAN_GetTxMailboxesFreeLevel) for [Anonymous Symbol]
    stm32f1xx_hal_can.o(.ARM.exidx.text.HAL_CAN_IsTxMessagePending) refers to stm32f1xx_hal_can.o(.text.HAL_CAN_IsTxMessagePending) for [Anonymous Symbol]
    stm32f1xx_hal_can.o(.ARM.exidx.text.HAL_CAN_GetTxTimestamp) refers to stm32f1xx_hal_can.o(.text.HAL_CAN_GetTxTimestamp) for [Anonymous Symbol]
    stm32f1xx_hal_can.o(.ARM.exidx.text.HAL_CAN_GetRxMessage) refers to stm32f1xx_hal_can.o(.text.HAL_CAN_GetRxMessage) for [Anonymous Symbol]
    stm32f1xx_hal_can.o(.ARM.exidx.text.HAL_CAN_GetRxFifoFillLevel) refers to stm32f1xx_hal_can.o(.text.HAL_CAN_GetRxFifoFillLevel) for [Anonymous Symbol]
    stm32f1xx_hal_can.o(.ARM.exidx.text.HAL_CAN_ActivateNotification) refers to stm32f1xx_hal_can.o(.text.HAL_CAN_ActivateNotification) for [Anonymous Symbol]
    stm32f1xx_hal_can.o(.ARM.exidx.text.HAL_CAN_DeactivateNotification) refers to stm32f1xx_hal_can.o(.text.HAL_CAN_DeactivateNotification) for [Anonymous Symbol]
    stm32f1xx_hal_can.o(.text.HAL_CAN_IRQHandler) refers to stm32f1xx_hal_can.o(.text.HAL_CAN_TxMailbox0AbortCallback) for HAL_CAN_TxMailbox0AbortCallback
    stm32f1xx_hal_can.o(.text.HAL_CAN_IRQHandler) refers to stm32f1xx_hal_can.o(.text.HAL_CAN_TxMailbox0CompleteCallback) for HAL_CAN_TxMailbox0CompleteCallback
    stm32f1xx_hal_can.o(.text.HAL_CAN_IRQHandler) refers to stm32f1xx_hal_can.o(.text.HAL_CAN_RxFifo0FullCallback) for HAL_CAN_RxFifo0FullCallback
    stm32f1xx_hal_can.o(.text.HAL_CAN_IRQHandler) refers to stm32f1xx_hal_can.o(.text.HAL_CAN_RxFifo0MsgPendingCallback) for HAL_CAN_RxFifo0MsgPendingCallback
    stm32f1xx_hal_can.o(.text.HAL_CAN_IRQHandler) refers to stm32f1xx_hal_can.o(.text.HAL_CAN_RxFifo1FullCallback) for HAL_CAN_RxFifo1FullCallback
    stm32f1xx_hal_can.o(.text.HAL_CAN_IRQHandler) refers to stm32f1xx_hal_can.o(.text.HAL_CAN_RxFifo1MsgPendingCallback) for HAL_CAN_RxFifo1MsgPendingCallback
    stm32f1xx_hal_can.o(.text.HAL_CAN_IRQHandler) refers to stm32f1xx_hal_can.o(.text.HAL_CAN_SleepCallback) for HAL_CAN_SleepCallback
    stm32f1xx_hal_can.o(.text.HAL_CAN_IRQHandler) refers to stm32f1xx_hal_can.o(.text.HAL_CAN_WakeUpFromRxMsgCallback) for HAL_CAN_WakeUpFromRxMsgCallback
    stm32f1xx_hal_can.o(.text.HAL_CAN_IRQHandler) refers to stm32f1xx_hal_can.o(.text.HAL_CAN_TxMailbox1AbortCallback) for HAL_CAN_TxMailbox1AbortCallback
    stm32f1xx_hal_can.o(.text.HAL_CAN_IRQHandler) refers to stm32f1xx_hal_can.o(.text.HAL_CAN_TxMailbox1CompleteCallback) for HAL_CAN_TxMailbox1CompleteCallback
    stm32f1xx_hal_can.o(.text.HAL_CAN_IRQHandler) refers to stm32f1xx_hal_can.o(.text.HAL_CAN_TxMailbox2AbortCallback) for HAL_CAN_TxMailbox2AbortCallback
    stm32f1xx_hal_can.o(.text.HAL_CAN_IRQHandler) refers to stm32f1xx_hal_can.o(.text.HAL_CAN_TxMailbox2CompleteCallback) for HAL_CAN_TxMailbox2CompleteCallback
    stm32f1xx_hal_can.o(.text.HAL_CAN_IRQHandler) refers to stm32f1xx_hal_can.o(.text.HAL_CAN_ErrorCallback) for HAL_CAN_ErrorCallback
    stm32f1xx_hal_can.o(.ARM.exidx.text.HAL_CAN_IRQHandler) refers to stm32f1xx_hal_can.o(.text.HAL_CAN_IRQHandler) for [Anonymous Symbol]
    stm32f1xx_hal_can.o(.ARM.exidx.text.HAL_CAN_TxMailbox0CompleteCallback) refers to stm32f1xx_hal_can.o(.text.HAL_CAN_TxMailbox0CompleteCallback) for [Anonymous Symbol]
    stm32f1xx_hal_can.o(.ARM.exidx.text.HAL_CAN_TxMailbox0AbortCallback) refers to stm32f1xx_hal_can.o(.text.HAL_CAN_TxMailbox0AbortCallback) for [Anonymous Symbol]
    stm32f1xx_hal_can.o(.ARM.exidx.text.HAL_CAN_TxMailbox1CompleteCallback) refers to stm32f1xx_hal_can.o(.text.HAL_CAN_TxMailbox1CompleteCallback) for [Anonymous Symbol]
    stm32f1xx_hal_can.o(.ARM.exidx.text.HAL_CAN_TxMailbox1AbortCallback) refers to stm32f1xx_hal_can.o(.text.HAL_CAN_TxMailbox1AbortCallback) for [Anonymous Symbol]
    stm32f1xx_hal_can.o(.ARM.exidx.text.HAL_CAN_TxMailbox2CompleteCallback) refers to stm32f1xx_hal_can.o(.text.HAL_CAN_TxMailbox2CompleteCallback) for [Anonymous Symbol]
    stm32f1xx_hal_can.o(.ARM.exidx.text.HAL_CAN_TxMailbox2AbortCallback) refers to stm32f1xx_hal_can.o(.text.HAL_CAN_TxMailbox2AbortCallback) for [Anonymous Symbol]
    stm32f1xx_hal_can.o(.ARM.exidx.text.HAL_CAN_RxFifo0FullCallback) refers to stm32f1xx_hal_can.o(.text.HAL_CAN_RxFifo0FullCallback) for [Anonymous Symbol]
    stm32f1xx_hal_can.o(.ARM.exidx.text.HAL_CAN_RxFifo0MsgPendingCallback) refers to stm32f1xx_hal_can.o(.text.HAL_CAN_RxFifo0MsgPendingCallback) for [Anonymous Symbol]
    stm32f1xx_hal_can.o(.ARM.exidx.text.HAL_CAN_RxFifo1FullCallback) refers to stm32f1xx_hal_can.o(.text.HAL_CAN_RxFifo1FullCallback) for [Anonymous Symbol]
    stm32f1xx_hal_can.o(.ARM.exidx.text.HAL_CAN_RxFifo1MsgPendingCallback) refers to stm32f1xx_hal_can.o(.text.HAL_CAN_RxFifo1MsgPendingCallback) for [Anonymous Symbol]
    stm32f1xx_hal_can.o(.ARM.exidx.text.HAL_CAN_SleepCallback) refers to stm32f1xx_hal_can.o(.text.HAL_CAN_SleepCallback) for [Anonymous Symbol]
    stm32f1xx_hal_can.o(.ARM.exidx.text.HAL_CAN_WakeUpFromRxMsgCallback) refers to stm32f1xx_hal_can.o(.text.HAL_CAN_WakeUpFromRxMsgCallback) for [Anonymous Symbol]
    stm32f1xx_hal_can.o(.ARM.exidx.text.HAL_CAN_ErrorCallback) refers to stm32f1xx_hal_can.o(.text.HAL_CAN_ErrorCallback) for [Anonymous Symbol]
    stm32f1xx_hal_can.o(.ARM.exidx.text.HAL_CAN_GetState) refers to stm32f1xx_hal_can.o(.text.HAL_CAN_GetState) for [Anonymous Symbol]
    stm32f1xx_hal_can.o(.ARM.exidx.text.HAL_CAN_GetError) refers to stm32f1xx_hal_can.o(.text.HAL_CAN_GetError) for [Anonymous Symbol]
    stm32f1xx_hal_can.o(.ARM.exidx.text.HAL_CAN_ResetError) refers to stm32f1xx_hal_can.o(.text.HAL_CAN_ResetError) for [Anonymous Symbol]
    stm32f1xx_hal_crc.o(.text.HAL_CRC_Init) refers to stm32f1xx_hal_msp.o(.text.HAL_CRC_MspInit) for HAL_CRC_MspInit
    stm32f1xx_hal_crc.o(.ARM.exidx.text.HAL_CRC_Init) refers to stm32f1xx_hal_crc.o(.text.HAL_CRC_Init) for [Anonymous Symbol]
    stm32f1xx_hal_crc.o(.ARM.exidx.text.HAL_CRC_MspInit) refers to stm32f1xx_hal_crc.o(.text.HAL_CRC_MspInit) for [Anonymous Symbol]
    stm32f1xx_hal_crc.o(.text.HAL_CRC_DeInit) refers to stm32f1xx_hal_msp.o(.text.HAL_CRC_MspDeInit) for HAL_CRC_MspDeInit
    stm32f1xx_hal_crc.o(.ARM.exidx.text.HAL_CRC_DeInit) refers to stm32f1xx_hal_crc.o(.text.HAL_CRC_DeInit) for [Anonymous Symbol]
    stm32f1xx_hal_crc.o(.ARM.exidx.text.HAL_CRC_MspDeInit) refers to stm32f1xx_hal_crc.o(.text.HAL_CRC_MspDeInit) for [Anonymous Symbol]
    stm32f1xx_hal_crc.o(.ARM.exidx.text.HAL_CRC_Accumulate) refers to stm32f1xx_hal_crc.o(.text.HAL_CRC_Accumulate) for [Anonymous Symbol]
    stm32f1xx_hal_crc.o(.ARM.exidx.text.HAL_CRC_Calculate) refers to stm32f1xx_hal_crc.o(.text.HAL_CRC_Calculate) for [Anonymous Symbol]
    stm32f1xx_hal_crc.o(.ARM.exidx.text.HAL_CRC_GetState) refers to stm32f1xx_hal_crc.o(.text.HAL_CRC_GetState) for [Anonymous Symbol]
    stm32f1xx_hal_i2c.o(.text.HAL_I2C_Init) refers to stm32f1xx_hal_msp.o(.text.HAL_I2C_MspInit) for HAL_I2C_MspInit
    stm32f1xx_hal_i2c.o(.text.HAL_I2C_Init) refers to stm32f1xx_hal_rcc.o(.text.HAL_RCC_GetPCLK1Freq) for HAL_RCC_GetPCLK1Freq
    stm32f1xx_hal_i2c.o(.ARM.exidx.text.HAL_I2C_Init) refers to stm32f1xx_hal_i2c.o(.text.HAL_I2C_Init) for [Anonymous Symbol]
    stm32f1xx_hal_i2c.o(.ARM.exidx.text.HAL_I2C_MspInit) refers to stm32f1xx_hal_i2c.o(.text.HAL_I2C_MspInit) for [Anonymous Symbol]
    stm32f1xx_hal_i2c.o(.text.HAL_I2C_DeInit) refers to stm32f1xx_hal_msp.o(.text.HAL_I2C_MspDeInit) for HAL_I2C_MspDeInit
    stm32f1xx_hal_i2c.o(.ARM.exidx.text.HAL_I2C_DeInit) refers to stm32f1xx_hal_i2c.o(.text.HAL_I2C_DeInit) for [Anonymous Symbol]
    stm32f1xx_hal_i2c.o(.ARM.exidx.text.HAL_I2C_MspDeInit) refers to stm32f1xx_hal_i2c.o(.text.HAL_I2C_MspDeInit) for [Anonymous Symbol]
    stm32f1xx_hal_i2c.o(.text.HAL_I2C_Master_Transmit) refers to stm32f1xx_hal.o(.text.HAL_GetTick) for HAL_GetTick
    stm32f1xx_hal_i2c.o(.text.HAL_I2C_Master_Transmit) refers to stm32f1xx_hal_i2c.o(.text.I2C_WaitOnFlagUntilTimeout) for I2C_WaitOnFlagUntilTimeout
    stm32f1xx_hal_i2c.o(.text.HAL_I2C_Master_Transmit) refers to stm32f1xx_hal_i2c.o(.text.I2C_WaitOnMasterAddressFlagUntilTimeout) for I2C_WaitOnMasterAddressFlagUntilTimeout
    stm32f1xx_hal_i2c.o(.text.HAL_I2C_Master_Transmit) refers to stm32f1xx_hal_i2c.o(.text.I2C_WaitOnBTFFlagUntilTimeout) for I2C_WaitOnBTFFlagUntilTimeout
    stm32f1xx_hal_i2c.o(.text.HAL_I2C_Master_Transmit) refers to stm32f1xx_hal_i2c.o(.text.I2C_WaitOnTXEFlagUntilTimeout) for I2C_WaitOnTXEFlagUntilTimeout
    stm32f1xx_hal_i2c.o(.ARM.exidx.text.HAL_I2C_Master_Transmit) refers to stm32f1xx_hal_i2c.o(.text.HAL_I2C_Master_Transmit) for [Anonymous Symbol]
    stm32f1xx_hal_i2c.o(.text.I2C_WaitOnFlagUntilTimeout) refers to stm32f1xx_hal.o(.text.HAL_GetTick) for HAL_GetTick
    stm32f1xx_hal_i2c.o(.ARM.exidx.text.I2C_WaitOnFlagUntilTimeout) refers to stm32f1xx_hal_i2c.o(.text.I2C_WaitOnFlagUntilTimeout) for [Anonymous Symbol]
    stm32f1xx_hal_i2c.o(.text.I2C_WaitOnTXEFlagUntilTimeout) refers to stm32f1xx_hal.o(.text.HAL_GetTick) for HAL_GetTick
    stm32f1xx_hal_i2c.o(.ARM.exidx.text.I2C_WaitOnTXEFlagUntilTimeout) refers to stm32f1xx_hal_i2c.o(.text.I2C_WaitOnTXEFlagUntilTimeout) for [Anonymous Symbol]
    stm32f1xx_hal_i2c.o(.text.I2C_WaitOnBTFFlagUntilTimeout) refers to stm32f1xx_hal.o(.text.HAL_GetTick) for HAL_GetTick
    stm32f1xx_hal_i2c.o(.ARM.exidx.text.I2C_WaitOnBTFFlagUntilTimeout) refers to stm32f1xx_hal_i2c.o(.text.I2C_WaitOnBTFFlagUntilTimeout) for [Anonymous Symbol]
    stm32f1xx_hal_i2c.o(.text.HAL_I2C_Master_Receive) refers to stm32f1xx_hal.o(.text.HAL_GetTick) for HAL_GetTick
    stm32f1xx_hal_i2c.o(.text.HAL_I2C_Master_Receive) refers to stm32f1xx_hal_i2c.o(.text.I2C_WaitOnFlagUntilTimeout) for I2C_WaitOnFlagUntilTimeout
    stm32f1xx_hal_i2c.o(.text.HAL_I2C_Master_Receive) refers to stm32f1xx_hal_i2c.o(.text.I2C_WaitOnMasterAddressFlagUntilTimeout) for I2C_WaitOnMasterAddressFlagUntilTimeout
    stm32f1xx_hal_i2c.o(.text.HAL_I2C_Master_Receive) refers to system_stm32f1xx.o(.data.SystemCoreClock) for SystemCoreClock
    stm32f1xx_hal_i2c.o(.text.HAL_I2C_Master_Receive) refers to stm32f1xx_hal_i2c.o(.text.I2C_WaitOnRXNEFlagUntilTimeout) for I2C_WaitOnRXNEFlagUntilTimeout
    stm32f1xx_hal_i2c.o(.ARM.exidx.text.HAL_I2C_Master_Receive) refers to stm32f1xx_hal_i2c.o(.text.HAL_I2C_Master_Receive) for [Anonymous Symbol]
    stm32f1xx_hal_i2c.o(.text.I2C_WaitOnRXNEFlagUntilTimeout) refers to stm32f1xx_hal.o(.text.HAL_GetTick) for HAL_GetTick
    stm32f1xx_hal_i2c.o(.ARM.exidx.text.I2C_WaitOnRXNEFlagUntilTimeout) refers to stm32f1xx_hal_i2c.o(.text.I2C_WaitOnRXNEFlagUntilTimeout) for [Anonymous Symbol]
    stm32f1xx_hal_i2c.o(.text.HAL_I2C_Slave_Transmit) refers to stm32f1xx_hal.o(.text.HAL_GetTick) for HAL_GetTick
    stm32f1xx_hal_i2c.o(.text.HAL_I2C_Slave_Transmit) refers to stm32f1xx_hal_i2c.o(.text.I2C_WaitOnFlagUntilTimeout) for I2C_WaitOnFlagUntilTimeout
    stm32f1xx_hal_i2c.o(.text.HAL_I2C_Slave_Transmit) refers to stm32f1xx_hal_i2c.o(.text.I2C_WaitOnTXEFlagUntilTimeout) for I2C_WaitOnTXEFlagUntilTimeout
    stm32f1xx_hal_i2c.o(.ARM.exidx.text.HAL_I2C_Slave_Transmit) refers to stm32f1xx_hal_i2c.o(.text.HAL_I2C_Slave_Transmit) for [Anonymous Symbol]
    stm32f1xx_hal_i2c.o(.text.HAL_I2C_Slave_Receive) refers to stm32f1xx_hal.o(.text.HAL_GetTick) for HAL_GetTick
    stm32f1xx_hal_i2c.o(.text.HAL_I2C_Slave_Receive) refers to stm32f1xx_hal_i2c.o(.text.I2C_WaitOnFlagUntilTimeout) for I2C_WaitOnFlagUntilTimeout
    stm32f1xx_hal_i2c.o(.text.HAL_I2C_Slave_Receive) refers to stm32f1xx_hal_i2c.o(.text.I2C_WaitOnRXNEFlagUntilTimeout) for I2C_WaitOnRXNEFlagUntilTimeout
    stm32f1xx_hal_i2c.o(.ARM.exidx.text.HAL_I2C_Slave_Receive) refers to stm32f1xx_hal_i2c.o(.text.HAL_I2C_Slave_Receive) for [Anonymous Symbol]
    stm32f1xx_hal_i2c.o(.text.HAL_I2C_Master_Transmit_IT) refers to system_stm32f1xx.o(.data.SystemCoreClock) for SystemCoreClock
    stm32f1xx_hal_i2c.o(.ARM.exidx.text.HAL_I2C_Master_Transmit_IT) refers to stm32f1xx_hal_i2c.o(.text.HAL_I2C_Master_Transmit_IT) for [Anonymous Symbol]
    stm32f1xx_hal_i2c.o(.text.HAL_I2C_Master_Receive_IT) refers to system_stm32f1xx.o(.data.SystemCoreClock) for SystemCoreClock
    stm32f1xx_hal_i2c.o(.ARM.exidx.text.HAL_I2C_Master_Receive_IT) refers to stm32f1xx_hal_i2c.o(.text.HAL_I2C_Master_Receive_IT) for [Anonymous Symbol]
    stm32f1xx_hal_i2c.o(.ARM.exidx.text.HAL_I2C_Slave_Transmit_IT) refers to stm32f1xx_hal_i2c.o(.text.HAL_I2C_Slave_Transmit_IT) for [Anonymous Symbol]
    stm32f1xx_hal_i2c.o(.ARM.exidx.text.HAL_I2C_Slave_Receive_IT) refers to stm32f1xx_hal_i2c.o(.text.HAL_I2C_Slave_Receive_IT) for [Anonymous Symbol]
    stm32f1xx_hal_i2c.o(.text.HAL_I2C_Master_Transmit_DMA) refers to system_stm32f1xx.o(.data.SystemCoreClock) for SystemCoreClock
    stm32f1xx_hal_i2c.o(.text.HAL_I2C_Master_Transmit_DMA) refers to stm32f1xx_hal_i2c.o(.text.I2C_DMAXferCplt) for I2C_DMAXferCplt
    stm32f1xx_hal_i2c.o(.text.HAL_I2C_Master_Transmit_DMA) refers to stm32f1xx_hal_i2c.o(.text.I2C_DMAError) for I2C_DMAError
    stm32f1xx_hal_i2c.o(.text.HAL_I2C_Master_Transmit_DMA) refers to stm32f1xx_hal_dma.o(.text.HAL_DMA_Start_IT) for HAL_DMA_Start_IT
    stm32f1xx_hal_i2c.o(.ARM.exidx.text.HAL_I2C_Master_Transmit_DMA) refers to stm32f1xx_hal_i2c.o(.text.HAL_I2C_Master_Transmit_DMA) for [Anonymous Symbol]
    stm32f1xx_hal_i2c.o(.text.I2C_DMAXferCplt) refers to stm32f1xx_hal_i2c.o(.text.HAL_I2C_SlaveTxCpltCallback) for HAL_I2C_SlaveTxCpltCallback
    stm32f1xx_hal_i2c.o(.text.I2C_DMAXferCplt) refers to stm32f1xx_hal_i2c.o(.text.HAL_I2C_SlaveRxCpltCallback) for HAL_I2C_SlaveRxCpltCallback
    stm32f1xx_hal_i2c.o(.text.I2C_DMAXferCplt) refers to stm32f1xx_hal_i2c.o(.text.HAL_I2C_ErrorCallback) for HAL_I2C_ErrorCallback
    stm32f1xx_hal_i2c.o(.text.I2C_DMAXferCplt) refers to stm32f1xx_hal_i2c.o(.text.HAL_I2C_MemRxCpltCallback) for HAL_I2C_MemRxCpltCallback
    stm32f1xx_hal_i2c.o(.text.I2C_DMAXferCplt) refers to stm32f1xx_hal_i2c.o(.text.HAL_I2C_MasterRxCpltCallback) for HAL_I2C_MasterRxCpltCallback
    stm32f1xx_hal_i2c.o(.ARM.exidx.text.I2C_DMAXferCplt) refers to stm32f1xx_hal_i2c.o(.text.I2C_DMAXferCplt) for [Anonymous Symbol]
    stm32f1xx_hal_i2c.o(.text.I2C_DMAError) refers to stm32f1xx_hal_i2c.o(.text.HAL_I2C_ErrorCallback) for HAL_I2C_ErrorCallback
    stm32f1xx_hal_i2c.o(.ARM.exidx.text.I2C_DMAError) refers to stm32f1xx_hal_i2c.o(.text.I2C_DMAError) for [Anonymous Symbol]
    stm32f1xx_hal_i2c.o(.text.HAL_I2C_Master_Receive_DMA) refers to system_stm32f1xx.o(.data.SystemCoreClock) for SystemCoreClock
    stm32f1xx_hal_i2c.o(.text.HAL_I2C_Master_Receive_DMA) refers to stm32f1xx_hal_i2c.o(.text.I2C_DMAXferCplt) for I2C_DMAXferCplt
    stm32f1xx_hal_i2c.o(.text.HAL_I2C_Master_Receive_DMA) refers to stm32f1xx_hal_i2c.o(.text.I2C_DMAError) for I2C_DMAError
    stm32f1xx_hal_i2c.o(.text.HAL_I2C_Master_Receive_DMA) refers to stm32f1xx_hal_dma.o(.text.HAL_DMA_Start_IT) for HAL_DMA_Start_IT
    stm32f1xx_hal_i2c.o(.ARM.exidx.text.HAL_I2C_Master_Receive_DMA) refers to stm32f1xx_hal_i2c.o(.text.HAL_I2C_Master_Receive_DMA) for [Anonymous Symbol]
    stm32f1xx_hal_i2c.o(.text.HAL_I2C_Slave_Transmit_DMA) refers to stm32f1xx_hal_i2c.o(.text.I2C_DMAXferCplt) for I2C_DMAXferCplt
    stm32f1xx_hal_i2c.o(.text.HAL_I2C_Slave_Transmit_DMA) refers to stm32f1xx_hal_i2c.o(.text.I2C_DMAError) for I2C_DMAError
    stm32f1xx_hal_i2c.o(.text.HAL_I2C_Slave_Transmit_DMA) refers to stm32f1xx_hal_dma.o(.text.HAL_DMA_Start_IT) for HAL_DMA_Start_IT
    stm32f1xx_hal_i2c.o(.ARM.exidx.text.HAL_I2C_Slave_Transmit_DMA) refers to stm32f1xx_hal_i2c.o(.text.HAL_I2C_Slave_Transmit_DMA) for [Anonymous Symbol]
    stm32f1xx_hal_i2c.o(.text.HAL_I2C_Slave_Receive_DMA) refers to stm32f1xx_hal_i2c.o(.text.I2C_DMAXferCplt) for I2C_DMAXferCplt
    stm32f1xx_hal_i2c.o(.text.HAL_I2C_Slave_Receive_DMA) refers to stm32f1xx_hal_i2c.o(.text.I2C_DMAError) for I2C_DMAError
    stm32f1xx_hal_i2c.o(.text.HAL_I2C_Slave_Receive_DMA) refers to stm32f1xx_hal_dma.o(.text.HAL_DMA_Start_IT) for HAL_DMA_Start_IT
    stm32f1xx_hal_i2c.o(.ARM.exidx.text.HAL_I2C_Slave_Receive_DMA) refers to stm32f1xx_hal_i2c.o(.text.HAL_I2C_Slave_Receive_DMA) for [Anonymous Symbol]
    stm32f1xx_hal_i2c.o(.text.HAL_I2C_Mem_Write) refers to stm32f1xx_hal.o(.text.HAL_GetTick) for HAL_GetTick
    stm32f1xx_hal_i2c.o(.text.HAL_I2C_Mem_Write) refers to stm32f1xx_hal_i2c.o(.text.I2C_RequestMemoryWrite) for I2C_RequestMemoryWrite
    stm32f1xx_hal_i2c.o(.text.HAL_I2C_Mem_Write) refers to stm32f1xx_hal_i2c.o(.text.I2C_WaitOnBTFFlagUntilTimeout) for I2C_WaitOnBTFFlagUntilTimeout
    stm32f1xx_hal_i2c.o(.text.HAL_I2C_Mem_Write) refers to stm32f1xx_hal_i2c.o(.text.I2C_WaitOnTXEFlagUntilTimeout) for I2C_WaitOnTXEFlagUntilTimeout
    stm32f1xx_hal_i2c.o(.ARM.exidx.text.HAL_I2C_Mem_Write) refers to stm32f1xx_hal_i2c.o(.text.HAL_I2C_Mem_Write) for [Anonymous Symbol]
    stm32f1xx_hal_i2c.o(.text.I2C_RequestMemoryWrite) refers to stm32f1xx_hal_i2c.o(.text.I2C_WaitOnFlagUntilTimeout) for I2C_WaitOnFlagUntilTimeout
    stm32f1xx_hal_i2c.o(.text.I2C_RequestMemoryWrite) refers to stm32f1xx_hal_i2c.o(.text.I2C_WaitOnMasterAddressFlagUntilTimeout) for I2C_WaitOnMasterAddressFlagUntilTimeout
    stm32f1xx_hal_i2c.o(.text.I2C_RequestMemoryWrite) refers to stm32f1xx_hal_i2c.o(.text.I2C_WaitOnTXEFlagUntilTimeout) for I2C_WaitOnTXEFlagUntilTimeout
    stm32f1xx_hal_i2c.o(.ARM.exidx.text.I2C_RequestMemoryWrite) refers to stm32f1xx_hal_i2c.o(.text.I2C_RequestMemoryWrite) for [Anonymous Symbol]
    stm32f1xx_hal_i2c.o(.text.HAL_I2C_Mem_Read) refers to stm32f1xx_hal.o(.text.HAL_GetTick) for HAL_GetTick
    stm32f1xx_hal_i2c.o(.text.HAL_I2C_Mem_Read) refers to stm32f1xx_hal_i2c.o(.text.I2C_RequestMemoryRead) for I2C_RequestMemoryRead
    stm32f1xx_hal_i2c.o(.text.HAL_I2C_Mem_Read) refers to system_stm32f1xx.o(.data.SystemCoreClock) for SystemCoreClock
    stm32f1xx_hal_i2c.o(.text.HAL_I2C_Mem_Read) refers to stm32f1xx_hal_i2c.o(.text.I2C_WaitOnRXNEFlagUntilTimeout) for I2C_WaitOnRXNEFlagUntilTimeout
    stm32f1xx_hal_i2c.o(.text.HAL_I2C_Mem_Read) refers to stm32f1xx_hal_i2c.o(.text.I2C_WaitOnFlagUntilTimeout) for I2C_WaitOnFlagUntilTimeout
    stm32f1xx_hal_i2c.o(.ARM.exidx.text.HAL_I2C_Mem_Read) refers to stm32f1xx_hal_i2c.o(.text.HAL_I2C_Mem_Read) for [Anonymous Symbol]
    stm32f1xx_hal_i2c.o(.text.I2C_RequestMemoryRead) refers to stm32f1xx_hal_i2c.o(.text.I2C_WaitOnFlagUntilTimeout) for I2C_WaitOnFlagUntilTimeout
    stm32f1xx_hal_i2c.o(.text.I2C_RequestMemoryRead) refers to stm32f1xx_hal_i2c.o(.text.I2C_WaitOnMasterAddressFlagUntilTimeout) for I2C_WaitOnMasterAddressFlagUntilTimeout
    stm32f1xx_hal_i2c.o(.text.I2C_RequestMemoryRead) refers to stm32f1xx_hal_i2c.o(.text.I2C_WaitOnTXEFlagUntilTimeout) for I2C_WaitOnTXEFlagUntilTimeout
    stm32f1xx_hal_i2c.o(.ARM.exidx.text.I2C_RequestMemoryRead) refers to stm32f1xx_hal_i2c.o(.text.I2C_RequestMemoryRead) for [Anonymous Symbol]
    stm32f1xx_hal_i2c.o(.text.HAL_I2C_Mem_Write_IT) refers to system_stm32f1xx.o(.data.SystemCoreClock) for SystemCoreClock
    stm32f1xx_hal_i2c.o(.ARM.exidx.text.HAL_I2C_Mem_Write_IT) refers to stm32f1xx_hal_i2c.o(.text.HAL_I2C_Mem_Write_IT) for [Anonymous Symbol]
    stm32f1xx_hal_i2c.o(.text.HAL_I2C_Mem_Read_IT) refers to system_stm32f1xx.o(.data.SystemCoreClock) for SystemCoreClock
    stm32f1xx_hal_i2c.o(.ARM.exidx.text.HAL_I2C_Mem_Read_IT) refers to stm32f1xx_hal_i2c.o(.text.HAL_I2C_Mem_Read_IT) for [Anonymous Symbol]
    stm32f1xx_hal_i2c.o(.text.HAL_I2C_Mem_Write_DMA) refers to stm32f1xx_hal.o(.text.HAL_GetTick) for HAL_GetTick
    stm32f1xx_hal_i2c.o(.text.HAL_I2C_Mem_Write_DMA) refers to system_stm32f1xx.o(.data.SystemCoreClock) for SystemCoreClock
    stm32f1xx_hal_i2c.o(.text.HAL_I2C_Mem_Write_DMA) refers to stm32f1xx_hal_i2c.o(.text.I2C_DMAXferCplt) for I2C_DMAXferCplt
    stm32f1xx_hal_i2c.o(.text.HAL_I2C_Mem_Write_DMA) refers to stm32f1xx_hal_i2c.o(.text.I2C_DMAError) for I2C_DMAError
    stm32f1xx_hal_i2c.o(.text.HAL_I2C_Mem_Write_DMA) refers to stm32f1xx_hal_dma.o(.text.HAL_DMA_Start_IT) for HAL_DMA_Start_IT
    stm32f1xx_hal_i2c.o(.text.HAL_I2C_Mem_Write_DMA) refers to stm32f1xx_hal_i2c.o(.text.I2C_RequestMemoryWrite) for I2C_RequestMemoryWrite
    stm32f1xx_hal_i2c.o(.text.HAL_I2C_Mem_Write_DMA) refers to stm32f1xx_hal_dma.o(.text.HAL_DMA_Abort_IT) for HAL_DMA_Abort_IT
    stm32f1xx_hal_i2c.o(.ARM.exidx.text.HAL_I2C_Mem_Write_DMA) refers to stm32f1xx_hal_i2c.o(.text.HAL_I2C_Mem_Write_DMA) for [Anonymous Symbol]
    stm32f1xx_hal_i2c.o(.text.HAL_I2C_Mem_Read_DMA) refers to stm32f1xx_hal.o(.text.HAL_GetTick) for HAL_GetTick
    stm32f1xx_hal_i2c.o(.text.HAL_I2C_Mem_Read_DMA) refers to system_stm32f1xx.o(.data.SystemCoreClock) for SystemCoreClock
    stm32f1xx_hal_i2c.o(.text.HAL_I2C_Mem_Read_DMA) refers to stm32f1xx_hal_i2c.o(.text.I2C_DMAXferCplt) for I2C_DMAXferCplt
    stm32f1xx_hal_i2c.o(.text.HAL_I2C_Mem_Read_DMA) refers to stm32f1xx_hal_i2c.o(.text.I2C_DMAError) for I2C_DMAError
    stm32f1xx_hal_i2c.o(.text.HAL_I2C_Mem_Read_DMA) refers to stm32f1xx_hal_dma.o(.text.HAL_DMA_Start_IT) for HAL_DMA_Start_IT
    stm32f1xx_hal_i2c.o(.text.HAL_I2C_Mem_Read_DMA) refers to stm32f1xx_hal_i2c.o(.text.I2C_RequestMemoryRead) for I2C_RequestMemoryRead
    stm32f1xx_hal_i2c.o(.text.HAL_I2C_Mem_Read_DMA) refers to stm32f1xx_hal_dma.o(.text.HAL_DMA_Abort_IT) for HAL_DMA_Abort_IT
    stm32f1xx_hal_i2c.o(.ARM.exidx.text.HAL_I2C_Mem_Read_DMA) refers to stm32f1xx_hal_i2c.o(.text.HAL_I2C_Mem_Read_DMA) for [Anonymous Symbol]
    stm32f1xx_hal_i2c.o(.text.HAL_I2C_IsDeviceReady) refers to stm32f1xx_hal.o(.text.HAL_GetTick) for HAL_GetTick
    stm32f1xx_hal_i2c.o(.text.HAL_I2C_IsDeviceReady) refers to stm32f1xx_hal_i2c.o(.text.I2C_WaitOnFlagUntilTimeout) for I2C_WaitOnFlagUntilTimeout
    stm32f1xx_hal_i2c.o(.ARM.exidx.text.HAL_I2C_IsDeviceReady) refers to stm32f1xx_hal_i2c.o(.text.HAL_I2C_IsDeviceReady) for [Anonymous Symbol]
    stm32f1xx_hal_i2c.o(.text.HAL_I2C_Master_Seq_Transmit_IT) refers to system_stm32f1xx.o(.data.SystemCoreClock) for SystemCoreClock
    stm32f1xx_hal_i2c.o(.ARM.exidx.text.HAL_I2C_Master_Seq_Transmit_IT) refers to stm32f1xx_hal_i2c.o(.text.HAL_I2C_Master_Seq_Transmit_IT) for [Anonymous Symbol]
    stm32f1xx_hal_i2c.o(.text.HAL_I2C_Master_Seq_Transmit_DMA) refers to system_stm32f1xx.o(.data.SystemCoreClock) for SystemCoreClock
    stm32f1xx_hal_i2c.o(.text.HAL_I2C_Master_Seq_Transmit_DMA) refers to stm32f1xx_hal_i2c.o(.text.I2C_DMAXferCplt) for I2C_DMAXferCplt
    stm32f1xx_hal_i2c.o(.text.HAL_I2C_Master_Seq_Transmit_DMA) refers to stm32f1xx_hal_i2c.o(.text.I2C_DMAError) for I2C_DMAError
    stm32f1xx_hal_i2c.o(.text.HAL_I2C_Master_Seq_Transmit_DMA) refers to stm32f1xx_hal_dma.o(.text.HAL_DMA_Start_IT) for HAL_DMA_Start_IT
    stm32f1xx_hal_i2c.o(.ARM.exidx.text.HAL_I2C_Master_Seq_Transmit_DMA) refers to stm32f1xx_hal_i2c.o(.text.HAL_I2C_Master_Seq_Transmit_DMA) for [Anonymous Symbol]
    stm32f1xx_hal_i2c.o(.text.HAL_I2C_Master_Seq_Receive_IT) refers to system_stm32f1xx.o(.data.SystemCoreClock) for SystemCoreClock
    stm32f1xx_hal_i2c.o(.ARM.exidx.text.HAL_I2C_Master_Seq_Receive_IT) refers to stm32f1xx_hal_i2c.o(.text.HAL_I2C_Master_Seq_Receive_IT) for [Anonymous Symbol]
    stm32f1xx_hal_i2c.o(.text.HAL_I2C_Master_Seq_Receive_DMA) refers to system_stm32f1xx.o(.data.SystemCoreClock) for SystemCoreClock
    stm32f1xx_hal_i2c.o(.text.HAL_I2C_Master_Seq_Receive_DMA) refers to stm32f1xx_hal_i2c.o(.text.I2C_DMAXferCplt) for I2C_DMAXferCplt
    stm32f1xx_hal_i2c.o(.text.HAL_I2C_Master_Seq_Receive_DMA) refers to stm32f1xx_hal_i2c.o(.text.I2C_DMAError) for I2C_DMAError
    stm32f1xx_hal_i2c.o(.text.HAL_I2C_Master_Seq_Receive_DMA) refers to stm32f1xx_hal_dma.o(.text.HAL_DMA_Start_IT) for HAL_DMA_Start_IT
    stm32f1xx_hal_i2c.o(.ARM.exidx.text.HAL_I2C_Master_Seq_Receive_DMA) refers to stm32f1xx_hal_i2c.o(.text.HAL_I2C_Master_Seq_Receive_DMA) for [Anonymous Symbol]
    stm32f1xx_hal_i2c.o(.ARM.exidx.text.HAL_I2C_Slave_Seq_Transmit_IT) refers to stm32f1xx_hal_i2c.o(.text.HAL_I2C_Slave_Seq_Transmit_IT) for [Anonymous Symbol]
    stm32f1xx_hal_i2c.o(.text.HAL_I2C_Slave_Seq_Transmit_DMA) refers to stm32f1xx_hal_i2c.o(.text.I2C_DMAAbort) for I2C_DMAAbort
    stm32f1xx_hal_i2c.o(.text.HAL_I2C_Slave_Seq_Transmit_DMA) refers to stm32f1xx_hal_dma.o(.text.HAL_DMA_Abort_IT) for HAL_DMA_Abort_IT
    stm32f1xx_hal_i2c.o(.text.HAL_I2C_Slave_Seq_Transmit_DMA) refers to stm32f1xx_hal_i2c.o(.text.I2C_DMAXferCplt) for I2C_DMAXferCplt
    stm32f1xx_hal_i2c.o(.text.HAL_I2C_Slave_Seq_Transmit_DMA) refers to stm32f1xx_hal_i2c.o(.text.I2C_DMAError) for I2C_DMAError
    stm32f1xx_hal_i2c.o(.text.HAL_I2C_Slave_Seq_Transmit_DMA) refers to stm32f1xx_hal_dma.o(.text.HAL_DMA_Start_IT) for HAL_DMA_Start_IT
    stm32f1xx_hal_i2c.o(.ARM.exidx.text.HAL_I2C_Slave_Seq_Transmit_DMA) refers to stm32f1xx_hal_i2c.o(.text.HAL_I2C_Slave_Seq_Transmit_DMA) for [Anonymous Symbol]
    stm32f1xx_hal_i2c.o(.text.I2C_DMAAbort) refers to system_stm32f1xx.o(.data.SystemCoreClock) for SystemCoreClock
    stm32f1xx_hal_i2c.o(.text.I2C_DMAAbort) refers to stm32f1xx_hal_i2c.o(.text.HAL_I2C_AbortCpltCallback) for HAL_I2C_AbortCpltCallback
    stm32f1xx_hal_i2c.o(.text.I2C_DMAAbort) refers to stm32f1xx_hal_i2c.o(.text.HAL_I2C_ErrorCallback) for HAL_I2C_ErrorCallback
    stm32f1xx_hal_i2c.o(.ARM.exidx.text.I2C_DMAAbort) refers to stm32f1xx_hal_i2c.o(.text.I2C_DMAAbort) for [Anonymous Symbol]
    stm32f1xx_hal_i2c.o(.ARM.exidx.text.HAL_I2C_Slave_Seq_Receive_IT) refers to stm32f1xx_hal_i2c.o(.text.HAL_I2C_Slave_Seq_Receive_IT) for [Anonymous Symbol]
    stm32f1xx_hal_i2c.o(.text.HAL_I2C_Slave_Seq_Receive_DMA) refers to stm32f1xx_hal_i2c.o(.text.I2C_DMAAbort) for I2C_DMAAbort
    stm32f1xx_hal_i2c.o(.text.HAL_I2C_Slave_Seq_Receive_DMA) refers to stm32f1xx_hal_dma.o(.text.HAL_DMA_Abort_IT) for HAL_DMA_Abort_IT
    stm32f1xx_hal_i2c.o(.text.HAL_I2C_Slave_Seq_Receive_DMA) refers to stm32f1xx_hal_i2c.o(.text.I2C_DMAXferCplt) for I2C_DMAXferCplt
    stm32f1xx_hal_i2c.o(.text.HAL_I2C_Slave_Seq_Receive_DMA) refers to stm32f1xx_hal_i2c.o(.text.I2C_DMAError) for I2C_DMAError
    stm32f1xx_hal_i2c.o(.text.HAL_I2C_Slave_Seq_Receive_DMA) refers to stm32f1xx_hal_dma.o(.text.HAL_DMA_Start_IT) for HAL_DMA_Start_IT
    stm32f1xx_hal_i2c.o(.ARM.exidx.text.HAL_I2C_Slave_Seq_Receive_DMA) refers to stm32f1xx_hal_i2c.o(.text.HAL_I2C_Slave_Seq_Receive_DMA) for [Anonymous Symbol]
    stm32f1xx_hal_i2c.o(.ARM.exidx.text.HAL_I2C_EnableListen_IT) refers to stm32f1xx_hal_i2c.o(.text.HAL_I2C_EnableListen_IT) for [Anonymous Symbol]
    stm32f1xx_hal_i2c.o(.ARM.exidx.text.HAL_I2C_DisableListen_IT) refers to stm32f1xx_hal_i2c.o(.text.HAL_I2C_DisableListen_IT) for [Anonymous Symbol]
    stm32f1xx_hal_i2c.o(.text.HAL_I2C_Master_Abort_IT) refers to stm32f1xx_hal_i2c.o(.text.I2C_ITError) for I2C_ITError
    stm32f1xx_hal_i2c.o(.ARM.exidx.text.HAL_I2C_Master_Abort_IT) refers to stm32f1xx_hal_i2c.o(.text.HAL_I2C_Master_Abort_IT) for [Anonymous Symbol]
    stm32f1xx_hal_i2c.o(.text.I2C_ITError) refers to stm32f1xx_hal_i2c.o(.text.I2C_DMAAbort) for I2C_DMAAbort
    stm32f1xx_hal_i2c.o(.text.I2C_ITError) refers to stm32f1xx_hal_dma.o(.text.HAL_DMA_Abort_IT) for HAL_DMA_Abort_IT
    stm32f1xx_hal_i2c.o(.text.I2C_ITError) refers to stm32f1xx_hal_i2c.o(.text.HAL_I2C_AbortCpltCallback) for HAL_I2C_AbortCpltCallback
    stm32f1xx_hal_i2c.o(.text.I2C_ITError) refers to stm32f1xx_hal_i2c.o(.text.HAL_I2C_ListenCpltCallback) for HAL_I2C_ListenCpltCallback
    stm32f1xx_hal_i2c.o(.text.I2C_ITError) refers to stm32f1xx_hal_i2c.o(.text.HAL_I2C_ErrorCallback) for HAL_I2C_ErrorCallback
    stm32f1xx_hal_i2c.o(.ARM.exidx.text.I2C_ITError) refers to stm32f1xx_hal_i2c.o(.text.I2C_ITError) for [Anonymous Symbol]
    stm32f1xx_hal_i2c.o(.text.HAL_I2C_EV_IRQHandler) refers to stm32f1xx_hal_i2c.o(.text.HAL_I2C_AddrCallback) for HAL_I2C_AddrCallback
    stm32f1xx_hal_i2c.o(.text.HAL_I2C_EV_IRQHandler) refers to stm32f1xx_hal_i2c.o(.text.I2C_MasterReceive_RXNE) for I2C_MasterReceive_RXNE
    stm32f1xx_hal_i2c.o(.text.HAL_I2C_EV_IRQHandler) refers to stm32f1xx_hal_i2c.o(.text.HAL_I2C_SlaveTxCpltCallback) for HAL_I2C_SlaveTxCpltCallback
    stm32f1xx_hal_i2c.o(.text.HAL_I2C_EV_IRQHandler) refers to stm32f1xx_hal_i2c.o(.text.I2C_MasterTransmit_TXE) for I2C_MasterTransmit_TXE
    stm32f1xx_hal_i2c.o(.text.HAL_I2C_EV_IRQHandler) refers to stm32f1xx_hal_dma.o(.text.HAL_DMA_GetState) for HAL_DMA_GetState
    stm32f1xx_hal_i2c.o(.text.HAL_I2C_EV_IRQHandler) refers to stm32f1xx_hal_i2c.o(.text.I2C_DMAAbort) for I2C_DMAAbort
    stm32f1xx_hal_i2c.o(.text.HAL_I2C_EV_IRQHandler) refers to stm32f1xx_hal_dma.o(.text.HAL_DMA_Abort_IT) for HAL_DMA_Abort_IT
    stm32f1xx_hal_i2c.o(.text.HAL_I2C_EV_IRQHandler) refers to stm32f1xx_hal_i2c.o(.text.I2C_ITError) for I2C_ITError
    stm32f1xx_hal_i2c.o(.text.HAL_I2C_EV_IRQHandler) refers to stm32f1xx_hal_i2c.o(.text.HAL_I2C_SlaveRxCpltCallback) for HAL_I2C_SlaveRxCpltCallback
    stm32f1xx_hal_i2c.o(.text.HAL_I2C_EV_IRQHandler) refers to stm32f1xx_hal_i2c.o(.text.HAL_I2C_ListenCpltCallback) for HAL_I2C_ListenCpltCallback
    stm32f1xx_hal_i2c.o(.text.HAL_I2C_EV_IRQHandler) refers to stm32f1xx_hal_i2c.o(.text.I2C_MasterReceive_BTF) for I2C_MasterReceive_BTF
    stm32f1xx_hal_i2c.o(.text.HAL_I2C_EV_IRQHandler) refers to stm32f1xx_hal_i2c.o(.text.I2C_MasterTransmit_BTF) for I2C_MasterTransmit_BTF
    stm32f1xx_hal_i2c.o(.text.HAL_I2C_EV_IRQHandler) refers to stm32f1xx_hal_i2c.o(.text.I2C_MemoryTransmit_TXE_BTF) for I2C_MemoryTransmit_TXE_BTF
    stm32f1xx_hal_i2c.o(.ARM.exidx.text.HAL_I2C_EV_IRQHandler) refers to stm32f1xx_hal_i2c.o(.text.HAL_I2C_EV_IRQHandler) for [Anonymous Symbol]
    stm32f1xx_hal_i2c.o(.text.I2C_MasterTransmit_TXE) refers to stm32f1xx_hal_i2c.o(.text.I2C_MemoryTransmit_TXE_BTF) for I2C_MemoryTransmit_TXE_BTF
    stm32f1xx_hal_i2c.o(.text.I2C_MasterTransmit_TXE) refers to stm32f1xx_hal_i2c.o(.text.HAL_I2C_MemTxCpltCallback) for HAL_I2C_MemTxCpltCallback
    stm32f1xx_hal_i2c.o(.text.I2C_MasterTransmit_TXE) refers to stm32f1xx_hal_i2c.o(.text.HAL_I2C_MasterTxCpltCallback) for HAL_I2C_MasterTxCpltCallback
    stm32f1xx_hal_i2c.o(.ARM.exidx.text.I2C_MasterTransmit_TXE) refers to stm32f1xx_hal_i2c.o(.text.I2C_MasterTransmit_TXE) for [Anonymous Symbol]
    stm32f1xx_hal_i2c.o(.text.I2C_MasterTransmit_BTF) refers to stm32f1xx_hal_i2c.o(.text.HAL_I2C_MemTxCpltCallback) for HAL_I2C_MemTxCpltCallback
    stm32f1xx_hal_i2c.o(.text.I2C_MasterTransmit_BTF) refers to stm32f1xx_hal_i2c.o(.text.HAL_I2C_MasterTxCpltCallback) for HAL_I2C_MasterTxCpltCallback
    stm32f1xx_hal_i2c.o(.ARM.exidx.text.I2C_MasterTransmit_BTF) refers to stm32f1xx_hal_i2c.o(.text.I2C_MasterTransmit_BTF) for [Anonymous Symbol]
    stm32f1xx_hal_i2c.o(.text.I2C_MemoryTransmit_TXE_BTF) refers to stm32f1xx_hal_i2c.o(.text.HAL_I2C_MemTxCpltCallback) for HAL_I2C_MemTxCpltCallback
    stm32f1xx_hal_i2c.o(.ARM.exidx.text.I2C_MemoryTransmit_TXE_BTF) refers to stm32f1xx_hal_i2c.o(.text.I2C_MemoryTransmit_TXE_BTF) for [Anonymous Symbol]
    stm32f1xx_hal_i2c.o(.text.I2C_MasterReceive_RXNE) refers to system_stm32f1xx.o(.data.SystemCoreClock) for SystemCoreClock
    stm32f1xx_hal_i2c.o(.text.I2C_MasterReceive_RXNE) refers to stm32f1xx_hal_i2c.o(.text.HAL_I2C_MemRxCpltCallback) for HAL_I2C_MemRxCpltCallback
    stm32f1xx_hal_i2c.o(.text.I2C_MasterReceive_RXNE) refers to stm32f1xx_hal_i2c.o(.text.HAL_I2C_ErrorCallback) for HAL_I2C_ErrorCallback
    stm32f1xx_hal_i2c.o(.text.I2C_MasterReceive_RXNE) refers to stm32f1xx_hal_i2c.o(.text.HAL_I2C_MasterRxCpltCallback) for HAL_I2C_MasterRxCpltCallback
    stm32f1xx_hal_i2c.o(.ARM.exidx.text.I2C_MasterReceive_RXNE) refers to stm32f1xx_hal_i2c.o(.text.I2C_MasterReceive_RXNE) for [Anonymous Symbol]
    stm32f1xx_hal_i2c.o(.text.I2C_MasterReceive_BTF) refers to stm32f1xx_hal_i2c.o(.text.HAL_I2C_MemRxCpltCallback) for HAL_I2C_MemRxCpltCallback
    stm32f1xx_hal_i2c.o(.text.I2C_MasterReceive_BTF) refers to stm32f1xx_hal_i2c.o(.text.HAL_I2C_MasterRxCpltCallback) for HAL_I2C_MasterRxCpltCallback
    stm32f1xx_hal_i2c.o(.ARM.exidx.text.I2C_MasterReceive_BTF) refers to stm32f1xx_hal_i2c.o(.text.I2C_MasterReceive_BTF) for [Anonymous Symbol]
    stm32f1xx_hal_i2c.o(.text.HAL_I2C_ER_IRQHandler) refers to stm32f1xx_hal_i2c.o(.text.I2C_ITError) for I2C_ITError
    stm32f1xx_hal_i2c.o(.text.HAL_I2C_ER_IRQHandler) refers to stm32f1xx_hal_i2c.o(.text.HAL_I2C_SlaveTxCpltCallback) for HAL_I2C_SlaveTxCpltCallback
    stm32f1xx_hal_i2c.o(.text.HAL_I2C_ER_IRQHandler) refers to stm32f1xx_hal_i2c.o(.text.HAL_I2C_ListenCpltCallback) for HAL_I2C_ListenCpltCallback
    stm32f1xx_hal_i2c.o(.ARM.exidx.text.HAL_I2C_ER_IRQHandler) refers to stm32f1xx_hal_i2c.o(.text.HAL_I2C_ER_IRQHandler) for [Anonymous Symbol]
    stm32f1xx_hal_i2c.o(.ARM.exidx.text.HAL_I2C_MasterTxCpltCallback) refers to stm32f1xx_hal_i2c.o(.text.HAL_I2C_MasterTxCpltCallback) for [Anonymous Symbol]
    stm32f1xx_hal_i2c.o(.ARM.exidx.text.HAL_I2C_MasterRxCpltCallback) refers to stm32f1xx_hal_i2c.o(.text.HAL_I2C_MasterRxCpltCallback) for [Anonymous Symbol]
    stm32f1xx_hal_i2c.o(.ARM.exidx.text.HAL_I2C_SlaveTxCpltCallback) refers to stm32f1xx_hal_i2c.o(.text.HAL_I2C_SlaveTxCpltCallback) for [Anonymous Symbol]
    stm32f1xx_hal_i2c.o(.ARM.exidx.text.HAL_I2C_SlaveRxCpltCallback) refers to stm32f1xx_hal_i2c.o(.text.HAL_I2C_SlaveRxCpltCallback) for [Anonymous Symbol]
    stm32f1xx_hal_i2c.o(.ARM.exidx.text.HAL_I2C_AddrCallback) refers to stm32f1xx_hal_i2c.o(.text.HAL_I2C_AddrCallback) for [Anonymous Symbol]
    stm32f1xx_hal_i2c.o(.ARM.exidx.text.HAL_I2C_ListenCpltCallback) refers to stm32f1xx_hal_i2c.o(.text.HAL_I2C_ListenCpltCallback) for [Anonymous Symbol]
    stm32f1xx_hal_i2c.o(.ARM.exidx.text.HAL_I2C_MemTxCpltCallback) refers to stm32f1xx_hal_i2c.o(.text.HAL_I2C_MemTxCpltCallback) for [Anonymous Symbol]
    stm32f1xx_hal_i2c.o(.ARM.exidx.text.HAL_I2C_MemRxCpltCallback) refers to stm32f1xx_hal_i2c.o(.text.HAL_I2C_MemRxCpltCallback) for [Anonymous Symbol]
    stm32f1xx_hal_i2c.o(.ARM.exidx.text.HAL_I2C_ErrorCallback) refers to stm32f1xx_hal_i2c.o(.text.HAL_I2C_ErrorCallback) for [Anonymous Symbol]
    stm32f1xx_hal_i2c.o(.ARM.exidx.text.HAL_I2C_AbortCpltCallback) refers to stm32f1xx_hal_i2c.o(.text.HAL_I2C_AbortCpltCallback) for [Anonymous Symbol]
    stm32f1xx_hal_i2c.o(.ARM.exidx.text.HAL_I2C_GetState) refers to stm32f1xx_hal_i2c.o(.text.HAL_I2C_GetState) for [Anonymous Symbol]
    stm32f1xx_hal_i2c.o(.ARM.exidx.text.HAL_I2C_GetMode) refers to stm32f1xx_hal_i2c.o(.text.HAL_I2C_GetMode) for [Anonymous Symbol]
    stm32f1xx_hal_i2c.o(.ARM.exidx.text.HAL_I2C_GetError) refers to stm32f1xx_hal_i2c.o(.text.HAL_I2C_GetError) for [Anonymous Symbol]
    stm32f1xx_hal_i2c.o(.text.I2C_WaitOnMasterAddressFlagUntilTimeout) refers to stm32f1xx_hal.o(.text.HAL_GetTick) for HAL_GetTick
    stm32f1xx_hal_i2c.o(.ARM.exidx.text.I2C_WaitOnMasterAddressFlagUntilTimeout) refers to stm32f1xx_hal_i2c.o(.text.I2C_WaitOnMasterAddressFlagUntilTimeout) for [Anonymous Symbol]
    stm32f1xx_hal_iwdg.o(.text.HAL_IWDG_Init) refers to stm32f1xx_hal.o(.text.HAL_GetTick) for HAL_GetTick
    stm32f1xx_hal_iwdg.o(.ARM.exidx.text.HAL_IWDG_Init) refers to stm32f1xx_hal_iwdg.o(.text.HAL_IWDG_Init) for [Anonymous Symbol]
    stm32f1xx_hal_iwdg.o(.ARM.exidx.text.HAL_IWDG_Refresh) refers to stm32f1xx_hal_iwdg.o(.text.HAL_IWDG_Refresh) for [Anonymous Symbol]
    stm32f1xx_hal_tim.o(.text.HAL_TIM_Base_Init) refers to stm32f1xx_hal_msp.o(.text.HAL_TIM_Base_MspInit) for HAL_TIM_Base_MspInit
    stm32f1xx_hal_tim.o(.ARM.exidx.text.HAL_TIM_Base_Init) refers to stm32f1xx_hal_tim.o(.text.HAL_TIM_Base_Init) for [Anonymous Symbol]
    stm32f1xx_hal_tim.o(.ARM.exidx.text.HAL_TIM_Base_MspInit) refers to stm32f1xx_hal_tim.o(.text.HAL_TIM_Base_MspInit) for [Anonymous Symbol]
    stm32f1xx_hal_tim.o(.ARM.exidx.text.TIM_Base_SetConfig) refers to stm32f1xx_hal_tim.o(.text.TIM_Base_SetConfig) for [Anonymous Symbol]
    stm32f1xx_hal_tim.o(.text.HAL_TIM_Base_DeInit) refers to stm32f1xx_hal_msp.o(.text.HAL_TIM_Base_MspDeInit) for HAL_TIM_Base_MspDeInit
    stm32f1xx_hal_tim.o(.ARM.exidx.text.HAL_TIM_Base_DeInit) refers to stm32f1xx_hal_tim.o(.text.HAL_TIM_Base_DeInit) for [Anonymous Symbol]
    stm32f1xx_hal_tim.o(.ARM.exidx.text.HAL_TIM_Base_MspDeInit) refers to stm32f1xx_hal_tim.o(.text.HAL_TIM_Base_MspDeInit) for [Anonymous Symbol]
    stm32f1xx_hal_tim.o(.ARM.exidx.text.HAL_TIM_Base_Start) refers to stm32f1xx_hal_tim.o(.text.HAL_TIM_Base_Start) for [Anonymous Symbol]
    stm32f1xx_hal_tim.o(.ARM.exidx.text.HAL_TIM_Base_Stop) refers to stm32f1xx_hal_tim.o(.text.HAL_TIM_Base_Stop) for [Anonymous Symbol]
    stm32f1xx_hal_tim.o(.ARM.exidx.text.HAL_TIM_Base_Start_IT) refers to stm32f1xx_hal_tim.o(.text.HAL_TIM_Base_Start_IT) for [Anonymous Symbol]
    stm32f1xx_hal_tim.o(.ARM.exidx.text.HAL_TIM_Base_Stop_IT) refers to stm32f1xx_hal_tim.o(.text.HAL_TIM_Base_Stop_IT) for [Anonymous Symbol]
    stm32f1xx_hal_tim.o(.text.HAL_TIM_Base_Start_DMA) refers to stm32f1xx_hal_tim.o(.text.TIM_DMAPeriodElapsedCplt) for TIM_DMAPeriodElapsedCplt
    stm32f1xx_hal_tim.o(.text.HAL_TIM_Base_Start_DMA) refers to stm32f1xx_hal_tim.o(.text.TIM_DMAPeriodElapsedHalfCplt) for TIM_DMAPeriodElapsedHalfCplt
    stm32f1xx_hal_tim.o(.text.HAL_TIM_Base_Start_DMA) refers to stm32f1xx_hal_tim.o(.text.TIM_DMAError) for TIM_DMAError
    stm32f1xx_hal_tim.o(.text.HAL_TIM_Base_Start_DMA) refers to stm32f1xx_hal_dma.o(.text.HAL_DMA_Start_IT) for HAL_DMA_Start_IT
    stm32f1xx_hal_tim.o(.ARM.exidx.text.HAL_TIM_Base_Start_DMA) refers to stm32f1xx_hal_tim.o(.text.HAL_TIM_Base_Start_DMA) for [Anonymous Symbol]
    stm32f1xx_hal_tim.o(.text.TIM_DMAPeriodElapsedCplt) refers to main.o(.text.HAL_TIM_PeriodElapsedCallback) for HAL_TIM_PeriodElapsedCallback
    stm32f1xx_hal_tim.o(.ARM.exidx.text.TIM_DMAPeriodElapsedCplt) refers to stm32f1xx_hal_tim.o(.text.TIM_DMAPeriodElapsedCplt) for [Anonymous Symbol]
    stm32f1xx_hal_tim.o(.text.TIM_DMAPeriodElapsedHalfCplt) refers to stm32f1xx_hal_tim.o(.text.HAL_TIM_PeriodElapsedHalfCpltCallback) for HAL_TIM_PeriodElapsedHalfCpltCallback
    stm32f1xx_hal_tim.o(.ARM.exidx.text.TIM_DMAPeriodElapsedHalfCplt) refers to stm32f1xx_hal_tim.o(.text.TIM_DMAPeriodElapsedHalfCplt) for [Anonymous Symbol]
    stm32f1xx_hal_tim.o(.text.TIM_DMAError) refers to stm32f1xx_hal_tim.o(.text.HAL_TIM_ErrorCallback) for HAL_TIM_ErrorCallback
    stm32f1xx_hal_tim.o(.ARM.exidx.text.TIM_DMAError) refers to stm32f1xx_hal_tim.o(.text.TIM_DMAError) for [Anonymous Symbol]
    stm32f1xx_hal_tim.o(.text.HAL_TIM_Base_Stop_DMA) refers to stm32f1xx_hal_dma.o(.text.HAL_DMA_Abort_IT) for HAL_DMA_Abort_IT
    stm32f1xx_hal_tim.o(.ARM.exidx.text.HAL_TIM_Base_Stop_DMA) refers to stm32f1xx_hal_tim.o(.text.HAL_TIM_Base_Stop_DMA) for [Anonymous Symbol]
    stm32f1xx_hal_tim.o(.text.HAL_TIM_OC_Init) refers to stm32f1xx_hal_tim.o(.text.HAL_TIM_OC_MspInit) for HAL_TIM_OC_MspInit
    stm32f1xx_hal_tim.o(.ARM.exidx.text.HAL_TIM_OC_Init) refers to stm32f1xx_hal_tim.o(.text.HAL_TIM_OC_Init) for [Anonymous Symbol]
    stm32f1xx_hal_tim.o(.ARM.exidx.text.HAL_TIM_OC_MspInit) refers to stm32f1xx_hal_tim.o(.text.HAL_TIM_OC_MspInit) for [Anonymous Symbol]
    stm32f1xx_hal_tim.o(.text.HAL_TIM_OC_DeInit) refers to stm32f1xx_hal_tim.o(.text.HAL_TIM_OC_MspDeInit) for HAL_TIM_OC_MspDeInit
    stm32f1xx_hal_tim.o(.ARM.exidx.text.HAL_TIM_OC_DeInit) refers to stm32f1xx_hal_tim.o(.text.HAL_TIM_OC_DeInit) for [Anonymous Symbol]
    stm32f1xx_hal_tim.o(.ARM.exidx.text.HAL_TIM_OC_MspDeInit) refers to stm32f1xx_hal_tim.o(.text.HAL_TIM_OC_MspDeInit) for [Anonymous Symbol]
    stm32f1xx_hal_tim.o(.ARM.exidx.text.HAL_TIM_OC_Start) refers to stm32f1xx_hal_tim.o(.text.HAL_TIM_OC_Start) for [Anonymous Symbol]
    stm32f1xx_hal_tim.o(.ARM.exidx.text.TIM_CCxChannelCmd) refers to stm32f1xx_hal_tim.o(.text.TIM_CCxChannelCmd) for [Anonymous Symbol]
    stm32f1xx_hal_tim.o(.ARM.exidx.text.HAL_TIM_OC_Stop) refers to stm32f1xx_hal_tim.o(.text.HAL_TIM_OC_Stop) for [Anonymous Symbol]
    stm32f1xx_hal_tim.o(.text.HAL_TIM_OC_Start_IT) refers to stm32f1xx_hal_tim.o(.rodata.cst16) for .Lswitch.table.HAL_TIM_IC_Start_IT
    stm32f1xx_hal_tim.o(.ARM.exidx.text.HAL_TIM_OC_Start_IT) refers to stm32f1xx_hal_tim.o(.text.HAL_TIM_OC_Start_IT) for [Anonymous Symbol]
    stm32f1xx_hal_tim.o(.text.HAL_TIM_OC_Stop_IT) refers to stm32f1xx_hal_tim.o(.rodata.cst16) for .Lswitch.table.HAL_TIM_IC_Stop_IT
    stm32f1xx_hal_tim.o(.ARM.exidx.text.HAL_TIM_OC_Stop_IT) refers to stm32f1xx_hal_tim.o(.text.HAL_TIM_OC_Stop_IT) for [Anonymous Symbol]
    stm32f1xx_hal_tim.o(.text.HAL_TIM_OC_Start_DMA) refers to stm32f1xx_hal_tim.o(.text.TIM_DMADelayPulseCplt) for TIM_DMADelayPulseCplt
    stm32f1xx_hal_tim.o(.text.HAL_TIM_OC_Start_DMA) refers to stm32f1xx_hal_tim.o(.text.TIM_DMADelayPulseHalfCplt) for TIM_DMADelayPulseHalfCplt
    stm32f1xx_hal_tim.o(.text.HAL_TIM_OC_Start_DMA) refers to stm32f1xx_hal_tim.o(.text.TIM_DMAError) for TIM_DMAError
    stm32f1xx_hal_tim.o(.text.HAL_TIM_OC_Start_DMA) refers to stm32f1xx_hal_dma.o(.text.HAL_DMA_Start_IT) for HAL_DMA_Start_IT
    stm32f1xx_hal_tim.o(.ARM.exidx.text.HAL_TIM_OC_Start_DMA) refers to stm32f1xx_hal_tim.o(.text.HAL_TIM_OC_Start_DMA) for [Anonymous Symbol]
    stm32f1xx_hal_tim.o(.text.TIM_DMADelayPulseCplt) refers to stm32f1xx_hal_tim.o(.text.HAL_TIM_PWM_PulseFinishedCallback) for HAL_TIM_PWM_PulseFinishedCallback
    stm32f1xx_hal_tim.o(.ARM.exidx.text.TIM_DMADelayPulseCplt) refers to stm32f1xx_hal_tim.o(.text.TIM_DMADelayPulseCplt) for [Anonymous Symbol]
    stm32f1xx_hal_tim.o(.text.TIM_DMADelayPulseHalfCplt) refers to stm32f1xx_hal_tim.o(.text.HAL_TIM_PWM_PulseFinishedHalfCpltCallback) for HAL_TIM_PWM_PulseFinishedHalfCpltCallback
    stm32f1xx_hal_tim.o(.ARM.exidx.text.TIM_DMADelayPulseHalfCplt) refers to stm32f1xx_hal_tim.o(.text.TIM_DMADelayPulseHalfCplt) for [Anonymous Symbol]
    stm32f1xx_hal_tim.o(.text.HAL_TIM_OC_Stop_DMA) refers to stm32f1xx_hal_dma.o(.text.HAL_DMA_Abort_IT) for HAL_DMA_Abort_IT
    stm32f1xx_hal_tim.o(.ARM.exidx.text.HAL_TIM_OC_Stop_DMA) refers to stm32f1xx_hal_tim.o(.text.HAL_TIM_OC_Stop_DMA) for [Anonymous Symbol]
    stm32f1xx_hal_tim.o(.text.HAL_TIM_PWM_Init) refers to stm32f1xx_hal_tim.o(.text.HAL_TIM_PWM_MspInit) for HAL_TIM_PWM_MspInit
    stm32f1xx_hal_tim.o(.ARM.exidx.text.HAL_TIM_PWM_Init) refers to stm32f1xx_hal_tim.o(.text.HAL_TIM_PWM_Init) for [Anonymous Symbol]
    stm32f1xx_hal_tim.o(.ARM.exidx.text.HAL_TIM_PWM_MspInit) refers to stm32f1xx_hal_tim.o(.text.HAL_TIM_PWM_MspInit) for [Anonymous Symbol]
    stm32f1xx_hal_tim.o(.text.HAL_TIM_PWM_DeInit) refers to stm32f1xx_hal_tim.o(.text.HAL_TIM_PWM_MspDeInit) for HAL_TIM_PWM_MspDeInit
    stm32f1xx_hal_tim.o(.ARM.exidx.text.HAL_TIM_PWM_DeInit) refers to stm32f1xx_hal_tim.o(.text.HAL_TIM_PWM_DeInit) for [Anonymous Symbol]
    stm32f1xx_hal_tim.o(.ARM.exidx.text.HAL_TIM_PWM_MspDeInit) refers to stm32f1xx_hal_tim.o(.text.HAL_TIM_PWM_MspDeInit) for [Anonymous Symbol]
    stm32f1xx_hal_tim.o(.ARM.exidx.text.HAL_TIM_PWM_Start) refers to stm32f1xx_hal_tim.o(.text.HAL_TIM_PWM_Start) for [Anonymous Symbol]
    stm32f1xx_hal_tim.o(.ARM.exidx.text.HAL_TIM_PWM_Stop) refers to stm32f1xx_hal_tim.o(.text.HAL_TIM_PWM_Stop) for [Anonymous Symbol]
    stm32f1xx_hal_tim.o(.text.HAL_TIM_PWM_Start_IT) refers to stm32f1xx_hal_tim.o(.rodata.cst16) for .Lswitch.table.HAL_TIM_IC_Start_IT
    stm32f1xx_hal_tim.o(.ARM.exidx.text.HAL_TIM_PWM_Start_IT) refers to stm32f1xx_hal_tim.o(.text.HAL_TIM_PWM_Start_IT) for [Anonymous Symbol]
    stm32f1xx_hal_tim.o(.text.HAL_TIM_PWM_Stop_IT) refers to stm32f1xx_hal_tim.o(.rodata.cst16) for .Lswitch.table.HAL_TIM_IC_Stop_IT
    stm32f1xx_hal_tim.o(.ARM.exidx.text.HAL_TIM_PWM_Stop_IT) refers to stm32f1xx_hal_tim.o(.text.HAL_TIM_PWM_Stop_IT) for [Anonymous Symbol]
    stm32f1xx_hal_tim.o(.text.HAL_TIM_PWM_Start_DMA) refers to stm32f1xx_hal_tim.o(.text.TIM_DMADelayPulseCplt) for TIM_DMADelayPulseCplt
    stm32f1xx_hal_tim.o(.text.HAL_TIM_PWM_Start_DMA) refers to stm32f1xx_hal_tim.o(.text.TIM_DMADelayPulseHalfCplt) for TIM_DMADelayPulseHalfCplt
    stm32f1xx_hal_tim.o(.text.HAL_TIM_PWM_Start_DMA) refers to stm32f1xx_hal_tim.o(.text.TIM_DMAError) for TIM_DMAError
    stm32f1xx_hal_tim.o(.text.HAL_TIM_PWM_Start_DMA) refers to stm32f1xx_hal_dma.o(.text.HAL_DMA_Start_IT) for HAL_DMA_Start_IT
    stm32f1xx_hal_tim.o(.ARM.exidx.text.HAL_TIM_PWM_Start_DMA) refers to stm32f1xx_hal_tim.o(.text.HAL_TIM_PWM_Start_DMA) for [Anonymous Symbol]
    stm32f1xx_hal_tim.o(.text.HAL_TIM_PWM_Stop_DMA) refers to stm32f1xx_hal_dma.o(.text.HAL_DMA_Abort_IT) for HAL_DMA_Abort_IT
    stm32f1xx_hal_tim.o(.ARM.exidx.text.HAL_TIM_PWM_Stop_DMA) refers to stm32f1xx_hal_tim.o(.text.HAL_TIM_PWM_Stop_DMA) for [Anonymous Symbol]
    stm32f1xx_hal_tim.o(.text.HAL_TIM_IC_Init) refers to stm32f1xx_hal_tim.o(.text.HAL_TIM_IC_MspInit) for HAL_TIM_IC_MspInit
    stm32f1xx_hal_tim.o(.ARM.exidx.text.HAL_TIM_IC_Init) refers to stm32f1xx_hal_tim.o(.text.HAL_TIM_IC_Init) for [Anonymous Symbol]
    stm32f1xx_hal_tim.o(.ARM.exidx.text.HAL_TIM_IC_MspInit) refers to stm32f1xx_hal_tim.o(.text.HAL_TIM_IC_MspInit) for [Anonymous Symbol]
    stm32f1xx_hal_tim.o(.text.HAL_TIM_IC_DeInit) refers to stm32f1xx_hal_tim.o(.text.HAL_TIM_IC_MspDeInit) for HAL_TIM_IC_MspDeInit
    stm32f1xx_hal_tim.o(.ARM.exidx.text.HAL_TIM_IC_DeInit) refers to stm32f1xx_hal_tim.o(.text.HAL_TIM_IC_DeInit) for [Anonymous Symbol]
    stm32f1xx_hal_tim.o(.ARM.exidx.text.HAL_TIM_IC_MspDeInit) refers to stm32f1xx_hal_tim.o(.text.HAL_TIM_IC_MspDeInit) for [Anonymous Symbol]
    stm32f1xx_hal_tim.o(.ARM.exidx.text.HAL_TIM_IC_Start) refers to stm32f1xx_hal_tim.o(.text.HAL_TIM_IC_Start) for [Anonymous Symbol]
    stm32f1xx_hal_tim.o(.ARM.exidx.text.HAL_TIM_IC_Stop) refers to stm32f1xx_hal_tim.o(.text.HAL_TIM_IC_Stop) for [Anonymous Symbol]
    stm32f1xx_hal_tim.o(.text.HAL_TIM_IC_Start_IT) refers to stm32f1xx_hal_tim.o(.rodata.cst16) for .Lswitch.table.HAL_TIM_IC_Start_IT
    stm32f1xx_hal_tim.o(.ARM.exidx.text.HAL_TIM_IC_Start_IT) refers to stm32f1xx_hal_tim.o(.text.HAL_TIM_IC_Start_IT) for [Anonymous Symbol]
    stm32f1xx_hal_tim.o(.text.HAL_TIM_IC_Stop_IT) refers to stm32f1xx_hal_tim.o(.rodata.cst16) for .Lswitch.table.HAL_TIM_IC_Stop_IT
    stm32f1xx_hal_tim.o(.ARM.exidx.text.HAL_TIM_IC_Stop_IT) refers to stm32f1xx_hal_tim.o(.text.HAL_TIM_IC_Stop_IT) for [Anonymous Symbol]
    stm32f1xx_hal_tim.o(.text.HAL_TIM_IC_Start_DMA) refers to stm32f1xx_hal_tim.o(.text.TIM_DMACaptureCplt) for TIM_DMACaptureCplt
    stm32f1xx_hal_tim.o(.text.HAL_TIM_IC_Start_DMA) refers to stm32f1xx_hal_tim.o(.text.TIM_DMACaptureHalfCplt) for TIM_DMACaptureHalfCplt
    stm32f1xx_hal_tim.o(.text.HAL_TIM_IC_Start_DMA) refers to stm32f1xx_hal_tim.o(.text.TIM_DMAError) for TIM_DMAError
    stm32f1xx_hal_tim.o(.text.HAL_TIM_IC_Start_DMA) refers to stm32f1xx_hal_dma.o(.text.HAL_DMA_Start_IT) for HAL_DMA_Start_IT
    stm32f1xx_hal_tim.o(.ARM.exidx.text.HAL_TIM_IC_Start_DMA) refers to stm32f1xx_hal_tim.o(.text.HAL_TIM_IC_Start_DMA) for [Anonymous Symbol]
    stm32f1xx_hal_tim.o(.text.TIM_DMACaptureCplt) refers to stm32f1xx_hal_tim.o(.text.HAL_TIM_IC_CaptureCallback) for HAL_TIM_IC_CaptureCallback
    stm32f1xx_hal_tim.o(.ARM.exidx.text.TIM_DMACaptureCplt) refers to stm32f1xx_hal_tim.o(.text.TIM_DMACaptureCplt) for [Anonymous Symbol]
    stm32f1xx_hal_tim.o(.text.TIM_DMACaptureHalfCplt) refers to stm32f1xx_hal_tim.o(.text.HAL_TIM_IC_CaptureHalfCpltCallback) for HAL_TIM_IC_CaptureHalfCpltCallback
    stm32f1xx_hal_tim.o(.ARM.exidx.text.TIM_DMACaptureHalfCplt) refers to stm32f1xx_hal_tim.o(.text.TIM_DMACaptureHalfCplt) for [Anonymous Symbol]
    stm32f1xx_hal_tim.o(.text.HAL_TIM_IC_Stop_DMA) refers to stm32f1xx_hal_dma.o(.text.HAL_DMA_Abort_IT) for HAL_DMA_Abort_IT
    stm32f1xx_hal_tim.o(.ARM.exidx.text.HAL_TIM_IC_Stop_DMA) refers to stm32f1xx_hal_tim.o(.text.HAL_TIM_IC_Stop_DMA) for [Anonymous Symbol]
    stm32f1xx_hal_tim.o(.text.HAL_TIM_OnePulse_Init) refers to stm32f1xx_hal_tim.o(.text.HAL_TIM_OnePulse_MspInit) for HAL_TIM_OnePulse_MspInit
    stm32f1xx_hal_tim.o(.ARM.exidx.text.HAL_TIM_OnePulse_Init) refers to stm32f1xx_hal_tim.o(.text.HAL_TIM_OnePulse_Init) for [Anonymous Symbol]
    stm32f1xx_hal_tim.o(.ARM.exidx.text.HAL_TIM_OnePulse_MspInit) refers to stm32f1xx_hal_tim.o(.text.HAL_TIM_OnePulse_MspInit) for [Anonymous Symbol]
    stm32f1xx_hal_tim.o(.text.HAL_TIM_OnePulse_DeInit) refers to stm32f1xx_hal_tim.o(.text.HAL_TIM_OnePulse_MspDeInit) for HAL_TIM_OnePulse_MspDeInit
    stm32f1xx_hal_tim.o(.ARM.exidx.text.HAL_TIM_OnePulse_DeInit) refers to stm32f1xx_hal_tim.o(.text.HAL_TIM_OnePulse_DeInit) for [Anonymous Symbol]
    stm32f1xx_hal_tim.o(.ARM.exidx.text.HAL_TIM_OnePulse_MspDeInit) refers to stm32f1xx_hal_tim.o(.text.HAL_TIM_OnePulse_MspDeInit) for [Anonymous Symbol]
    stm32f1xx_hal_tim.o(.ARM.exidx.text.HAL_TIM_OnePulse_Start) refers to stm32f1xx_hal_tim.o(.text.HAL_TIM_OnePulse_Start) for [Anonymous Symbol]
    stm32f1xx_hal_tim.o(.ARM.exidx.text.HAL_TIM_OnePulse_Stop) refers to stm32f1xx_hal_tim.o(.text.HAL_TIM_OnePulse_Stop) for [Anonymous Symbol]
    stm32f1xx_hal_tim.o(.ARM.exidx.text.HAL_TIM_OnePulse_Start_IT) refers to stm32f1xx_hal_tim.o(.text.HAL_TIM_OnePulse_Start_IT) for [Anonymous Symbol]
    stm32f1xx_hal_tim.o(.ARM.exidx.text.HAL_TIM_OnePulse_Stop_IT) refers to stm32f1xx_hal_tim.o(.text.HAL_TIM_OnePulse_Stop_IT) for [Anonymous Symbol]
    stm32f1xx_hal_tim.o(.text.HAL_TIM_Encoder_Init) refers to stm32f1xx_hal_tim.o(.text.HAL_TIM_Encoder_MspInit) for HAL_TIM_Encoder_MspInit
    stm32f1xx_hal_tim.o(.ARM.exidx.text.HAL_TIM_Encoder_Init) refers to stm32f1xx_hal_tim.o(.text.HAL_TIM_Encoder_Init) for [Anonymous Symbol]
    stm32f1xx_hal_tim.o(.ARM.exidx.text.HAL_TIM_Encoder_MspInit) refers to stm32f1xx_hal_tim.o(.text.HAL_TIM_Encoder_MspInit) for [Anonymous Symbol]
    stm32f1xx_hal_tim.o(.text.HAL_TIM_Encoder_DeInit) refers to stm32f1xx_hal_tim.o(.text.HAL_TIM_Encoder_MspDeInit) for HAL_TIM_Encoder_MspDeInit
    stm32f1xx_hal_tim.o(.ARM.exidx.text.HAL_TIM_Encoder_DeInit) refers to stm32f1xx_hal_tim.o(.text.HAL_TIM_Encoder_DeInit) for [Anonymous Symbol]
    stm32f1xx_hal_tim.o(.ARM.exidx.text.HAL_TIM_Encoder_MspDeInit) refers to stm32f1xx_hal_tim.o(.text.HAL_TIM_Encoder_MspDeInit) for [Anonymous Symbol]
    stm32f1xx_hal_tim.o(.ARM.exidx.text.HAL_TIM_Encoder_Start) refers to stm32f1xx_hal_tim.o(.text.HAL_TIM_Encoder_Start) for [Anonymous Symbol]
    stm32f1xx_hal_tim.o(.ARM.exidx.text.HAL_TIM_Encoder_Stop) refers to stm32f1xx_hal_tim.o(.text.HAL_TIM_Encoder_Stop) for [Anonymous Symbol]
    stm32f1xx_hal_tim.o(.ARM.exidx.text.HAL_TIM_Encoder_Start_IT) refers to stm32f1xx_hal_tim.o(.text.HAL_TIM_Encoder_Start_IT) for [Anonymous Symbol]
    stm32f1xx_hal_tim.o(.ARM.exidx.text.HAL_TIM_Encoder_Stop_IT) refers to stm32f1xx_hal_tim.o(.text.HAL_TIM_Encoder_Stop_IT) for [Anonymous Symbol]
    stm32f1xx_hal_tim.o(.text.HAL_TIM_Encoder_Start_DMA) refers to stm32f1xx_hal_tim.o(.text.TIM_DMACaptureCplt) for TIM_DMACaptureCplt
    stm32f1xx_hal_tim.o(.text.HAL_TIM_Encoder_Start_DMA) refers to stm32f1xx_hal_tim.o(.text.TIM_DMACaptureHalfCplt) for TIM_DMACaptureHalfCplt
    stm32f1xx_hal_tim.o(.text.HAL_TIM_Encoder_Start_DMA) refers to stm32f1xx_hal_tim.o(.text.TIM_DMAError) for TIM_DMAError
    stm32f1xx_hal_tim.o(.text.HAL_TIM_Encoder_Start_DMA) refers to stm32f1xx_hal_dma.o(.text.HAL_DMA_Start_IT) for HAL_DMA_Start_IT
    stm32f1xx_hal_tim.o(.ARM.exidx.text.HAL_TIM_Encoder_Start_DMA) refers to stm32f1xx_hal_tim.o(.text.HAL_TIM_Encoder_Start_DMA) for [Anonymous Symbol]
    stm32f1xx_hal_tim.o(.text.HAL_TIM_Encoder_Stop_DMA) refers to stm32f1xx_hal_dma.o(.text.HAL_DMA_Abort_IT) for HAL_DMA_Abort_IT
    stm32f1xx_hal_tim.o(.ARM.exidx.text.HAL_TIM_Encoder_Stop_DMA) refers to stm32f1xx_hal_tim.o(.text.HAL_TIM_Encoder_Stop_DMA) for [Anonymous Symbol]
    stm32f1xx_hal_tim.o(.text.HAL_TIM_IRQHandler) refers to stm32f1xx_hal_tim.o(.text.HAL_TIM_IC_CaptureCallback) for HAL_TIM_IC_CaptureCallback
    stm32f1xx_hal_tim.o(.text.HAL_TIM_IRQHandler) refers to stm32f1xx_hal_tim.o(.text.HAL_TIM_OC_DelayElapsedCallback) for HAL_TIM_OC_DelayElapsedCallback
    stm32f1xx_hal_tim.o(.text.HAL_TIM_IRQHandler) refers to stm32f1xx_hal_tim.o(.text.HAL_TIM_PWM_PulseFinishedCallback) for HAL_TIM_PWM_PulseFinishedCallback
    stm32f1xx_hal_tim.o(.text.HAL_TIM_IRQHandler) refers to main.o(.text.HAL_TIM_PeriodElapsedCallback) for HAL_TIM_PeriodElapsedCallback
    stm32f1xx_hal_tim.o(.text.HAL_TIM_IRQHandler) refers to stm32f1xx_hal_tim_ex.o(.text.HAL_TIMEx_BreakCallback) for HAL_TIMEx_BreakCallback
    stm32f1xx_hal_tim.o(.text.HAL_TIM_IRQHandler) refers to stm32f1xx_hal_tim.o(.text.HAL_TIM_TriggerCallback) for HAL_TIM_TriggerCallback
    stm32f1xx_hal_tim.o(.text.HAL_TIM_IRQHandler) refers to stm32f1xx_hal_tim_ex.o(.text.HAL_TIMEx_CommutCallback) for HAL_TIMEx_CommutCallback
    stm32f1xx_hal_tim.o(.ARM.exidx.text.HAL_TIM_IRQHandler) refers to stm32f1xx_hal_tim.o(.text.HAL_TIM_IRQHandler) for [Anonymous Symbol]
    stm32f1xx_hal_tim.o(.ARM.exidx.text.HAL_TIM_IC_CaptureCallback) refers to stm32f1xx_hal_tim.o(.text.HAL_TIM_IC_CaptureCallback) for [Anonymous Symbol]
    stm32f1xx_hal_tim.o(.ARM.exidx.text.HAL_TIM_OC_DelayElapsedCallback) refers to stm32f1xx_hal_tim.o(.text.HAL_TIM_OC_DelayElapsedCallback) for [Anonymous Symbol]
    stm32f1xx_hal_tim.o(.ARM.exidx.text.HAL_TIM_PWM_PulseFinishedCallback) refers to stm32f1xx_hal_tim.o(.text.HAL_TIM_PWM_PulseFinishedCallback) for [Anonymous Symbol]
    stm32f1xx_hal_tim.o(.ARM.exidx.text.HAL_TIM_PeriodElapsedCallback) refers to stm32f1xx_hal_tim.o(.text.HAL_TIM_PeriodElapsedCallback) for [Anonymous Symbol]
    stm32f1xx_hal_tim.o(.ARM.exidx.text.HAL_TIM_TriggerCallback) refers to stm32f1xx_hal_tim.o(.text.HAL_TIM_TriggerCallback) for [Anonymous Symbol]
    stm32f1xx_hal_tim.o(.ARM.exidx.text.HAL_TIM_OC_ConfigChannel) refers to stm32f1xx_hal_tim.o(.text.HAL_TIM_OC_ConfigChannel) for [Anonymous Symbol]
    stm32f1xx_hal_tim.o(.ARM.exidx.text.TIM_OC2_SetConfig) refers to stm32f1xx_hal_tim.o(.text.TIM_OC2_SetConfig) for [Anonymous Symbol]
    stm32f1xx_hal_tim.o(.ARM.exidx.text.HAL_TIM_IC_ConfigChannel) refers to stm32f1xx_hal_tim.o(.text.HAL_TIM_IC_ConfigChannel) for [Anonymous Symbol]
    stm32f1xx_hal_tim.o(.ARM.exidx.text.TIM_TI1_SetConfig) refers to stm32f1xx_hal_tim.o(.text.TIM_TI1_SetConfig) for [Anonymous Symbol]
    stm32f1xx_hal_tim.o(.ARM.exidx.text.HAL_TIM_PWM_ConfigChannel) refers to stm32f1xx_hal_tim.o(.text.HAL_TIM_PWM_ConfigChannel) for [Anonymous Symbol]
    stm32f1xx_hal_tim.o(.ARM.exidx.text.HAL_TIM_OnePulse_ConfigChannel) refers to stm32f1xx_hal_tim.o(.text.HAL_TIM_OnePulse_ConfigChannel) for [Anonymous Symbol]
    stm32f1xx_hal_tim.o(.text.HAL_TIM_DMABurst_WriteStart) refers to stm32f1xx_hal_tim.o(.text.HAL_TIM_DMABurst_MultiWriteStart) for HAL_TIM_DMABurst_MultiWriteStart
    stm32f1xx_hal_tim.o(.ARM.exidx.text.HAL_TIM_DMABurst_WriteStart) refers to stm32f1xx_hal_tim.o(.text.HAL_TIM_DMABurst_WriteStart) for [Anonymous Symbol]
    stm32f1xx_hal_tim.o(.text.HAL_TIM_DMABurst_MultiWriteStart) refers to stm32f1xx_hal_tim.o(.text.TIM_DMADelayPulseCplt) for TIM_DMADelayPulseCplt
    stm32f1xx_hal_tim.o(.text.HAL_TIM_DMABurst_MultiWriteStart) refers to stm32f1xx_hal_tim.o(.text.TIM_DMADelayPulseHalfCplt) for TIM_DMADelayPulseHalfCplt
    stm32f1xx_hal_tim.o(.text.HAL_TIM_DMABurst_MultiWriteStart) refers to stm32f1xx_hal_tim.o(.text.TIM_DMAError) for TIM_DMAError
    stm32f1xx_hal_tim.o(.text.HAL_TIM_DMABurst_MultiWriteStart) refers to stm32f1xx_hal_tim.o(.text.TIM_DMATriggerCplt) for TIM_DMATriggerCplt
    stm32f1xx_hal_tim.o(.text.HAL_TIM_DMABurst_MultiWriteStart) refers to stm32f1xx_hal_tim.o(.text.TIM_DMATriggerHalfCplt) for TIM_DMATriggerHalfCplt
    stm32f1xx_hal_tim.o(.text.HAL_TIM_DMABurst_MultiWriteStart) refers to stm32f1xx_hal_tim.o(.text.TIM_DMAPeriodElapsedCplt) for TIM_DMAPeriodElapsedCplt
    stm32f1xx_hal_tim.o(.text.HAL_TIM_DMABurst_MultiWriteStart) refers to stm32f1xx_hal_tim.o(.text.TIM_DMAPeriodElapsedHalfCplt) for TIM_DMAPeriodElapsedHalfCplt
    stm32f1xx_hal_tim.o(.text.HAL_TIM_DMABurst_MultiWriteStart) refers to stm32f1xx_hal_tim_ex.o(.text.TIMEx_DMACommutationCplt) for TIMEx_DMACommutationCplt
    stm32f1xx_hal_tim.o(.text.HAL_TIM_DMABurst_MultiWriteStart) refers to stm32f1xx_hal_tim_ex.o(.text.TIMEx_DMACommutationHalfCplt) for TIMEx_DMACommutationHalfCplt
    stm32f1xx_hal_tim.o(.text.HAL_TIM_DMABurst_MultiWriteStart) refers to stm32f1xx_hal_dma.o(.text.HAL_DMA_Start_IT) for HAL_DMA_Start_IT
    stm32f1xx_hal_tim.o(.ARM.exidx.text.HAL_TIM_DMABurst_MultiWriteStart) refers to stm32f1xx_hal_tim.o(.text.HAL_TIM_DMABurst_MultiWriteStart) for [Anonymous Symbol]
    stm32f1xx_hal_tim.o(.text.TIM_DMATriggerCplt) refers to stm32f1xx_hal_tim.o(.text.HAL_TIM_TriggerCallback) for HAL_TIM_TriggerCallback
    stm32f1xx_hal_tim.o(.ARM.exidx.text.TIM_DMATriggerCplt) refers to stm32f1xx_hal_tim.o(.text.TIM_DMATriggerCplt) for [Anonymous Symbol]
    stm32f1xx_hal_tim.o(.text.TIM_DMATriggerHalfCplt) refers to stm32f1xx_hal_tim.o(.text.HAL_TIM_TriggerHalfCpltCallback) for HAL_TIM_TriggerHalfCpltCallback
    stm32f1xx_hal_tim.o(.ARM.exidx.text.TIM_DMATriggerHalfCplt) refers to stm32f1xx_hal_tim.o(.text.TIM_DMATriggerHalfCplt) for [Anonymous Symbol]
    stm32f1xx_hal_tim.o(.text.HAL_TIM_DMABurst_WriteStop) refers to stm32f1xx_hal_dma.o(.text.HAL_DMA_Abort_IT) for HAL_DMA_Abort_IT
    stm32f1xx_hal_tim.o(.ARM.exidx.text.HAL_TIM_DMABurst_WriteStop) refers to stm32f1xx_hal_tim.o(.text.HAL_TIM_DMABurst_WriteStop) for [Anonymous Symbol]
    stm32f1xx_hal_tim.o(.text.HAL_TIM_DMABurst_ReadStart) refers to stm32f1xx_hal_tim.o(.text.HAL_TIM_DMABurst_MultiReadStart) for HAL_TIM_DMABurst_MultiReadStart
    stm32f1xx_hal_tim.o(.ARM.exidx.text.HAL_TIM_DMABurst_ReadStart) refers to stm32f1xx_hal_tim.o(.text.HAL_TIM_DMABurst_ReadStart) for [Anonymous Symbol]
    stm32f1xx_hal_tim.o(.text.HAL_TIM_DMABurst_MultiReadStart) refers to stm32f1xx_hal_tim.o(.text.TIM_DMACaptureCplt) for TIM_DMACaptureCplt
    stm32f1xx_hal_tim.o(.text.HAL_TIM_DMABurst_MultiReadStart) refers to stm32f1xx_hal_tim.o(.text.TIM_DMACaptureHalfCplt) for TIM_DMACaptureHalfCplt
    stm32f1xx_hal_tim.o(.text.HAL_TIM_DMABurst_MultiReadStart) refers to stm32f1xx_hal_tim.o(.text.TIM_DMAError) for TIM_DMAError
    stm32f1xx_hal_tim.o(.text.HAL_TIM_DMABurst_MultiReadStart) refers to stm32f1xx_hal_tim.o(.text.TIM_DMATriggerCplt) for TIM_DMATriggerCplt
    stm32f1xx_hal_tim.o(.text.HAL_TIM_DMABurst_MultiReadStart) refers to stm32f1xx_hal_tim.o(.text.TIM_DMATriggerHalfCplt) for TIM_DMATriggerHalfCplt
    stm32f1xx_hal_tim.o(.text.HAL_TIM_DMABurst_MultiReadStart) refers to stm32f1xx_hal_tim.o(.text.TIM_DMAPeriodElapsedCplt) for TIM_DMAPeriodElapsedCplt
    stm32f1xx_hal_tim.o(.text.HAL_TIM_DMABurst_MultiReadStart) refers to stm32f1xx_hal_tim.o(.text.TIM_DMAPeriodElapsedHalfCplt) for TIM_DMAPeriodElapsedHalfCplt
    stm32f1xx_hal_tim.o(.text.HAL_TIM_DMABurst_MultiReadStart) refers to stm32f1xx_hal_tim_ex.o(.text.TIMEx_DMACommutationCplt) for TIMEx_DMACommutationCplt
    stm32f1xx_hal_tim.o(.text.HAL_TIM_DMABurst_MultiReadStart) refers to stm32f1xx_hal_tim_ex.o(.text.TIMEx_DMACommutationHalfCplt) for TIMEx_DMACommutationHalfCplt
    stm32f1xx_hal_tim.o(.text.HAL_TIM_DMABurst_MultiReadStart) refers to stm32f1xx_hal_dma.o(.text.HAL_DMA_Start_IT) for HAL_DMA_Start_IT
    stm32f1xx_hal_tim.o(.ARM.exidx.text.HAL_TIM_DMABurst_MultiReadStart) refers to stm32f1xx_hal_tim.o(.text.HAL_TIM_DMABurst_MultiReadStart) for [Anonymous Symbol]
    stm32f1xx_hal_tim.o(.text.HAL_TIM_DMABurst_ReadStop) refers to stm32f1xx_hal_dma.o(.text.HAL_DMA_Abort_IT) for HAL_DMA_Abort_IT
    stm32f1xx_hal_tim.o(.ARM.exidx.text.HAL_TIM_DMABurst_ReadStop) refers to stm32f1xx_hal_tim.o(.text.HAL_TIM_DMABurst_ReadStop) for [Anonymous Symbol]
    stm32f1xx_hal_tim.o(.ARM.exidx.text.HAL_TIM_GenerateEvent) refers to stm32f1xx_hal_tim.o(.text.HAL_TIM_GenerateEvent) for [Anonymous Symbol]
    stm32f1xx_hal_tim.o(.ARM.exidx.text.HAL_TIM_ConfigOCrefClear) refers to stm32f1xx_hal_tim.o(.text.HAL_TIM_ConfigOCrefClear) for [Anonymous Symbol]
    stm32f1xx_hal_tim.o(.ARM.exidx.text.TIM_ETR_SetConfig) refers to stm32f1xx_hal_tim.o(.text.TIM_ETR_SetConfig) for [Anonymous Symbol]
    stm32f1xx_hal_tim.o(.ARM.exidx.text.HAL_TIM_ConfigClockSource) refers to stm32f1xx_hal_tim.o(.text.HAL_TIM_ConfigClockSource) for [Anonymous Symbol]
    stm32f1xx_hal_tim.o(.ARM.exidx.text.HAL_TIM_ConfigTI1Input) refers to stm32f1xx_hal_tim.o(.text.HAL_TIM_ConfigTI1Input) for [Anonymous Symbol]
    stm32f1xx_hal_tim.o(.text.HAL_TIM_SlaveConfigSynchro) refers to stm32f1xx_hal_tim.o(.text.TIM_SlaveTimer_SetConfig) for TIM_SlaveTimer_SetConfig
    stm32f1xx_hal_tim.o(.ARM.exidx.text.HAL_TIM_SlaveConfigSynchro) refers to stm32f1xx_hal_tim.o(.text.HAL_TIM_SlaveConfigSynchro) for [Anonymous Symbol]
    stm32f1xx_hal_tim.o(.ARM.exidx.text.TIM_SlaveTimer_SetConfig) refers to stm32f1xx_hal_tim.o(.text.TIM_SlaveTimer_SetConfig) for [Anonymous Symbol]
    stm32f1xx_hal_tim.o(.text.HAL_TIM_SlaveConfigSynchro_IT) refers to stm32f1xx_hal_tim.o(.text.TIM_SlaveTimer_SetConfig) for TIM_SlaveTimer_SetConfig
    stm32f1xx_hal_tim.o(.ARM.exidx.text.HAL_TIM_SlaveConfigSynchro_IT) refers to stm32f1xx_hal_tim.o(.text.HAL_TIM_SlaveConfigSynchro_IT) for [Anonymous Symbol]
    stm32f1xx_hal_tim.o(.ARM.exidx.text.HAL_TIM_ReadCapturedValue) refers to stm32f1xx_hal_tim.o(.text.HAL_TIM_ReadCapturedValue) for [Anonymous Symbol]
    stm32f1xx_hal_tim.o(.ARM.exidx.text.HAL_TIM_PeriodElapsedHalfCpltCallback) refers to stm32f1xx_hal_tim.o(.text.HAL_TIM_PeriodElapsedHalfCpltCallback) for [Anonymous Symbol]
    stm32f1xx_hal_tim.o(.ARM.exidx.text.HAL_TIM_IC_CaptureHalfCpltCallback) refers to stm32f1xx_hal_tim.o(.text.HAL_TIM_IC_CaptureHalfCpltCallback) for [Anonymous Symbol]
    stm32f1xx_hal_tim.o(.ARM.exidx.text.HAL_TIM_PWM_PulseFinishedHalfCpltCallback) refers to stm32f1xx_hal_tim.o(.text.HAL_TIM_PWM_PulseFinishedHalfCpltCallback) for [Anonymous Symbol]
    stm32f1xx_hal_tim.o(.ARM.exidx.text.HAL_TIM_TriggerHalfCpltCallback) refers to stm32f1xx_hal_tim.o(.text.HAL_TIM_TriggerHalfCpltCallback) for [Anonymous Symbol]
    stm32f1xx_hal_tim.o(.ARM.exidx.text.HAL_TIM_ErrorCallback) refers to stm32f1xx_hal_tim.o(.text.HAL_TIM_ErrorCallback) for [Anonymous Symbol]
    stm32f1xx_hal_tim.o(.ARM.exidx.text.HAL_TIM_Base_GetState) refers to stm32f1xx_hal_tim.o(.text.HAL_TIM_Base_GetState) for [Anonymous Symbol]
    stm32f1xx_hal_tim.o(.ARM.exidx.text.HAL_TIM_OC_GetState) refers to stm32f1xx_hal_tim.o(.text.HAL_TIM_OC_GetState) for [Anonymous Symbol]
    stm32f1xx_hal_tim.o(.ARM.exidx.text.HAL_TIM_PWM_GetState) refers to stm32f1xx_hal_tim.o(.text.HAL_TIM_PWM_GetState) for [Anonymous Symbol]
    stm32f1xx_hal_tim.o(.ARM.exidx.text.HAL_TIM_IC_GetState) refers to stm32f1xx_hal_tim.o(.text.HAL_TIM_IC_GetState) for [Anonymous Symbol]
    stm32f1xx_hal_tim.o(.ARM.exidx.text.HAL_TIM_OnePulse_GetState) refers to stm32f1xx_hal_tim.o(.text.HAL_TIM_OnePulse_GetState) for [Anonymous Symbol]
    stm32f1xx_hal_tim.o(.ARM.exidx.text.HAL_TIM_Encoder_GetState) refers to stm32f1xx_hal_tim.o(.text.HAL_TIM_Encoder_GetState) for [Anonymous Symbol]
    stm32f1xx_hal_tim.o(.ARM.exidx.text.HAL_TIM_GetActiveChannel) refers to stm32f1xx_hal_tim.o(.text.HAL_TIM_GetActiveChannel) for [Anonymous Symbol]
    stm32f1xx_hal_tim.o(.ARM.exidx.text.HAL_TIM_GetChannelState) refers to stm32f1xx_hal_tim.o(.text.HAL_TIM_GetChannelState) for [Anonymous Symbol]
    stm32f1xx_hal_tim.o(.ARM.exidx.text.HAL_TIM_DMABurstState) refers to stm32f1xx_hal_tim.o(.text.HAL_TIM_DMABurstState) for [Anonymous Symbol]
    stm32f1xx_hal_tim_ex.o(.text.HAL_TIMEx_HallSensor_Init) refers to stm32f1xx_hal_tim_ex.o(.text.HAL_TIMEx_HallSensor_MspInit) for HAL_TIMEx_HallSensor_MspInit
    stm32f1xx_hal_tim_ex.o(.text.HAL_TIMEx_HallSensor_Init) refers to stm32f1xx_hal_tim.o(.text.TIM_Base_SetConfig) for TIM_Base_SetConfig
    stm32f1xx_hal_tim_ex.o(.text.HAL_TIMEx_HallSensor_Init) refers to stm32f1xx_hal_tim.o(.text.TIM_TI1_SetConfig) for TIM_TI1_SetConfig
    stm32f1xx_hal_tim_ex.o(.text.HAL_TIMEx_HallSensor_Init) refers to stm32f1xx_hal_tim.o(.text.TIM_OC2_SetConfig) for TIM_OC2_SetConfig
    stm32f1xx_hal_tim_ex.o(.ARM.exidx.text.HAL_TIMEx_HallSensor_Init) refers to stm32f1xx_hal_tim_ex.o(.text.HAL_TIMEx_HallSensor_Init) for [Anonymous Symbol]
    stm32f1xx_hal_tim_ex.o(.ARM.exidx.text.HAL_TIMEx_HallSensor_MspInit) refers to stm32f1xx_hal_tim_ex.o(.text.HAL_TIMEx_HallSensor_MspInit) for [Anonymous Symbol]
    stm32f1xx_hal_tim_ex.o(.text.HAL_TIMEx_HallSensor_DeInit) refers to stm32f1xx_hal_tim_ex.o(.text.HAL_TIMEx_HallSensor_MspDeInit) for HAL_TIMEx_HallSensor_MspDeInit
    stm32f1xx_hal_tim_ex.o(.ARM.exidx.text.HAL_TIMEx_HallSensor_DeInit) refers to stm32f1xx_hal_tim_ex.o(.text.HAL_TIMEx_HallSensor_DeInit) for [Anonymous Symbol]
    stm32f1xx_hal_tim_ex.o(.ARM.exidx.text.HAL_TIMEx_HallSensor_MspDeInit) refers to stm32f1xx_hal_tim_ex.o(.text.HAL_TIMEx_HallSensor_MspDeInit) for [Anonymous Symbol]
    stm32f1xx_hal_tim_ex.o(.text.HAL_TIMEx_HallSensor_Start) refers to stm32f1xx_hal_tim.o(.text.TIM_CCxChannelCmd) for TIM_CCxChannelCmd
    stm32f1xx_hal_tim_ex.o(.ARM.exidx.text.HAL_TIMEx_HallSensor_Start) refers to stm32f1xx_hal_tim_ex.o(.text.HAL_TIMEx_HallSensor_Start) for [Anonymous Symbol]
    stm32f1xx_hal_tim_ex.o(.text.HAL_TIMEx_HallSensor_Stop) refers to stm32f1xx_hal_tim.o(.text.TIM_CCxChannelCmd) for TIM_CCxChannelCmd
    stm32f1xx_hal_tim_ex.o(.ARM.exidx.text.HAL_TIMEx_HallSensor_Stop) refers to stm32f1xx_hal_tim_ex.o(.text.HAL_TIMEx_HallSensor_Stop) for [Anonymous Symbol]
    stm32f1xx_hal_tim_ex.o(.text.HAL_TIMEx_HallSensor_Start_IT) refers to stm32f1xx_hal_tim.o(.text.TIM_CCxChannelCmd) for TIM_CCxChannelCmd
    stm32f1xx_hal_tim_ex.o(.ARM.exidx.text.HAL_TIMEx_HallSensor_Start_IT) refers to stm32f1xx_hal_tim_ex.o(.text.HAL_TIMEx_HallSensor_Start_IT) for [Anonymous Symbol]
    stm32f1xx_hal_tim_ex.o(.text.HAL_TIMEx_HallSensor_Stop_IT) refers to stm32f1xx_hal_tim.o(.text.TIM_CCxChannelCmd) for TIM_CCxChannelCmd
    stm32f1xx_hal_tim_ex.o(.ARM.exidx.text.HAL_TIMEx_HallSensor_Stop_IT) refers to stm32f1xx_hal_tim_ex.o(.text.HAL_TIMEx_HallSensor_Stop_IT) for [Anonymous Symbol]
    stm32f1xx_hal_tim_ex.o(.text.HAL_TIMEx_HallSensor_Start_DMA) refers to stm32f1xx_hal_tim.o(.text.TIM_CCxChannelCmd) for TIM_CCxChannelCmd
    stm32f1xx_hal_tim_ex.o(.text.HAL_TIMEx_HallSensor_Start_DMA) refers to stm32f1xx_hal_tim.o(.text.TIM_DMACaptureCplt) for TIM_DMACaptureCplt
    stm32f1xx_hal_tim_ex.o(.text.HAL_TIMEx_HallSensor_Start_DMA) refers to stm32f1xx_hal_tim.o(.text.TIM_DMACaptureHalfCplt) for TIM_DMACaptureHalfCplt
    stm32f1xx_hal_tim_ex.o(.text.HAL_TIMEx_HallSensor_Start_DMA) refers to stm32f1xx_hal_tim.o(.text.TIM_DMAError) for TIM_DMAError
    stm32f1xx_hal_tim_ex.o(.text.HAL_TIMEx_HallSensor_Start_DMA) refers to stm32f1xx_hal_dma.o(.text.HAL_DMA_Start_IT) for HAL_DMA_Start_IT
    stm32f1xx_hal_tim_ex.o(.ARM.exidx.text.HAL_TIMEx_HallSensor_Start_DMA) refers to stm32f1xx_hal_tim_ex.o(.text.HAL_TIMEx_HallSensor_Start_DMA) for [Anonymous Symbol]
    stm32f1xx_hal_tim_ex.o(.text.HAL_TIMEx_HallSensor_Stop_DMA) refers to stm32f1xx_hal_tim.o(.text.TIM_CCxChannelCmd) for TIM_CCxChannelCmd
    stm32f1xx_hal_tim_ex.o(.text.HAL_TIMEx_HallSensor_Stop_DMA) refers to stm32f1xx_hal_dma.o(.text.HAL_DMA_Abort_IT) for HAL_DMA_Abort_IT
    stm32f1xx_hal_tim_ex.o(.ARM.exidx.text.HAL_TIMEx_HallSensor_Stop_DMA) refers to stm32f1xx_hal_tim_ex.o(.text.HAL_TIMEx_HallSensor_Stop_DMA) for [Anonymous Symbol]
    stm32f1xx_hal_tim_ex.o(.ARM.exidx.text.HAL_TIMEx_OCN_Start) refers to stm32f1xx_hal_tim_ex.o(.text.HAL_TIMEx_OCN_Start) for [Anonymous Symbol]
    stm32f1xx_hal_tim_ex.o(.ARM.exidx.text.HAL_TIMEx_OCN_Stop) refers to stm32f1xx_hal_tim_ex.o(.text.HAL_TIMEx_OCN_Stop) for [Anonymous Symbol]
    stm32f1xx_hal_tim_ex.o(.ARM.exidx.text.HAL_TIMEx_OCN_Start_IT) refers to stm32f1xx_hal_tim_ex.o(.text.HAL_TIMEx_OCN_Start_IT) for [Anonymous Symbol]
    stm32f1xx_hal_tim_ex.o(.ARM.exidx.text.HAL_TIMEx_OCN_Stop_IT) refers to stm32f1xx_hal_tim_ex.o(.text.HAL_TIMEx_OCN_Stop_IT) for [Anonymous Symbol]
    stm32f1xx_hal_tim_ex.o(.text.HAL_TIMEx_OCN_Start_DMA) refers to stm32f1xx_hal_tim_ex.o(.text.TIM_DMADelayPulseNCplt) for TIM_DMADelayPulseNCplt
    stm32f1xx_hal_tim_ex.o(.text.HAL_TIMEx_OCN_Start_DMA) refers to stm32f1xx_hal_tim.o(.text.TIM_DMADelayPulseHalfCplt) for TIM_DMADelayPulseHalfCplt
    stm32f1xx_hal_tim_ex.o(.text.HAL_TIMEx_OCN_Start_DMA) refers to stm32f1xx_hal_tim_ex.o(.text.TIM_DMAErrorCCxN) for TIM_DMAErrorCCxN
    stm32f1xx_hal_tim_ex.o(.text.HAL_TIMEx_OCN_Start_DMA) refers to stm32f1xx_hal_dma.o(.text.HAL_DMA_Start_IT) for HAL_DMA_Start_IT
    stm32f1xx_hal_tim_ex.o(.ARM.exidx.text.HAL_TIMEx_OCN_Start_DMA) refers to stm32f1xx_hal_tim_ex.o(.text.HAL_TIMEx_OCN_Start_DMA) for [Anonymous Symbol]
    stm32f1xx_hal_tim_ex.o(.text.TIM_DMADelayPulseNCplt) refers to stm32f1xx_hal_tim.o(.text.HAL_TIM_PWM_PulseFinishedCallback) for HAL_TIM_PWM_PulseFinishedCallback
    stm32f1xx_hal_tim_ex.o(.ARM.exidx.text.TIM_DMADelayPulseNCplt) refers to stm32f1xx_hal_tim_ex.o(.text.TIM_DMADelayPulseNCplt) for [Anonymous Symbol]
    stm32f1xx_hal_tim_ex.o(.text.TIM_DMAErrorCCxN) refers to stm32f1xx_hal_tim.o(.text.HAL_TIM_ErrorCallback) for HAL_TIM_ErrorCallback
    stm32f1xx_hal_tim_ex.o(.ARM.exidx.text.TIM_DMAErrorCCxN) refers to stm32f1xx_hal_tim_ex.o(.text.TIM_DMAErrorCCxN) for [Anonymous Symbol]
    stm32f1xx_hal_tim_ex.o(.text.HAL_TIMEx_OCN_Stop_DMA) refers to stm32f1xx_hal_dma.o(.text.HAL_DMA_Abort_IT) for HAL_DMA_Abort_IT
    stm32f1xx_hal_tim_ex.o(.ARM.exidx.text.HAL_TIMEx_OCN_Stop_DMA) refers to stm32f1xx_hal_tim_ex.o(.text.HAL_TIMEx_OCN_Stop_DMA) for [Anonymous Symbol]
    stm32f1xx_hal_tim_ex.o(.ARM.exidx.text.HAL_TIMEx_PWMN_Start) refers to stm32f1xx_hal_tim_ex.o(.text.HAL_TIMEx_PWMN_Start) for [Anonymous Symbol]
    stm32f1xx_hal_tim_ex.o(.ARM.exidx.text.HAL_TIMEx_PWMN_Stop) refers to stm32f1xx_hal_tim_ex.o(.text.HAL_TIMEx_PWMN_Stop) for [Anonymous Symbol]
    stm32f1xx_hal_tim_ex.o(.ARM.exidx.text.HAL_TIMEx_PWMN_Start_IT) refers to stm32f1xx_hal_tim_ex.o(.text.HAL_TIMEx_PWMN_Start_IT) for [Anonymous Symbol]
    stm32f1xx_hal_tim_ex.o(.ARM.exidx.text.HAL_TIMEx_PWMN_Stop_IT) refers to stm32f1xx_hal_tim_ex.o(.text.HAL_TIMEx_PWMN_Stop_IT) for [Anonymous Symbol]
    stm32f1xx_hal_tim_ex.o(.text.HAL_TIMEx_PWMN_Start_DMA) refers to stm32f1xx_hal_tim_ex.o(.text.TIM_DMADelayPulseNCplt) for TIM_DMADelayPulseNCplt
    stm32f1xx_hal_tim_ex.o(.text.HAL_TIMEx_PWMN_Start_DMA) refers to stm32f1xx_hal_tim.o(.text.TIM_DMADelayPulseHalfCplt) for TIM_DMADelayPulseHalfCplt
    stm32f1xx_hal_tim_ex.o(.text.HAL_TIMEx_PWMN_Start_DMA) refers to stm32f1xx_hal_tim_ex.o(.text.TIM_DMAErrorCCxN) for TIM_DMAErrorCCxN
    stm32f1xx_hal_tim_ex.o(.text.HAL_TIMEx_PWMN_Start_DMA) refers to stm32f1xx_hal_dma.o(.text.HAL_DMA_Start_IT) for HAL_DMA_Start_IT
    stm32f1xx_hal_tim_ex.o(.ARM.exidx.text.HAL_TIMEx_PWMN_Start_DMA) refers to stm32f1xx_hal_tim_ex.o(.text.HAL_TIMEx_PWMN_Start_DMA) for [Anonymous Symbol]
    stm32f1xx_hal_tim_ex.o(.text.HAL_TIMEx_PWMN_Stop_DMA) refers to stm32f1xx_hal_dma.o(.text.HAL_DMA_Abort_IT) for HAL_DMA_Abort_IT
    stm32f1xx_hal_tim_ex.o(.ARM.exidx.text.HAL_TIMEx_PWMN_Stop_DMA) refers to stm32f1xx_hal_tim_ex.o(.text.HAL_TIMEx_PWMN_Stop_DMA) for [Anonymous Symbol]
    stm32f1xx_hal_tim_ex.o(.text.HAL_TIMEx_OnePulseN_Start) refers to stm32f1xx_hal_tim.o(.text.TIM_CCxChannelCmd) for TIM_CCxChannelCmd
    stm32f1xx_hal_tim_ex.o(.ARM.exidx.text.HAL_TIMEx_OnePulseN_Start) refers to stm32f1xx_hal_tim_ex.o(.text.HAL_TIMEx_OnePulseN_Start) for [Anonymous Symbol]
    stm32f1xx_hal_tim_ex.o(.text.HAL_TIMEx_OnePulseN_Stop) refers to stm32f1xx_hal_tim.o(.text.TIM_CCxChannelCmd) for TIM_CCxChannelCmd
    stm32f1xx_hal_tim_ex.o(.ARM.exidx.text.HAL_TIMEx_OnePulseN_Stop) refers to stm32f1xx_hal_tim_ex.o(.text.HAL_TIMEx_OnePulseN_Stop) for [Anonymous Symbol]
    stm32f1xx_hal_tim_ex.o(.text.HAL_TIMEx_OnePulseN_Start_IT) refers to stm32f1xx_hal_tim.o(.text.TIM_CCxChannelCmd) for TIM_CCxChannelCmd
    stm32f1xx_hal_tim_ex.o(.ARM.exidx.text.HAL_TIMEx_OnePulseN_Start_IT) refers to stm32f1xx_hal_tim_ex.o(.text.HAL_TIMEx_OnePulseN_Start_IT) for [Anonymous Symbol]
    stm32f1xx_hal_tim_ex.o(.text.HAL_TIMEx_OnePulseN_Stop_IT) refers to stm32f1xx_hal_tim.o(.text.TIM_CCxChannelCmd) for TIM_CCxChannelCmd
    stm32f1xx_hal_tim_ex.o(.ARM.exidx.text.HAL_TIMEx_OnePulseN_Stop_IT) refers to stm32f1xx_hal_tim_ex.o(.text.HAL_TIMEx_OnePulseN_Stop_IT) for [Anonymous Symbol]
    stm32f1xx_hal_tim_ex.o(.ARM.exidx.text.HAL_TIMEx_ConfigCommutEvent) refers to stm32f1xx_hal_tim_ex.o(.text.HAL_TIMEx_ConfigCommutEvent) for [Anonymous Symbol]
    stm32f1xx_hal_tim_ex.o(.ARM.exidx.text.HAL_TIMEx_ConfigCommutEvent_IT) refers to stm32f1xx_hal_tim_ex.o(.text.HAL_TIMEx_ConfigCommutEvent_IT) for [Anonymous Symbol]
    stm32f1xx_hal_tim_ex.o(.text.HAL_TIMEx_ConfigCommutEvent_DMA) refers to stm32f1xx_hal_tim_ex.o(.text.TIMEx_DMACommutationCplt) for TIMEx_DMACommutationCplt
    stm32f1xx_hal_tim_ex.o(.text.HAL_TIMEx_ConfigCommutEvent_DMA) refers to stm32f1xx_hal_tim_ex.o(.text.TIMEx_DMACommutationHalfCplt) for TIMEx_DMACommutationHalfCplt
    stm32f1xx_hal_tim_ex.o(.text.HAL_TIMEx_ConfigCommutEvent_DMA) refers to stm32f1xx_hal_tim.o(.text.TIM_DMAError) for TIM_DMAError
    stm32f1xx_hal_tim_ex.o(.ARM.exidx.text.HAL_TIMEx_ConfigCommutEvent_DMA) refers to stm32f1xx_hal_tim_ex.o(.text.HAL_TIMEx_ConfigCommutEvent_DMA) for [Anonymous Symbol]
    stm32f1xx_hal_tim_ex.o(.text.TIMEx_DMACommutationCplt) refers to stm32f1xx_hal_tim_ex.o(.text.HAL_TIMEx_CommutCallback) for HAL_TIMEx_CommutCallback
    stm32f1xx_hal_tim_ex.o(.ARM.exidx.text.TIMEx_DMACommutationCplt) refers to stm32f1xx_hal_tim_ex.o(.text.TIMEx_DMACommutationCplt) for [Anonymous Symbol]
    stm32f1xx_hal_tim_ex.o(.text.TIMEx_DMACommutationHalfCplt) refers to stm32f1xx_hal_tim_ex.o(.text.HAL_TIMEx_CommutHalfCpltCallback) for HAL_TIMEx_CommutHalfCpltCallback
    stm32f1xx_hal_tim_ex.o(.ARM.exidx.text.TIMEx_DMACommutationHalfCplt) refers to stm32f1xx_hal_tim_ex.o(.text.TIMEx_DMACommutationHalfCplt) for [Anonymous Symbol]
    stm32f1xx_hal_tim_ex.o(.ARM.exidx.text.HAL_TIMEx_MasterConfigSynchronization) refers to stm32f1xx_hal_tim_ex.o(.text.HAL_TIMEx_MasterConfigSynchronization) for [Anonymous Symbol]
    stm32f1xx_hal_tim_ex.o(.ARM.exidx.text.HAL_TIMEx_ConfigBreakDeadTime) refers to stm32f1xx_hal_tim_ex.o(.text.HAL_TIMEx_ConfigBreakDeadTime) for [Anonymous Symbol]
    stm32f1xx_hal_tim_ex.o(.ARM.exidx.text.HAL_TIMEx_RemapConfig) refers to stm32f1xx_hal_tim_ex.o(.text.HAL_TIMEx_RemapConfig) for [Anonymous Symbol]
    stm32f1xx_hal_tim_ex.o(.ARM.exidx.text.HAL_TIMEx_CommutCallback) refers to stm32f1xx_hal_tim_ex.o(.text.HAL_TIMEx_CommutCallback) for [Anonymous Symbol]
    stm32f1xx_hal_tim_ex.o(.ARM.exidx.text.HAL_TIMEx_CommutHalfCpltCallback) refers to stm32f1xx_hal_tim_ex.o(.text.HAL_TIMEx_CommutHalfCpltCallback) for [Anonymous Symbol]
    stm32f1xx_hal_tim_ex.o(.ARM.exidx.text.HAL_TIMEx_BreakCallback) refers to stm32f1xx_hal_tim_ex.o(.text.HAL_TIMEx_BreakCallback) for [Anonymous Symbol]
    stm32f1xx_hal_tim_ex.o(.ARM.exidx.text.HAL_TIMEx_HallSensor_GetState) refers to stm32f1xx_hal_tim_ex.o(.text.HAL_TIMEx_HallSensor_GetState) for [Anonymous Symbol]
    stm32f1xx_hal_tim_ex.o(.ARM.exidx.text.HAL_TIMEx_GetChannelNState) refers to stm32f1xx_hal_tim_ex.o(.text.HAL_TIMEx_GetChannelNState) for [Anonymous Symbol]
    system_stm32f1xx.o(.ARM.exidx.text.SystemInit) refers to system_stm32f1xx.o(.text.SystemInit) for [Anonymous Symbol]
    system_stm32f1xx.o(.text.SystemCoreClockUpdate) refers to system_stm32f1xx.o(.data.SystemCoreClock) for SystemCoreClock
    system_stm32f1xx.o(.text.SystemCoreClockUpdate) refers to system_stm32f1xx.o(.rodata.AHBPrescTable) for AHBPrescTable
    system_stm32f1xx.o(.ARM.exidx.text.SystemCoreClockUpdate) refers to system_stm32f1xx.o(.text.SystemCoreClockUpdate) for [Anonymous Symbol]
    __main.o(!!!main) refers to __rtentry.o(.ARM.Collect$$rtentry$$00000000) for __rt_entry
    dfix.o(x$fpl$dfix) refers (Special) to usenofp.o(x$fpl$usenofp) for __I$use$fp
    dfix.o(x$fpl$dfix) refers to dnaninf.o(x$fpl$dnaninf) for __fpl_dnaninf
    dfix.o(x$fpl$dfixr) refers (Special) to usenofp.o(x$fpl$usenofp) for __I$use$fp
    dfix.o(x$fpl$dfixr) refers to dnaninf.o(x$fpl$dnaninf) for __fpl_dnaninf
    dfltll_clz.o(x$fpl$dfltll) refers (Special) to usenofp.o(x$fpl$usenofp) for __I$use$fp
    dfltll_clz.o(x$fpl$dfltull) refers (Special) to usenofp.o(x$fpl$usenofp) for __I$use$fp
    faddsub_clz.o(x$fpl$fadd) refers (Special) to usenofp.o(x$fpl$usenofp) for __I$use$fp
    faddsub_clz.o(x$fpl$fadd) refers to faddsub_clz.o(x$fpl$fsub) for _fsub1
    faddsub_clz.o(x$fpl$fadd) refers to fretinf.o(x$fpl$fretinf) for __fpl_fretinf
    faddsub_clz.o(x$fpl$fadd) refers to fnaninf.o(x$fpl$fnaninf) for __fpl_fnaninf
    faddsub_clz.o(x$fpl$frsb) refers (Special) to usenofp.o(x$fpl$usenofp) for __I$use$fp
    faddsub_clz.o(x$fpl$frsb) refers to faddsub_clz.o(x$fpl$fadd) for _fadd1
    faddsub_clz.o(x$fpl$frsb) refers to faddsub_clz.o(x$fpl$fsub) for _fsub1
    faddsub_clz.o(x$fpl$fsub) refers (Special) to usenofp.o(x$fpl$usenofp) for __I$use$fp
    faddsub_clz.o(x$fpl$fsub) refers to faddsub_clz.o(x$fpl$fadd) for _fadd1
    faddsub_clz.o(x$fpl$fsub) refers to fnaninf.o(x$fpl$fnaninf) for __fpl_fnaninf
    fcmp.o(x$fpl$fcmp) refers (Special) to usenofp.o(x$fpl$usenofp) for __I$use$fp
    fcmp.o(x$fpl$fcmp) refers to feqf.o(x$fpl$feqf) for _fcmpeq
    fcmp.o(x$fpl$fcmp) refers to fgeqf.o(x$fpl$fgeqf) for _fcmpge
    fcmp.o(x$fpl$fcmp) refers to fleqf.o(x$fpl$fleqf) for _fcmple
    fdiv.o(x$fpl$frdiv) refers (Special) to usenofp.o(x$fpl$usenofp) for __I$use$fp
    fdiv.o(x$fpl$frdiv) refers to fdiv.o(x$fpl$fdiv) for _fdiv1
    fdiv.o(x$fpl$fdiv) refers (Special) to usenofp.o(x$fpl$usenofp) for __I$use$fp
    fdiv.o(x$fpl$fdiv) refers to fretinf.o(x$fpl$fretinf) for __fpl_fretinf
    fdiv.o(x$fpl$fdiv) refers to fnaninf.o(x$fpl$fnaninf) for __fpl_fnaninf
    fflt_clz.o(x$fpl$ffltu) refers (Special) to usenofp.o(x$fpl$usenofp) for __I$use$fp
    fflt_clz.o(x$fpl$fflt) refers (Special) to usenofp.o(x$fpl$usenofp) for __I$use$fp
    fflt_clz.o(x$fpl$ffltn) refers (Special) to usenofp.o(x$fpl$usenofp) for __I$use$fp
    sqrt.o(i.__softfp_sqrt) refers (Special) to usenofp.o(x$fpl$usenofp) for __I$use$fp
    sqrt.o(i.__softfp_sqrt) refers to dsqrt_noumaal.o(x$fpl$dsqrt) for _dsqrt
    sqrt.o(i.__softfp_sqrt) refers to _rserrno.o(.text) for __set_errno
    sqrt.o(i.sqrt) refers (Special) to usenofp.o(x$fpl$usenofp) for __I$use$fp
    sqrt.o(i.sqrt) refers to dsqrt_noumaal.o(x$fpl$dsqrt) for _dsqrt
    sqrt.o(i.sqrt) refers to _rserrno.o(.text) for __set_errno
    __rtentry.o(.ARM.Collect$$rtentry$$00000000) refers (Special) to __rtentry2.o(.ARM.Collect$$rtentry$$0000000A) for __rt_entry_li
    __rtentry.o(.ARM.Collect$$rtentry$$00000000) refers (Special) to __rtentry2.o(.ARM.Collect$$rtentry$$0000000D) for __rt_entry_main
    __rtentry.o(.ARM.Collect$$rtentry$$00000000) refers (Special) to __rtentry2.o(.ARM.Collect$$rtentry$$0000000C) for __rt_entry_postli_1
    __rtentry.o(.ARM.Collect$$rtentry$$00000000) refers (Special) to __rtentry2.o(.ARM.Collect$$rtentry$$00000009) for __rt_entry_postsh_1
    __rtentry.o(.ARM.Collect$$rtentry$$00000000) refers (Special) to __rtentry2.o(.ARM.Collect$$rtentry$$00000002) for __rt_entry_presh_1
    __rtentry.o(.ARM.Collect$$rtentry$$00000000) refers (Special) to __rtentry4.o(.ARM.Collect$$rtentry$$00000004) for __rt_entry_sh
    aeabi_ldiv0_sigfpe.o(.text) refers to rt_div0.o(.text) for __rt_div0
    _rserrno.o(.text) refers to rt_errno_addr_intlibspace.o(.text) for __aeabi_errno_addr
    dnaninf.o(x$fpl$dnaninf) refers (Special) to usenofp.o(x$fpl$usenofp) for __I$use$fp
    dsqrt_noumaal.o(x$fpl$dsqrt) refers (Special) to usenofp.o(x$fpl$usenofp) for __I$use$fp
    dsqrt_noumaal.o(x$fpl$dsqrt) refers to dnaninf.o(x$fpl$dnaninf) for __fpl_dnaninf
    feqf.o(x$fpl$feqf) refers (Special) to usenofp.o(x$fpl$usenofp) for __I$use$fp
    feqf.o(x$fpl$feqf) refers to fnaninf.o(x$fpl$fnaninf) for __fpl_fnaninf
    feqf.o(x$fpl$feqf) refers to fcmpi.o(x$fpl$fcmpinf) for __fpl_fcmp_Inf
    fgeqf.o(x$fpl$fgeqf) refers (Special) to usenofp.o(x$fpl$usenofp) for __I$use$fp
    fgeqf.o(x$fpl$fgeqf) refers to fnaninf.o(x$fpl$fnaninf) for __fpl_fnaninf
    fgeqf.o(x$fpl$fgeqf) refers to fcmpi.o(x$fpl$fcmpinf) for __fpl_fcmp_Inf
    fleqf.o(x$fpl$fleqf) refers (Special) to usenofp.o(x$fpl$usenofp) for __I$use$fp
    fleqf.o(x$fpl$fleqf) refers to fnaninf.o(x$fpl$fnaninf) for __fpl_fnaninf
    fleqf.o(x$fpl$fleqf) refers to fcmpi.o(x$fpl$fcmpinf) for __fpl_fcmp_Inf
    fnaninf.o(x$fpl$fnaninf) refers (Special) to usenofp.o(x$fpl$usenofp) for __I$use$fp
    fretinf.o(x$fpl$fretinf) refers (Special) to usenofp.o(x$fpl$usenofp) for __I$use$fp
    __rtentry2.o(.ARM.Collect$$rtentry$$00000008) refers to boardinit2.o(.text) for _platform_post_stackheap_init
    __rtentry2.o(.ARM.Collect$$rtentry$$0000000A) refers to libinit.o(.ARM.Collect$$libinit$$00000000) for __rt_lib_init
    __rtentry2.o(.ARM.Collect$$rtentry$$0000000B) refers to boardinit3.o(.text) for _platform_post_lib_init
    __rtentry2.o(.ARM.Collect$$rtentry$$0000000D) refers to main.o(.text.main) for main
    __rtentry2.o(.ARM.Collect$$rtentry$$0000000D) refers to main_1.o(.text.main) for main
    __rtentry2.o(.ARM.Collect$$rtentry$$0000000D) refers to exit.o(.text) for exit
    __rtentry2.o(.ARM.exidx) refers to __rtentry2.o(.ARM.Collect$$rtentry$$00000001) for .ARM.Collect$$rtentry$$00000001
    __rtentry2.o(.ARM.exidx) refers to __rtentry2.o(.ARM.Collect$$rtentry$$00000008) for .ARM.Collect$$rtentry$$00000008
    __rtentry2.o(.ARM.exidx) refers to __rtentry2.o(.ARM.Collect$$rtentry$$0000000A) for .ARM.Collect$$rtentry$$0000000A
    __rtentry2.o(.ARM.exidx) refers to __rtentry2.o(.ARM.Collect$$rtentry$$0000000B) for .ARM.Collect$$rtentry$$0000000B
    __rtentry2.o(.ARM.exidx) refers to __rtentry2.o(.ARM.Collect$$rtentry$$0000000D) for .ARM.Collect$$rtentry$$0000000D
    __rtentry4.o(.ARM.Collect$$rtentry$$00000004) refers to sys_stackheap_outer.o(.text) for __user_setup_stackheap
    __rtentry4.o(.ARM.exidx) refers to __rtentry4.o(.ARM.Collect$$rtentry$$00000004) for .ARM.Collect$$rtentry$$00000004
    rt_div0.o(.text) refers to defsig_fpe_outer.o(.text) for __rt_SIGFPE
    rt_errno_addr.o(.text) refers to rt_errno_addr.o(.bss) for __aeabi_errno_addr_data
    rt_errno_addr_intlibspace.o(.text) refers to libspace.o(.bss) for __libspace_start
    fcmpi.o(x$fpl$fcmpinf) refers (Special) to usenofp.o(x$fpl$usenofp) for __I$use$fp
    libspace.o(.text) refers to libspace.o(.bss) for __libspace_start
    sys_stackheap_outer.o(.text) refers to libspace.o(.text) for __user_perproc_libspace
    sys_stackheap_outer.o(.text) refers to startup_stm32f103xb.o(.text) for __user_initial_stackheap
    exit.o(.text) refers to rtexit.o(.ARM.Collect$$rtexit$$00000000) for __rt_exit
    defsig_fpe_outer.o(.text) refers to defsig_fpe_inner.o(.text) for __rt_SIGFPE_inner
    defsig_fpe_outer.o(.text) refers to defsig_exit.o(.text) for __sig_exit
    defsig_fpe_formal.o(.text) refers to rt_raise.o(.text) for __rt_raise
    libinit.o(.ARM.Collect$$libinit$$00000000) refers (Special) to libinit2.o(.ARM.Collect$$libinit$$00000030) for __rt_lib_init_alloca_1
    libinit.o(.ARM.Collect$$libinit$$00000000) refers (Special) to libinit2.o(.ARM.Collect$$libinit$$0000002E) for __rt_lib_init_argv_1
    libinit.o(.ARM.Collect$$libinit$$00000000) refers (Special) to libinit2.o(.ARM.Collect$$libinit$$0000001D) for __rt_lib_init_atexit_1
    libinit.o(.ARM.Collect$$libinit$$00000000) refers (Special) to libinit2.o(.ARM.Collect$$libinit$$00000023) for __rt_lib_init_clock_1
    libinit.o(.ARM.Collect$$libinit$$00000000) refers (Special) to libinit2.o(.ARM.Collect$$libinit$$00000034) for __rt_lib_init_cpp_1
    libinit.o(.ARM.Collect$$libinit$$00000000) refers (Special) to libinit2.o(.ARM.Collect$$libinit$$00000032) for __rt_lib_init_exceptions_1
    libinit.o(.ARM.Collect$$libinit$$00000000) refers (Special) to libinit2.o(.ARM.Collect$$libinit$$00000002) for __rt_lib_init_fp_1
    libinit.o(.ARM.Collect$$libinit$$00000000) refers (Special) to libinit2.o(.ARM.Collect$$libinit$$00000021) for __rt_lib_init_fp_trap_1
    libinit.o(.ARM.Collect$$libinit$$00000000) refers (Special) to libinit2.o(.ARM.Collect$$libinit$$00000025) for __rt_lib_init_getenv_1
    libinit.o(.ARM.Collect$$libinit$$00000000) refers (Special) to libinit2.o(.ARM.Collect$$libinit$$0000000C) for __rt_lib_init_heap_1
    libinit.o(.ARM.Collect$$libinit$$00000000) refers (Special) to libinit2.o(.ARM.Collect$$libinit$$00000013) for __rt_lib_init_lc_collate_1
    libinit.o(.ARM.Collect$$libinit$$00000000) refers (Special) to libinit2.o(.ARM.Collect$$libinit$$00000015) for __rt_lib_init_lc_ctype_1
    libinit.o(.ARM.Collect$$libinit$$00000000) refers (Special) to libinit2.o(.ARM.Collect$$libinit$$00000017) for __rt_lib_init_lc_monetary_1
    libinit.o(.ARM.Collect$$libinit$$00000000) refers (Special) to libinit2.o(.ARM.Collect$$libinit$$00000019) for __rt_lib_init_lc_numeric_1
    libinit.o(.ARM.Collect$$libinit$$00000000) refers (Special) to libinit2.o(.ARM.Collect$$libinit$$0000001B) for __rt_lib_init_lc_time_1
    libinit.o(.ARM.Collect$$libinit$$00000000) refers (Special) to libinit2.o(.ARM.Collect$$libinit$$00000006) for __rt_lib_init_preinit_1
    libinit.o(.ARM.Collect$$libinit$$00000000) refers (Special) to libinit2.o(.ARM.Collect$$libinit$$00000010) for __rt_lib_init_rand_1
    libinit.o(.ARM.Collect$$libinit$$00000000) refers (Special) to libinit2.o(.ARM.Collect$$libinit$$00000004) for __rt_lib_init_relocate_pie_1
    libinit.o(.ARM.Collect$$libinit$$00000000) refers (Special) to libinit2.o(.ARM.Collect$$libinit$$00000035) for __rt_lib_init_return
    libinit.o(.ARM.Collect$$libinit$$00000000) refers (Special) to libinit2.o(.ARM.Collect$$libinit$$0000001F) for __rt_lib_init_signal_1
    libinit.o(.ARM.Collect$$libinit$$00000000) refers (Special) to libinit2.o(.ARM.Collect$$libinit$$00000027) for __rt_lib_init_stdio_1
    libinit.o(.ARM.Collect$$libinit$$00000000) refers (Special) to libinit2.o(.ARM.Collect$$libinit$$0000000E) for __rt_lib_init_user_alloc_1
    rtexit.o(.ARM.Collect$$rtexit$$00000000) refers (Special) to rtexit2.o(.ARM.Collect$$rtexit$$00000004) for __rt_exit_exit
    rtexit.o(.ARM.Collect$$rtexit$$00000000) refers (Special) to rtexit2.o(.ARM.Collect$$rtexit$$00000003) for __rt_exit_ls
    rtexit.o(.ARM.Collect$$rtexit$$00000000) refers (Special) to rtexit2.o(.ARM.Collect$$rtexit$$00000002) for __rt_exit_prels_1
    rtexit.o(.ARM.exidx) refers (Special) to rtexit2.o(.ARM.Collect$$rtexit$$00000004) for __rt_exit_exit
    rtexit.o(.ARM.exidx) refers (Special) to rtexit2.o(.ARM.Collect$$rtexit$$00000003) for __rt_exit_ls
    rtexit.o(.ARM.exidx) refers (Special) to rtexit2.o(.ARM.Collect$$rtexit$$00000002) for __rt_exit_prels_1
    rtexit.o(.ARM.exidx) refers to rtexit.o(.ARM.Collect$$rtexit$$00000000) for .ARM.Collect$$rtexit$$00000000
    rt_raise.o(.text) refers to __raise.o(.text) for __raise
    rt_raise.o(.text) refers to sys_exit.o(.text) for _sys_exit
    defsig_exit.o(.text) refers to sys_exit.o(.text) for _sys_exit
    defsig_fpe_inner.o(.text) refers to defsig_general.o(.text) for __default_signal_display
    libinit2.o(.ARM.Collect$$libinit$$00000012) refers to libinit2.o(.ARM.Collect$$libinit$$00000011) for .ARM.Collect$$libinit$$00000011
    libinit2.o(.ARM.Collect$$libinit$$00000014) refers to libinit2.o(.ARM.Collect$$libinit$$00000011) for .ARM.Collect$$libinit$$00000011
    libinit2.o(.ARM.Collect$$libinit$$00000016) refers to libinit2.o(.ARM.Collect$$libinit$$00000011) for .ARM.Collect$$libinit$$00000011
    libinit2.o(.ARM.Collect$$libinit$$00000018) refers to libinit2.o(.ARM.Collect$$libinit$$00000011) for .ARM.Collect$$libinit$$00000011
    libinit2.o(.ARM.Collect$$libinit$$0000001A) refers to libinit2.o(.ARM.Collect$$libinit$$00000011) for .ARM.Collect$$libinit$$00000011
    libinit2.o(.ARM.Collect$$libinit$$00000028) refers to argv_veneer.o(.emb_text) for __ARM_argv_veneer
    libinit2.o(.ARM.Collect$$libinit$$00000029) refers to argv_veneer.o(.emb_text) for __ARM_argv_veneer
    sys_exit.o(.text) refers (Special) to use_no_semi.o(.text) for __I$use$semihosting
    sys_exit.o(.text) refers (Special) to indicate_semi.o(.text) for __semihosting_library_function
    sys_exit_hlt.o(.text) refers (Special) to use_no_semi.o(.text) for __I$use$semihosting
    sys_exit_hlt.o(.text) refers (Special) to indicate_semi.o(.text) for __semihosting_library_function
    rtexit2.o(.ARM.Collect$$rtexit$$00000003) refers to libshutdown.o(.ARM.Collect$$libshutdown$$00000000) for __rt_lib_shutdown
    rtexit2.o(.ARM.Collect$$rtexit$$00000004) refers to sys_exit.o(.text) for _sys_exit
    rtexit2.o(.ARM.exidx) refers to rtexit2.o(.ARM.Collect$$rtexit$$00000001) for .ARM.Collect$$rtexit$$00000001
    rtexit2.o(.ARM.exidx) refers to rtexit2.o(.ARM.Collect$$rtexit$$00000003) for .ARM.Collect$$rtexit$$00000003
    rtexit2.o(.ARM.exidx) refers to rtexit2.o(.ARM.Collect$$rtexit$$00000004) for .ARM.Collect$$rtexit$$00000004
    __raise.o(.text) refers to defsig.o(CL$$defsig) for __default_signal_handler
    defsig_general.o(.text) refers to sys_wrch.o(.text) for _ttywrch
    argv_veneer.o(.emb_text) refers to no_argv.o(.text) for __ARM_get_argv
    sys_wrch.o(.text) refers (Special) to use_no_semi.o(.text) for __I$use$semihosting
    sys_wrch.o(.text) refers (Special) to indicate_semi.o(.text) for __semihosting_library_function
    sys_wrch_hlt.o(.text) refers (Special) to use_no_semi.o(.text) for __I$use$semihosting
    sys_wrch_hlt.o(.text) refers (Special) to indicate_semi.o(.text) for __semihosting_library_function
    defsig.o(CL$$defsig) refers to defsig_fpe_inner.o(.text) for __rt_SIGFPE_inner
    defsig.o(CL$$defsig) refers to defsig_rtmem_inner.o(.text) for __rt_SIGRTMEM_inner
    _get_argv_nomalloc.o(.text) refers (Special) to hrguard.o(.text) for __heap_region$guard
    _get_argv_nomalloc.o(.text) refers to defsig_rtmem_outer.o(.text) for __rt_SIGRTMEM
    _get_argv_nomalloc.o(.text) refers to sys_command.o(.text) for _sys_command_string
    libshutdown.o(.ARM.Collect$$libshutdown$$00000000) refers (Special) to libshutdown2.o(.ARM.Collect$$libshutdown$$00000002) for __rt_lib_shutdown_cpp_1
    libshutdown.o(.ARM.Collect$$libshutdown$$00000000) refers (Special) to libshutdown2.o(.ARM.Collect$$libshutdown$$00000007) for __rt_lib_shutdown_fp_trap_1
    libshutdown.o(.ARM.Collect$$libshutdown$$00000000) refers (Special) to libshutdown2.o(.ARM.Collect$$libshutdown$$0000000F) for __rt_lib_shutdown_heap_1
    libshutdown.o(.ARM.Collect$$libshutdown$$00000000) refers (Special) to libshutdown2.o(.ARM.Collect$$libshutdown$$00000010) for __rt_lib_shutdown_return
    libshutdown.o(.ARM.Collect$$libshutdown$$00000000) refers (Special) to libshutdown2.o(.ARM.Collect$$libshutdown$$0000000A) for __rt_lib_shutdown_signal_1
    libshutdown.o(.ARM.Collect$$libshutdown$$00000000) refers (Special) to libshutdown2.o(.ARM.Collect$$libshutdown$$00000004) for __rt_lib_shutdown_stdio_1
    libshutdown.o(.ARM.Collect$$libshutdown$$00000000) refers (Special) to libshutdown2.o(.ARM.Collect$$libshutdown$$0000000C) for __rt_lib_shutdown_user_alloc_1
    sys_command.o(.text) refers (Special) to use_no_semi.o(.text) for __I$use$semihosting
    sys_command.o(.text) refers (Special) to indicate_semi.o(.text) for __semihosting_library_function
    sys_command_hlt.o(.text) refers (Special) to use_no_semi.o(.text) for __I$use$semihosting
    sys_command_hlt.o(.text) refers (Special) to indicate_semi.o(.text) for __semihosting_library_function
    defsig_abrt_inner.o(.text) refers to defsig_general.o(.text) for __default_signal_display
    defsig_rtred_inner.o(.text) refers to defsig_general.o(.text) for __default_signal_display
    defsig_rtmem_inner.o(.text) refers to defsig_general.o(.text) for __default_signal_display
    defsig_rtmem_outer.o(.text) refers to defsig_rtmem_inner.o(.text) for __rt_SIGRTMEM_inner
    defsig_rtmem_outer.o(.text) refers to defsig_exit.o(.text) for __sig_exit
    defsig_rtmem_formal.o(.text) refers to rt_raise.o(.text) for __rt_raise
    defsig_stak_inner.o(.text) refers to defsig_general.o(.text) for __default_signal_display
    defsig_pvfn_inner.o(.text) refers to defsig_general.o(.text) for __default_signal_display
    defsig_cppl_inner.o(.text) refers to defsig_general.o(.text) for __default_signal_display
    defsig_segv_inner.o(.text) refers to defsig_general.o(.text) for __default_signal_display
    defsig_other.o(.text) refers to defsig_general.o(.text) for __default_signal_display

