Component: Arm Compiler for Embedded 6.19 Tool: armlink [5e73cb00]

==============================================================================

Section Cross References

    startup_stm32f103xb.o(STACK) refers (Special) to heapauxi.o(.text) for __use_two_region_memory
    startup_stm32f103xb.o(HEAP) refers (Special) to heapauxi.o(.text) for __use_two_region_memory
    startup_stm32f103xb.o(RESET) refers (Special) to heapauxi.o(.text) for __use_two_region_memory
    startup_stm32f103xb.o(RESET) refers to startup_stm32f103xb.o(STACK) for __initial_sp
    startup_stm32f103xb.o(RESET) refers to startup_stm32f103xb.o(.text) for Reset_Handler
    startup_stm32f103xb.o(RESET) refers to stm32f1xx_it.o(.text.NMI_Handler) for NMI_Handler
    startup_stm32f103xb.o(RESET) refers to stm32f1xx_it.o(.text.HardFault_Handler) for HardFault_Handler
    startup_stm32f103xb.o(RESET) refers to stm32f1xx_it.o(.text.MemManage_Handler) for MemManage_Handler
    startup_stm32f103xb.o(RESET) refers to stm32f1xx_it.o(.text.BusFault_Handler) for BusFault_Handler
    startup_stm32f103xb.o(RESET) refers to stm32f1xx_it.o(.text.UsageFault_Handler) for UsageFault_Handler
    startup_stm32f103xb.o(RESET) refers to stm32f1xx_it.o(.text.SVC_Handler) for SVC_Handler
    startup_stm32f103xb.o(RESET) refers to stm32f1xx_it.o(.text.DebugMon_Handler) for DebugMon_Handler
    startup_stm32f103xb.o(RESET) refers to stm32f1xx_it.o(.text.PendSV_Handler) for PendSV_Handler
    startup_stm32f103xb.o(RESET) refers to stm32f1xx_it.o(.text.SysTick_Handler) for SysTick_Handler
    startup_stm32f103xb.o(RESET) refers to stm32f1xx_it.o(.text.USB_HP_CAN1_TX_IRQHandler) for USB_HP_CAN1_TX_IRQHandler
    startup_stm32f103xb.o(RESET) refers to stm32f1xx_it.o(.text.USB_LP_CAN1_RX0_IRQHandler) for USB_LP_CAN1_RX0_IRQHandler
    startup_stm32f103xb.o(RESET) refers to stm32f1xx_it.o(.text.TIM3_IRQHandler) for TIM3_IRQHandler
    startup_stm32f103xb.o(RESET) refers to stm32f1xx_it.o(.text.TIM4_IRQHandler) for TIM4_IRQHandler
    startup_stm32f103xb.o(RESET) refers to stm32f1xx_it.o(.text.I2C1_EV_IRQHandler) for I2C1_EV_IRQHandler
    startup_stm32f103xb.o(RESET) refers to stm32f1xx_it.o(.text.I2C1_ER_IRQHandler) for I2C1_ER_IRQHandler
    startup_stm32f103xb.o(.text) refers (Special) to heapauxi.o(.text) for __use_two_region_memory
    startup_stm32f103xb.o(.text) refers to system_stm32f1xx.o(.text.SystemInit) for SystemInit
    startup_stm32f103xb.o(.text) refers to __main.o(!!!main) for __main
    startup_stm32f103xb.o(.text) refers to startup_stm32f103xb.o(HEAP) for Heap_Mem
    startup_stm32f103xb.o(.text) refers to startup_stm32f103xb.o(STACK) for Stack_Mem
    main.o(.text._Z13Init_Channelsv) refers to main.o(.bss..L_MergedGlobals.8) for .L_MergedGlobals.8
    main.o(.text._Z13Init_Channelsv) refers to main.o(.bss.Right) for Right
    main.o(.ARM.exidx.text._Z13Init_Channelsv) refers to main.o(.text._Z13Init_Channelsv) for [Anonymous Symbol]
    main.o(.ARM.exidx.text._ZN14ChannelControl11InitChannelEv) refers to main.o(.text._ZN14ChannelControl11InitChannelEv) for [Anonymous Symbol]
    main.o(.text._Z17InitMainScreenSetv) refers to main.o(.bss..L_MergedGlobals.2) for .L_MergedGlobals.2
    main.o(.ARM.exidx.text._Z17InitMainScreenSetv) refers to main.o(.text._Z17InitMainScreenSetv) for [Anonymous Symbol]
    main.o(.text._Z14InitAnalogPinsv) refers to main.o(.bss.pa) for pa
    main.o(.text._Z14InitAnalogPinsv) refers to main.o(.bss..L_MergedGlobals.7) for .L_MergedGlobals.7
    main.o(.text._Z14InitAnalogPinsv) refers to main.o(.bss..L_MergedGlobals.6) for .L_MergedGlobals.6
    main.o(.ARM.exidx.text._Z14InitAnalogPinsv) refers to main.o(.text._Z14InitAnalogPinsv) for [Anonymous Symbol]
    main.o(.ARM.exidx.text._Z17CurrentProtectionP12AnalogFilter) refers to main.o(.text._Z17CurrentProtectionP12AnalogFilter) for [Anonymous Symbol]
    main.o(.ARM.exidx.text._Z16_joystick_filterP14JoystickFilter) refers to main.o(.text._Z16_joystick_filterP14JoystickFilter) for [Anonymous Symbol]
    main.o(.text._Z14_switch_filterP12SwitchFilter) refers to stm32f1xx_hal_gpio.o(.text.HAL_GPIO_ReadPin) for HAL_GPIO_ReadPin
    main.o(.ARM.exidx.text._Z14_switch_filterP12SwitchFilter) refers to main.o(.text._Z14_switch_filterP12SwitchFilter) for [Anonymous Symbol]
    main.o(.text._Z16Init_Protectionsv) refers to main.o(.bss.params_buf) for params_buf
    main.o(.text._Z16Init_Protectionsv) refers to main.o(.bss..L_MergedGlobals.5) for .L_MergedGlobals.5
    main.o(.text._Z16Init_Protectionsv) refers to main.o(.bss..L_MergedGlobals.6) for .L_MergedGlobals.6
    main.o(.ARM.exidx.text._Z16Init_Protectionsv) refers to main.o(.text._Z16Init_Protectionsv) for [Anonymous Symbol]
    main.o(.ARM.exidx.text._Z13AnalogPinTripP12AnalogFilter) refers to main.o(.text._Z13AnalogPinTripP12AnalogFilter) for [Anonymous Symbol]
    main.o(.text._Z13AnalogAverageP12AnalogFilter) refers to lludivv7m.o(.text) for __aeabi_uldivmod
[...]
    x$fpl$dsub                               0x0800893c   Section      476  daddsub_clz.o(x$fpl$dsub)
    _dsub1                                   0x0800894d   Thumb Code     0  daddsub_clz.o(x$fpl$dsub)
    x$fpl$f2d                                0x08008b18   Section       86  f2d.o(x$fpl$f2d)
    x$fpl$fadd                               0x08008b70   Section      196  faddsub_clz.o(x$fpl$fadd)
    _fadd1                                   0x08008b7f   Thumb Code     0  faddsub_clz.o(x$fpl$fadd)
    x$fpl$fcmp                               0x08008c34   Section       84  fcmp.o(x$fpl$fcmp)
    x$fpl$fcmpinf                            0x08008c88   Section       24  fcmpi.o(x$fpl$fcmpinf)
    _fdiv1                                   0x08008ca1   Thumb Code     0  fdiv.o(x$fpl$fdiv)
    x$fpl$fdiv                               0x08008ca0   Section      388  fdiv.o(x$fpl$fdiv)
    x$fpl$feqf                               0x08008e24   Section      104  feqf.o(x$fpl$feqf)
    x$fpl$ffix                               0x08008e8c   Section       54  ffix.o(x$fpl$ffix)
    x$fpl$ffltu                              0x08008ec4   Section       38  fflt_clz.o(x$fpl$ffltu)
    x$fpl$fgeqf                              0x08008eec   Section      104  fgeqf.o(x$fpl$fgeqf)
    x$fpl$fleqf                              0x08008f54   Section      104  fleqf.o(x$fpl$fleqf)
    x$fpl$fmul                               0x08008fbc   Section      258  fmul.o(x$fpl$fmul)
    x$fpl$fnaninf                            0x080090be   Section      140  fnaninf.o(x$fpl$fnaninf)
    x$fpl$fretinf                            0x0800914a   Section       10  fretinf.o(x$fpl$fretinf)
    x$fpl$fsub                               0x08009154   Section      234  faddsub_clz.o(x$fpl$fsub)
    _fsub1                                   0x08009163   Thumb Code     0  faddsub_clz.o(x$fpl$fsub)
    x$fpl$usenofp                            0x0800923e   Section        0  usenofp.o(x$fpl$usenofp)
    HAL_RCC_GetSysClockFreq.aPredivFactorTable 0x08009256   Data           2  stm32f1xx_hal_rcc.o(.rodata.HAL_RCC_GetSysClockFreq.aPredivFactorTable)
    [Anonymous Symbol]                       0x08009256   Section        0  stm32f1xx_hal_rcc.o(.rodata.HAL_RCC_GetSysClockFreq.aPredivFactorTable)
    menus                                    0x08009258   Data        3015  main.o(.rodata._ZL5menus)
    [Anonymous Symbol]                       0x08009258   Section        0  main.o(.rodata._ZL5menus)
    HAL_RCC_GetSysClockFreq.aPLLMULFactorTable 0x08009e1f   Data          16  stm32f1xx_hal_rcc.o(.rodata.cst16)
    [Anonymous Symbol]                       0x08009e1f   Section        0  stm32f1xx_hal_rcc.o(.rodata.cst16)
    .L_MergedGlobals                         0x20000000   Data           8  main.o(.data..L_MergedGlobals)
    [Anonymous Symbol]                       0x20000000   Section        0  main.o(.data..L_MergedGlobals)
    .L_MergedGlobals                         0x20000008   Data           8  stm32f1xx_hal.o(.data..L_MergedGlobals)
    [Anonymous Symbol]                       0x20000008   Section        0  stm32f1xx_hal.o(.data..L_MergedGlobals)
    .bss                                     0x20000018   Section       96  libspace.o(.bss)
    .L_MergedGlobals.2                       0x20000078   Data         114  main.o(.bss..L_MergedGlobals.2)
    [Anonymous Symbol]                       0x20000078   Section        0  main.o(.bss..L_MergedGlobals.2)
    simpleKalman(float)::_err_estimate       0x20000084   Data           4  main.o(.bss..L_MergedGlobals.2)
    guard variable for simpleKalman(float)::_err_estimate 0x20000088   Data           4  main.o(.bss..L_MergedGlobals.2)
    simpleKalman(float)::_last_estimate      0x2000008c   Data           4  main.o(.bss..L_MergedGlobals.2)
    .L_MergedGlobals.3                       0x200000f0   Data         120  main.o(.bss..L_MergedGlobals.3)
    [Anonymous Symbol]                       0x200000f0   Section        0  main.o(.bss..L_MergedGlobals.3)
    .L_MergedGlobals.4                       0x20000168   Data         120  main.o(.bss..L_MergedGlobals.4)
    [Anonymous Symbol]                       0x20000168   Section        0  main.o(.bss..L_MergedGlobals.4)
    .L_MergedGlobals.5                       0x200001e0   Data         120  main.o(.bss..L_MergedGlobals.5)
    [Anonymous Symbol]                       0x200001e0   Section        0  main.o(.bss..L_MergedGlobals.5)
    .L_MergedGlobals.6                       0x20000258   Data         100  main.o(.bss..L_MergedGlobals.6)
    [Anonymous Symbol]                       0x20000258   Section        0  main.o(.bss..L_MergedGlobals.6)
    .L_MergedGlobals.7                       0x200002bc   Data         100  main.o(.bss..L_MergedGlobals.7)
    [Anonymous Symbol]                       0x200002bc   Section        0  main.o(.bss..L_MergedGlobals.7)
    .L_MergedGlobals.8                       0x20000320   Data         108  main.o(.bss..L_MergedGlobals.8)
    [Anonymous Symbol]                       0x20000320   Section        0  main.o(.bss..L_MergedGlobals.8)
    erase_flash()::EraseInitStruct           0x200003c8   Data          16  flashprom.o(.bss._ZZ11erase_flashvE15EraseInitStruct)
    [Anonymous Symbol]                       0x200003c8   Section        0  flashprom.o(.bss._ZZ11erase_flashvE15EraseInitStruct)
    Heap_Mem                                 0x200008c0   Data         512  startup_stm32f103xb.o(HEAP)
    HEAP                                     0x200008c0   Section      512  startup_stm32f103xb.o(HEAP)
    Stack_Mem                                0x20000ac0   Data        1024  startup_stm32f103xb.o(STACK)
    STACK                                    0x20000ac0   Section     1024  startup_stm32f103xb.o(STACK)
    __initial_sp                             0x20000ec0   Data           0  startup_stm32f103xb.o(STACK)

    Global Symbols

    Symbol Name                              Value     Ov Type        Size  Object(Section)

    BuildAttributes$$THM_ISAv4$P$D$K$B$S$PE$A:L22UL41UL21$X:L11$S22US41US21$IEEE1$IW$~IW$USESV6$~STKCKD$USESV7$~SHL$OTIME$ROPI$IEEEJ$EBA8$UX$STANDARDLIB$REQ8$PRES8$EABIv2 0x00000000   Number         0  anon$$obj.o ABSOLUTE
    __fp_init_empty                          0x00000000   Number         0  fpinit_empty.o ABSOLUTE
    __ARM_exceptions_init                     - Undefined Weak Reference
    __alloca_initialize                       - Undefined Weak Reference
    __arm_preinit_                            - Undefined Weak Reference
    __arm_relocate_pie_                       - Undefined Weak Reference
    __cpp_initialize__aeabi_                  - Undefined Weak Reference
    __cxa_finalize                            - Undefined Weak Reference
    __rt_locale                               - Undefined Weak Reference
    __sigvec_lookup                           - Undefined Weak Reference
    _atexit_init                              - Undefined Weak Reference
    _call_atexit_fns                          - Undefined Weak Reference
    _clock_init                               - Undefined Weak Reference
    _fp_trap_init                             - Undefined Weak Reference
    _fp_trap_shutdown                         - Undefined Weak Reference
    _get_lc_collate                           - Undefined Weak Reference
    _get_lc_ctype                             - Undefined Weak Reference
    _get_lc_monetary                          - Undefined Weak Reference
    _get_lc_numeric                           - Undefined Weak Reference
    _get_lc_time                              - Undefined Weak Reference
    _getenv_init                              - Undefined Weak Reference
    _handle_redirection                       - Undefined Weak Reference
    _init_alloc                               - Undefined Weak Reference
    _init_user_alloc                          - Undefined Weak Reference
    _initio                                   - Undefined Weak Reference
    _rand_init                                - Undefined Weak Reference
    _signal_finish                            - Undefined Weak Reference
    _signal_init                              - Undefined Weak Reference
    _terminate_alloc                          - Undefined Weak Reference
    _terminate_user_alloc                     - Undefined Weak Reference
    _terminateio                              - Undefined Weak Reference
    __Vectors_Size                           0x000000ec   Number         0  startup_stm32f103xb.o ABSOLUTE
    __Vectors                                0x08000000   Data           4  startup_stm32f103xb.o(RESET)
    __Vectors_End                            0x080000ec   Data           0  startup_stm32f103xb.o(RESET)
    __main                                   0x080000ed   Thumb Code     8  __main.o(!!!main)
    __scatterload                            0x080000f5   Thumb Code     0  __scatter.o(!!!scatter)
    __scatterload_rt2                        0x080000f5   Thumb Code    44  __scatter.o(!!!scatter)
    __scatterload_rt2_thumb_only             0x080000f5   Thumb Code     0  __scatter.o(!!!scatter)
    __scatterload_null                       0x08000103   Thumb Code     0  __scatter.o(!!!scatter)
    __scatterload_copy                       0x08000129   Thumb Code    26  __scatter_copy.o(!!handler_copy)
    __scatterload_zeroinit                   0x08000145   Thumb Code    28  __scatter_zi.o(!!handler_zi)
    __rt_lib_init                            0x08000161   Thumb Code     0  libinit.o(.ARM.Collect$$libinit$$00000000)
    __rt_lib_init_alloca_1                   0x08000163   Thumb Code     0  libinit2.o(.ARM.Collect$$libinit$$00000030)
    __rt_lib_init_argv_1                     0x08000163   Thumb Code     0  libinit2.o(.ARM.Collect$$libinit$$0000002E)
    __rt_lib_init_atexit_1                   0x08000163   Thumb Code     0  libinit2.o(.ARM.Collect$$libinit$$0000001D)
    __rt_lib_init_clock_1                    0x08000163   Thumb Code     0  libinit2.o(.ARM.Collect$$libinit$$00000023)
    __rt_lib_init_cpp_1                      0x08000163   Thumb Code     0  libinit2.o(.ARM.Collect$$libinit$$00000034)
    __rt_lib_init_exceptions_1               0x08000163   Thumb Code     0  libinit2.o(.ARM.Collect$$libinit$$00000032)
    __rt_lib_init_fp_1                       0x08000163   Thumb Code     0  libinit2.o(.ARM.Collect$$libinit$$00000002)
    __rt_lib_init_fp_trap_1                  0x08000163   Thumb Code     0  libinit2.o(.ARM.Collect$$libinit$$00000021)
    __rt_lib_init_getenv_1                   0x08000163   Thumb Code     0  libinit2.o(.ARM.Collect$$libinit$$00000025)
    __rt_lib_init_heap_1                     0x08000163   Thumb Code     0  libinit2.o(.ARM.Collect$$libinit$$0000000C)
    __rt_lib_init_lc_collate_1               0x08000163   Thumb Code     0  libinit2.o(.ARM.Collect$$libinit$$00000013)
    __rt_lib_init_lc_ctype_1                 0x08000163   Thumb Code     0  libinit2.o(.ARM.Collect$$libinit$$00000015)
    __rt_lib_init_lc_monetary_1              0x08000163   Thumb Code     0  libinit2.o(.ARM.Collect$$libinit$$00000017)
    __rt_lib_init_lc_numeric_1               0x08000163   Thumb Code     0  libinit2.o(.ARM.Collect$$libinit$$00000019)
    __rt_lib_init_lc_time_1                  0x08000163   Thumb Code     0  libinit2.o(.ARM.Collect$$libinit$$0000001B)
    __rt_lib_init_preinit_1                  0x08000163   Thumb Code     0  libinit2.o(.ARM.Collect$$libinit$$00000006)
    __rt_lib_init_rand_1                     0x08000163   Thumb Code     0  libinit2.o(.ARM.Collect$$libinit$$00000010)
    __rt_lib_init_relocate_pie_1             0x08000163   Thumb Code     0  libinit2.o(.ARM.Collect$$libinit$$00000004)
    __rt_lib_init_return                     0x08000163   Thumb Code     0  libinit2.o(.ARM.Collect$$libinit$$00000035)
    __rt_lib_init_signal_1                   0x08000163   Thumb Code     0  libinit2.o(.ARM.Collect$$libinit$$0000001F)
    __rt_lib_init_stdio_1                    0x08000163   Thumb Code     0  libinit2.o(.ARM.Collect$$libinit$$00000027)
    __rt_lib_init_user_alloc_1               0x08000163   Thumb Code     0  libinit2.o(.ARM.Collect$$libinit$$0000000E)
    __rt_lib_shutdown                        0x08000165   Thumb Code     0  libshutdown.o(.ARM.Collect$$libshutdown$$00000000)
    __rt_lib_shutdown_cpp_1                  0x08000167   Thumb Code     0  libshutdown2.o(.ARM.Collect$$libshutdown$$00000002)
    __rt_lib_shutdown_fp_trap_1              0x08000167   Thumb Code     0  libshutdown2.o(.ARM.Collect$$libshutdown$$00000007)
    __rt_lib_shutdown_heap_1                 0x08000167   Thumb Code     0  libshutdown2.o(.ARM.Collect$$libshutdown$$0000000F)
    __rt_lib_shutdown_return                 0x08000167   Thumb Code     0  libshutdown2.o(.ARM.Collect$$libshutdown$$00000010)
    __rt_lib_shutdown_signal_1               0x08000167   Thumb Code     0  libshutdown2.o(.ARM.Collect$$libshutdown$$0000000A)
    __rt_lib_shutdown_stdio_1                0x08000167   Thumb Code     0  libshutdown2.o(.ARM.Collect$$libshutdown$$00000004)
    __rt_lib_shutdown_user_alloc_1           0x08000167   Thumb Code     0  libshutdown2.o(.ARM.Collect$$libshutdown$$0000000C)
    __rt_entry                               0x08000169   Thumb Code     0  __rtentry.o(.ARM.Collect$$rtentry$$00000000)
    __rt_entry_presh_1                       0x08000169   Thumb Code     0  __rtentry2.o(.ARM.Collect$$rtentry$$00000002)
    __rt_entry_sh                            0x08000169   Thumb Code     0  __rtentry4.o(.ARM.Collect$$rtentry$$00000004)
    __rt_entry_li                            0x0800016f   Thumb Code     0  __rtentry2.o(.ARM.Collect$$rtentry$$0000000A)
    __rt_entry_postsh_1                      0x0800016f   Thumb Code     0  __rtentry2.o(.ARM.Collect$$rtentry$$00000009)
    __rt_entry_main                          0x08000173   Thumb Code     0  __rtentry2.o(.ARM.Collect$$rtentry$$0000000D)
    __rt_entry_postli_1                      0x08000173   Thumb Code     0  __rtentry2.o(.ARM.Collect$$rtentry$$0000000C)
    __rt_exit                                0x0800017b   Thumb Code     0  rtexit.o(.ARM.Collect$$rtexit$$00000000)
    __rt_exit_ls                             0x0800017d   Thumb Code     0  rtexit2.o(.ARM.Collect$$rtexit$$00000003)
    __rt_exit_prels_1                        0x0800017d   Thumb Code     0  rtexit2.o(.ARM.Collect$$rtexit$$00000002)
    __rt_exit_exit                           0x08000181   Thumb Code     0  rtexit2.o(.ARM.Collect$$rtexit$$00000004)
    Reset_Handler                            0x08000189   Thumb Code     8  startup_stm32f103xb.o(.text)
    ADC1_2_IRQHandler                        0x080001a3   Thumb Code     0  startup_stm32f103xb.o(.text)
    CAN1_RX1_IRQHandler                      0x080001a3   Thumb Code     0  startup_stm32f103xb.o(.text)
    CAN1_SCE_IRQHandler                      0x080001a3   Thumb Code     0  startup_stm32f103xb.o(.text)
    DMA1_Channel1_IRQHandler                 0x080001a3   Thumb Code     0  startup_stm32f103xb.o(.text)
    DMA1_Channel2_IRQHandler                 0x080001a3   Thumb Code     0  startup_stm32f103xb.o(.text)
    DMA1_Channel3_IRQHandler                 0x080001a3   Thumb Code     0  startup_stm32f103xb.o(.text)
    DMA1_Channel4_IRQHandler                 0x080001a3   Thumb Code     0  startup_stm32f103xb.o(.text)
    DMA1_Channel5_IRQHandler                 0x080001a3   Thumb Code     0  startup_stm32f103xb.o(.text)
    DMA1_Channel6_IRQHandler                 0x080001a3   Thumb Code     0  startup_stm32f103xb.o(.text)
    DMA1_Channel7_IRQHandler                 0x080001a3   Thumb Code     0  startup_stm32f103xb.o(.text)
    EXTI0_IRQHandler                         0x080001a3   Thumb Code     0  startup_stm32f103xb.o(.text)
    EXTI15_10_IRQHandler                     0x080001a3   Thumb Code     0  startup_stm32f103xb.o(.text)
    EXTI1_IRQHandler                         0x080001a3   Thumb Code     0  startup_stm32f103xb.o(.text)
    EXTI2_IRQHandler                         0x080001a3   Thumb Code     0  startup_stm32f103xb.o(.text)
    EXTI3_IRQHandler                         0x080001a3   Thumb Code     0  startup_stm32f103xb.o(.text)
    EXTI4_IRQHandler                         0x080001a3   Thumb Code     0  startup_stm32f103xb.o(.text)
    EXTI9_5_IRQHandler                       0x080001a3   Thumb Code     0  startup_stm32f103xb.o(.text)
    FLASH_IRQHandler                         0x080001a3   Thumb Code     0  startup_stm32f103xb.o(.text)
    I2C2_ER_IRQHandler                       0x080001a3   Thumb Code     0  startup_stm32f103xb.o(.text)
    I2C2_EV_IRQHandler                       0x080001a3   Thumb Code     0  startup_stm32f103xb.o(.text)
    PVD_IRQHandler                           0x080001a3   Thumb Code     0  startup_stm32f103xb.o(.text)
    RCC_IRQHandler                           0x080001a3   Thumb Code     0  startup_stm32f103xb.o(.text)
    RTC_Alarm_IRQHandler                     0x080001a3   Thumb Code     0  startup_stm32f103xb.o(.text)
    RTC_IRQHandler                           0x080001a3   Thumb Code     0  startup_stm32f103xb.o(.text)
    SPI1_IRQHandler                          0x080001a3   Thumb Code     0  startup_stm32f103xb.o(.text)
    SPI2_IRQHandler                          0x080001a3   Thumb Code     0  startup_stm32f103xb.o(.text)
    TAMPER_IRQHandler                        0x080001a3   Thumb Code     0  startup_stm32f103xb.o(.text)
    TIM1_BRK_IRQHandler                      0x080001a3   Thumb Code     0  startup_stm32f103xb.o(.text)
    TIM1_CC_IRQHandler                       0x080001a3   Thumb Code     0  startup_stm32f103xb.o(.text)
    TIM1_TRG_COM_IRQHandler                  0x080001a3   Thumb Code     0  startup_stm32f103xb.o(.text)
    TIM1_UP_IRQHandler                       0x080001a3   Thumb Code     0  startup_stm32f103xb.o(.text)
    TIM2_IRQHandler                          0x080001a3   Thumb Code     0  startup_stm32f103xb.o(.text)
    USART1_IRQHandler                        0x080001a3   Thumb Code     0  startup_stm32f103xb.o(.text)
    USART2_IRQHandler                        0x080001a3   Thumb Code     0  startup_stm32f103xb.o(.text)
    USART3_IRQHandler                        0x080001a3   Thumb Code     0  startup_stm32f103xb.o(.text)
    USBWakeUp_IRQHandler                     0x080001a3   Thumb Code     0  startup_stm32f103xb.o(.text)
    WWDG_IRQHandler                          0x080001a3   Thumb Code     0  startup_stm32f103xb.o(.text)
    __user_initial_stackheap                 0x080001a5   Thumb Code     0  startup_stm32f103xb.o(.text)
    __aeabi_uldivmod                         0x080001c9   Thumb Code     0  lludivv7m.o(.text)
    _ll_udiv                                 0x080001c9   Thumb Code   240  lludivv7m.o(.text)
    __use_two_region_memory                  0x080002b9   Thumb Code     2  heapauxi.o(.text)
    __rt_heap_escrow$2region                 0x080002bb   Thumb Code     2  heapauxi.o(.text)
    __rt_heap_expand$2region                 0x080002bd   Thumb Code     2  heapauxi.o(.text)
    __read_errno                             0x080002bf   Thumb Code    10  _rserrno.o(.text)
    __set_errno                              0x080002c9   Thumb Code    12  _rserrno.o(.text)
    __aeabi_errno_addr                       0x080002d5   Thumb Code     8  rt_errno_addr_intlibspace.o(.text)
    __errno$intlibspace                      0x080002d5   Thumb Code     0  rt_errno_addr_intlibspace.o(.text)
    __rt_errno_addr$intlibspace              0x080002d5   Thumb Code     0  rt_errno_addr_intlibspace.o(.text)
    abort                                    0x080002dd   Thumb Code    22  abort.o(.text)
    _sys_exit                                0x080002f5   Thumb Code     8  sys_exit.o(.text)
    __user_libspace                          0x08000301   Thumb Code     8  libspace.o(.text)
    __user_perproc_libspace                  0x08000301   Thumb Code     0  libspace.o(.text)
    __user_perthread_libspace                0x08000301   Thumb Code     0  libspace.o(.text)
    __user_setup_stackheap                   0x08000309   Thumb Code    74  sys_stackheap_outer.o(.text)
    exit                                     0x08000353   Thumb Code    18  exit.o(.text)
    __rt_SIGABRT                             0x08000365   Thumb Code    14  defsig_abrt_outer.o(.text)
    __I$use$semihosting                      0x08000373   Thumb Code     0  use_no_semi.o(.text)
    __use_no_semihosting_swi                 0x08000373   Thumb Code     2  use_no_semi.o(.text)
    __semihosting_library_function           0x08000375   Thumb Code     0  indicate_semi.o(.text)
    __sig_exit                               0x08000375   Thumb Code    10  defsig_exit.o(.text)
    __rt_SIGABRT_inner                       0x08000381   Thumb Code    14  defsig_abrt_inner.o(.text)
    __default_signal_display                 0x080003b1   Thumb Code    50  defsig_general.o(.text)
    _ttywrch                                 0x080003e3   Thumb Code    14  sys_wrch.o(.text)
    ADC_Enable                               0x080003f1   Thumb Code   182  stm32f1xx_hal_adc.o(.text.ADC_Enable)
    BusFault_Handler                         0x080004a9   Thumb Code     2  stm32f1xx_it.o(.text.BusFault_Handler)
    DebugMon_Handler                         0x080004ad   Thumb Code     2  stm32f1xx_it.o(.text.DebugMon_Handler)
    FLASH_WaitForLastOperation               0x080004b1   Thumb Code   224  stm32f1xx_hal_flash.o(.text.FLASH_WaitForLastOperation)
    HAL_ADC_ConfigChannel                    0x08000591   Thumb Code   396  stm32f1xx_hal_adc.o(.text.HAL_ADC_ConfigChannel)
    HAL_ADC_GetValue                         0x0800071d   Thumb Code     6  stm32f1xx_hal_adc.o(.text.HAL_ADC_GetValue)
    HAL_ADC_Init                             0x08000725   Thumb Code   348  stm32f1xx_hal_adc.o(.text.HAL_ADC_Init)
    HAL_ADC_MspInit                          0x08000881   Thumb Code    98  stm32f1xx_hal_msp.o(.text.HAL_ADC_MspInit)
    HAL_ADC_PollForConversion                0x080008e5   Thumb Code   616  stm32f1xx_hal_adc.o(.text.HAL_ADC_PollForConversion)
    HAL_ADC_Start                            0x08000b4d   Thumb Code   204  stm32f1xx_hal_adc.o(.text.HAL_ADC_Start)
    HAL_ADC_Stop                             0x08000c19   Thumb Code   126  stm32f1xx_hal_adc.o(.text.HAL_ADC_Stop)
    HAL_CAN_ActivateNotification             0x08000c99   Thumb Code    46  stm32f1xx_hal_can.o(.text.HAL_CAN_ActivateNotification)
    HAL_CAN_AddTxMessage                     0x08000cc9   Thumb Code   168  stm32f1xx_hal_can.o(.text.HAL_CAN_AddTxMessage)
    HAL_CAN_ConfigFilter                     0x08000d71   Thumb Code   234  stm32f1xx_hal_can.o(.text.HAL_CAN_ConfigFilter)
    HAL_CAN_ErrorCallback                    0x08000e5d   Thumb Code     2  stm32f1xx_hal_can.o(.text.HAL_CAN_ErrorCallback)
    HAL_CAN_GetTxMailboxesFreeLevel          0x08000e61   Thumb Code    40  stm32f1xx_hal_can.o(.text.HAL_CAN_GetTxMailboxesFreeLevel)
    HAL_CAN_IRQHandler                       0x08000e89   Thumb Code   606  stm32f1xx_hal_can.o(.text.HAL_CAN_IRQHandler)
    HAL_CAN_Init                             0x080010e9   Thumb Code   244  stm32f1xx_hal_can.o(.text.HAL_CAN_Init)
    HAL_CAN_MspInit                          0x080011dd   Thumb Code   186  stm32f1xx_hal_msp.o(.text.HAL_CAN_MspInit)
    HAL_CAN_RxFifo0FullCallback              0x08001299   Thumb Code     2  stm32f1xx_hal_can.o(.text.HAL_CAN_RxFifo0FullCallback)
    HAL_CAN_RxFifo0MsgPendingCallback        0x0800129d   Thumb Code     2  stm32f1xx_hal_can.o(.text.HAL_CAN_RxFifo0MsgPendingCallback)
    HAL_CAN_RxFifo1FullCallback              0x080012a1   Thumb Code     2  stm32f1xx_hal_can.o(.text.HAL_CAN_RxFifo1FullCallback)
    HAL_CAN_RxFifo1MsgPendingCallback        0x080012a5   Thumb Code     2  stm32f1xx_hal_can.o(.text.HAL_CAN_RxFifo1MsgPendingCallback)
    HAL_CAN_SleepCallback                    0x080012a9   Thumb Code     2  stm32f1xx_hal_can.o(.text.HAL_CAN_SleepCallback)
    HAL_CAN_Start                            0x080012ad   Thumb Code    90  stm32f1xx_hal_can.o(.text.HAL_CAN_Start)
    HAL_CAN_TxMailbox0AbortCallback          0x08001309   Thumb Code     2  stm32f1xx_hal_can.o(.text.HAL_CAN_TxMailbox0AbortCallback)
    HAL_CAN_TxMailbox0CompleteCallback       0x0800130d   Thumb Code     2  stm32f1xx_hal_can.o(.text.HAL_CAN_TxMailbox0CompleteCallback)
    HAL_CAN_TxMailbox1AbortCallback          0x08001311   Thumb Code     2  stm32f1xx_hal_can.o(.text.HAL_CAN_TxMailbox1AbortCallback)
    HAL_CAN_TxMailbox1CompleteCallback       0x08001315   Thumb Code     2  stm32f1xx_hal_can.o(.text.HAL_CAN_TxMailbox1CompleteCallback)
    HAL_CAN_TxMailbox2AbortCallback          0x08001319   Thumb Code     2  stm32f1xx_hal_can.o(.text.HAL_CAN_TxMailbox2AbortCallback)
    HAL_CAN_TxMailbox2CompleteCallback       0x0800131d   Thumb Code     2  stm32f1xx_hal_can.o(.text.HAL_CAN_TxMailbox2CompleteCallback)
    HAL_CAN_WakeUpFromRxMsgCallback          0x08001321   Thumb Code     2  stm32f1xx_hal_can.o(.text.HAL_CAN_WakeUpFromRxMsgCallback)
    HAL_CRC_Calculate                        0x08001325   Thumb Code   136  stm32f1xx_hal_crc.o(.text.HAL_CRC_Calculate)
    HAL_CRC_Init                             0x080013ad   Thumb Code    42  stm32f1xx_hal_crc.o(.text.HAL_CRC_Init)
    HAL_CRC_MspInit                          0x080013d9   Thumb Code    50  stm32f1xx_hal_msp.o(.text.HAL_CRC_MspInit)
    HAL_DMA_Abort_IT                         0x0800140d   Thumb Code   178  stm32f1xx_hal_dma.o(.text.HAL_DMA_Abort_IT)
    HAL_DMA_GetState                         0x080014c1   Thumb Code     6  stm32f1xx_hal_dma.o(.text.HAL_DMA_GetState)
    HAL_Delay                                0x080014c9   Thumb Code    40  stm32f1xx_hal.o(.text.HAL_Delay)
    HAL_FLASHEx_Erase                        0x080014f1   Thumb Code   238  stm32f1xx_hal_flash_ex.o(.text.HAL_FLASHEx_Erase)
    HAL_FLASH_GetError                       0x080015e1   Thumb Code    12  stm32f1xx_hal_flash.o(.text.HAL_FLASH_GetError)
    HAL_FLASH_Lock                           0x080015ed   Thumb Code    20  stm32f1xx_hal_flash.o(.text.HAL_FLASH_Lock)
    HAL_FLASH_Program                        0x08001601   Thumb Code   172  stm32f1xx_hal_flash.o(.text.HAL_FLASH_Program)
    HAL_FLASH_Unlock                         0x080016ad   Thumb Code    46  stm32f1xx_hal_flash.o(.text.HAL_FLASH_Unlock)
    HAL_GPIO_Init                            0x080016dd   Thumb Code   538  stm32f1xx_hal_gpio.o(.text.HAL_GPIO_Init)
    HAL_GPIO_ReadPin                         0x080018f9   Thumb Code    10  stm32f1xx_hal_gpio.o(.text.HAL_GPIO_ReadPin)
    HAL_GPIO_WritePin                        0x08001905   Thumb Code    10  stm32f1xx_hal_gpio.o(.text.HAL_GPIO_WritePin)
    HAL_GetTick                              0x08001911   Thumb Code    12  stm32f1xx_hal.o(.text.HAL_GetTick)
    HAL_I2C_AbortCpltCallback                0x0800191d   Thumb Code     2  stm32f1xx_hal_i2c.o(.text.HAL_I2C_AbortCpltCallback)
    HAL_I2C_AddrCallback                     0x08001921   Thumb Code     2  stm32f1xx_hal_i2c.o(.text.HAL_I2C_AddrCallback)
    HAL_I2C_ER_IRQHandler                    0x08001925   Thumb Code   340  stm32f1xx_hal_i2c.o(.text.HAL_I2C_ER_IRQHandler)
    HAL_I2C_EV_IRQHandler                    0x08001a79   Thumb Code  1628  stm32f1xx_hal_i2c.o(.text.HAL_I2C_EV_IRQHandler)
    HAL_I2C_ErrorCallback                    0x080020d5   Thumb Code     2  stm32f1xx_hal_i2c.o(.text.HAL_I2C_ErrorCallback)
    HAL_I2C_Init                             0x080020d9   Thumb Code   374  stm32f1xx_hal_i2c.o(.text.HAL_I2C_Init)
    HAL_I2C_ListenCpltCallback               0x08002251   Thumb Code     2  stm32f1xx_hal_i2c.o(.text.HAL_I2C_ListenCpltCallback)
    HAL_I2C_MasterRxCpltCallback             0x08002255   Thumb Code     2  stm32f1xx_hal_i2c.o(.text.HAL_I2C_MasterRxCpltCallback)
    HAL_I2C_MasterTxCpltCallback             0x08002259   Thumb Code     2  stm32f1xx_hal_i2c.o(.text.HAL_I2C_MasterTxCpltCallback)
    HAL_I2C_Master_Receive_IT                0x0800225d   Thumb Code   380  stm32f1xx_hal_i2c.o(.text.HAL_I2C_Master_Receive_IT)
    HAL_I2C_Master_Transmit                  0x080023d9   Thumb Code   468  stm32f1xx_hal_i2c.o(.text.HAL_I2C_Master_Transmit)
    HAL_I2C_MemRxCpltCallback                0x080025ad   Thumb Code     2  stm32f1xx_hal_i2c.o(.text.HAL_I2C_MemRxCpltCallback)
    HAL_I2C_MemTxCpltCallback                0x080025b1   Thumb Code     2  stm32f1xx_hal_i2c.o(.text.HAL_I2C_MemTxCpltCallback)
    HAL_I2C_MspInit                          0x080025b5   Thumb Code   130  stm32f1xx_hal_msp.o(.text.HAL_I2C_MspInit)
    HAL_I2C_SlaveRxCpltCallback              0x08002639   Thumb Code     2  stm32f1xx_hal_i2c.o(.text.HAL_I2C_SlaveRxCpltCallback)
    HAL_I2C_SlaveTxCpltCallback              0x0800263d   Thumb Code     2  stm32f1xx_hal_i2c.o(.text.HAL_I2C_SlaveTxCpltCallback)
    HAL_IWDG_Init                            0x08002641   Thumb Code    92  stm32f1xx_hal_iwdg.o(.text.HAL_IWDG_Init)
    HAL_IWDG_Refresh                         0x0800269d   Thumb Code    12  stm32f1xx_hal_iwdg.o(.text.HAL_IWDG_Refresh)
    HAL_IncTick                              0x080026a9   Thumb Code    26  stm32f1xx_hal.o(.text.HAL_IncTick)
    HAL_Init                                 0x080026c5   Thumb Code    38  stm32f1xx_hal.o(.text.HAL_Init)
    HAL_InitTick                             0x080026ed   Thumb Code    72  stm32f1xx_hal.o(.text.HAL_InitTick)
    HAL_MspInit                              0x08002735   Thumb Code    66  stm32f1xx_hal_msp.o(.text.HAL_MspInit)
    HAL_NVIC_EnableIRQ                       0x08002779   Thumb Code    38  stm32f1xx_hal_cortex.o(.text.HAL_NVIC_EnableIRQ)
    HAL_NVIC_SetPriority                     0x080027a1   Thumb Code    86  stm32f1xx_hal_cortex.o(.text.HAL_NVIC_SetPriority)
    HAL_NVIC_SetPriorityGrouping             0x080027f9   Thumb Code    32  stm32f1xx_hal_cortex.o(.text.HAL_NVIC_SetPriorityGrouping)
    HAL_PCD_DataInStageCallback              0x08002819   Thumb Code     2  stm32f1xx_hal_pcd.o(.text.HAL_PCD_DataInStageCallback)
    HAL_PCD_DataOutStageCallback             0x0800281d   Thumb Code     2  stm32f1xx_hal_pcd.o(.text.HAL_PCD_DataOutStageCallback)
    HAL_PCD_IRQHandler                       0x08002821   Thumb Code  2426  stm32f1xx_hal_pcd.o(.text.HAL_PCD_IRQHandler)
    HAL_PCD_Init                             0x0800319d   Thumb Code   578  stm32f1xx_hal_pcd.o(.text.HAL_PCD_Init)
    HAL_PCD_MspInit                          0x080033e1   Thumb Code    86  stm32f1xx_hal_msp.o(.text.HAL_PCD_MspInit)
    HAL_PCD_ResetCallback                    0x08003439   Thumb Code     2  stm32f1xx_hal_pcd.o(.text.HAL_PCD_ResetCallback)
    HAL_PCD_ResumeCallback                   0x0800343d   Thumb Code     2  stm32f1xx_hal_pcd.o(.text.HAL_PCD_ResumeCallback)
    HAL_PCD_SOFCallback                      0x08003441   Thumb Code     2  stm32f1xx_hal_pcd.o(.text.HAL_PCD_SOFCallback)
    HAL_PCD_SetupStageCallback               0x08003445   Thumb Code     2  stm32f1xx_hal_pcd.o(.text.HAL_PCD_SetupStageCallback)
    HAL_PCD_SuspendCallback                  0x08003449   Thumb Code     2  stm32f1xx_hal_pcd.o(.text.HAL_PCD_SuspendCallback)
    HAL_RCCEx_GetPeriphCLKFreq               0x0800344d   Thumb Code   220  stm32f1xx_hal_rcc_ex.o(.text.HAL_RCCEx_GetPeriphCLKFreq)
    HAL_RCCEx_PeriphCLKConfig                0x0800353d   Thumb Code   266  stm32f1xx_hal_rcc_ex.o(.text.HAL_RCCEx_PeriphCLKConfig)
    HAL_RCC_ClockConfig                      0x08003649   Thumb Code   446  stm32f1xx_hal_rcc.o(.text.HAL_RCC_ClockConfig)
    HAL_RCC_GetPCLK1Freq                     0x08003809   Thumb Code    38  stm32f1xx_hal_rcc.o(.text.HAL_RCC_GetPCLK1Freq)
    HAL_RCC_GetPCLK2Freq                     0x08003831   Thumb Code    38  stm32f1xx_hal_rcc.o(.text.HAL_RCC_GetPCLK2Freq)
    HAL_RCC_OscConfig                        0x08003859   Thumb Code   948  stm32f1xx_hal_rcc.o(.text.HAL_RCC_OscConfig)
    HAL_SYSTICK_Config                       0x08003c0d   Thumb Code    44  stm32f1xx_hal_cortex.o(.text.HAL_SYSTICK_Config)
    HAL_TIMEx_BreakCallback                  0x08003c39   Thumb Code     2  stm32f1xx_hal_tim_ex.o(.text.HAL_TIMEx_BreakCallback)
    HAL_TIMEx_CommutCallback                 0x08003c3d   Thumb Code     2  stm32f1xx_hal_tim_ex.o(.text.HAL_TIMEx_CommutCallback)
    HAL_TIMEx_MasterConfigSynchronization    0x08003c41   Thumb Code   122  stm32f1xx_hal_tim_ex.o(.text.HAL_TIMEx_MasterConfigSynchronization)
    HAL_TIM_Base_Init                        0x08003cbd   Thumb Code   250  stm32f1xx_hal_tim.o(.text.HAL_TIM_Base_Init)
    HAL_TIM_Base_MspInit                     0x08003db9   Thumb Code   116  stm32f1xx_hal_msp.o(.text.HAL_TIM_Base_MspInit)
    HAL_TIM_Base_Start_IT                    0x08003e2d   Thumb Code   110  stm32f1xx_hal_tim.o(.text.HAL_TIM_Base_Start_IT)
    HAL_TIM_ConfigClockSource                0x08003e9d   Thumb Code   412  stm32f1xx_hal_tim.o(.text.HAL_TIM_ConfigClockSource)
    HAL_TIM_IC_CaptureCallback               0x08004039   Thumb Code     2  stm32f1xx_hal_tim.o(.text.HAL_TIM_IC_CaptureCallback)
    HAL_TIM_IRQHandler                       0x0800403d   Thumb Code   334  stm32f1xx_hal_tim.o(.text.HAL_TIM_IRQHandler)
    HAL_TIM_OC_DelayElapsedCallback          0x0800418d   Thumb Code     2  stm32f1xx_hal_tim.o(.text.HAL_TIM_OC_DelayElapsedCallback)
    HAL_TIM_PWM_PulseFinishedCallback        0x08004191   Thumb Code     2  stm32f1xx_hal_tim.o(.text.HAL_TIM_PWM_PulseFinishedCallback)
    HAL_TIM_PeriodElapsedCallback            0x08004195   Thumb Code  1738  main.o(.text.HAL_TIM_PeriodElapsedCallback)
    HAL_TIM_TriggerCallback                  0x08004861   Thumb Code     2  stm32f1xx_hal_tim.o(.text.HAL_TIM_TriggerCallback)
    HardFault_Handler                        0x08004865   Thumb Code     2  stm32f1xx_it.o(.text.HardFault_Handler)
    I2C1_ER_IRQHandler                       0x08004869   Thumb Code    12  stm32f1xx_it.o(.text.I2C1_ER_IRQHandler)
    I2C1_EV_IRQHandler                       0x08004875   Thumb Code    12  stm32f1xx_it.o(.text.I2C1_EV_IRQHandler)
    MemManage_Handler                        0x080053a9   Thumb Code     2  stm32f1xx_it.o(.text.MemManage_Handler)
    NMI_Handler                              0x080053ad   Thumb Code     2  stm32f1xx_it.o(.text.NMI_Handler)
    PendSV_Handler                           0x080053b1   Thumb Code     2  stm32f1xx_it.o(.text.PendSV_Handler)
    SVC_Handler                              0x080053b5   Thumb Code     2  stm32f1xx_it.o(.text.SVC_Handler)
    SysTick_Handler                          0x080053b9   Thumb Code     4  stm32f1xx_it.o(.text.SysTick_Handler)
    SystemInit                               0x080053bd   Thumb Code     2  system_stm32f1xx.o(.text.SystemInit)
    TIM3_IRQHandler                          0x080053c1   Thumb Code    12  stm32f1xx_it.o(.text.TIM3_IRQHandler)
    TIM4_IRQHandler                          0x080053cd   Thumb Code    12  stm32f1xx_it.o(.text.TIM4_IRQHandler)
    USB_CoreInit                             0x080053d9   Thumb Code     4  stm32f1xx_ll_usb.o(.text.USB_CoreInit)
    USB_DevDisconnect                        0x080053dd   Thumb Code     4  stm32f1xx_ll_usb.o(.text.USB_DevDisconnect)
    USB_DevInit                              0x080053e1   Thumb Code    26  stm32f1xx_ll_usb.o(.text.USB_DevInit)
    USB_DisableGlobalInt                     0x080053fd   Thumb Code    20  stm32f1xx_ll_usb.o(.text.USB_DisableGlobalInt)
    USB_EPStartXfer                          0x08005411   Thumb Code  2110  stm32f1xx_ll_usb.o(.text.USB_EPStartXfer)
    USB_HP_CAN1_TX_IRQHandler                0x08005c51   Thumb Code    30  stm32f1xx_it.o(.text.USB_HP_CAN1_TX_IRQHandler)
    USB_LP_CAN1_RX0_IRQHandler               0x08005c71   Thumb Code    30  stm32f1xx_it.o(.text.USB_LP_CAN1_RX0_IRQHandler)
    USB_ReadInterrupts                       0x08005c91   Thumb Code     6  stm32f1xx_ll_usb.o(.text.USB_ReadInterrupts)
    USB_ReadPMA                              0x08005c99   Thumb Code   160  stm32f1xx_ll_usb.o(.text.USB_ReadPMA)
    USB_SetCurrentMode                       0x08005d39   Thumb Code     4  stm32f1xx_ll_usb.o(.text.USB_SetCurrentMode)
    USB_SetDevAddress                        0x08005d3d   Thumb Code    14  stm32f1xx_ll_usb.o(.text.USB_SetDevAddress)
    USB_WritePMA                             0x08005d4d   Thumb Code   134  stm32f1xx_ll_usb.o(.text.USB_WritePMA)
    UsageFault_Handler                       0x08005dd5   Thumb Code     2  stm32f1xx_it.o(.text.UsageFault_Handler)
    erase_flash()                            0x08005dd9   Thumb Code    60  flashprom.o(.text._Z11erase_flashv)
    UpdateStatus()                           0x08005e15   Thumb Code   562  main.o(.text._Z12UpdateStatusv)
    write_to_flash(unsigned short*)          0x08006049   Thumb Code   692  flashprom.o(.text._Z14write_to_flashPt)
    Process_Channels()                       0x080062fd   Thumb Code   610  main.o(.text._Z16Process_Channelsv)
    _joystick_filter(JoystickFilter*)        0x08006561   Thumb Code   386  main.o(.text._Z16_joystick_filterP14JoystickFilter)
    WriteParamsToFlash()                     0x080066e5   Thumb Code   584  main.o(.text._Z18WriteParamsToFlashv)
    flash_search_adress(unsigned int, unsigned short) 0x0800692d   Thumb Code   194  flashprom.o(.text._Z19flash_search_adressjt)
    read_last_data_in_flash(unsigned short*) 0x080069f1   Thumb Code   322  flashprom.o(.text._Z23read_last_data_in_flashPt)
    ChannelControl::ForwardHoldOn()          0x08006b35   Thumb Code    70  main.o(.text._ZN14ChannelControl13ForwardHoldOnEv)
    ChannelControl::Process()                0x08006b7d   Thumb Code   786  main.o(.text._ZN14ChannelControl7ProcessEv)
    abort_message                            0x08006e8f   Thumb Code     4  abort_message.cpp.o(.text.abort_message)
    main                                     0x08006e95   Thumb Code  5002  main.o(.text.main)
    __cxa_guard_acquire                      0x08008221   Thumb Code    40  cxa_guard.cpp.o(.text.unlikely.__cxa_guard_acquire)
    __cxa_guard_release                      0x08008281   Thumb Code     8  cxa_guard.cpp.o(.text.unlikely.__cxa_guard_release)
    sqrt                                     0x08008289   Thumb Code    76  sqrt.o(i.sqrt)
    __aeabi_d2f                              0x080082d5   Thumb Code     0  d2f.o(x$fpl$d2f)
    _d2f                                     0x080082d5   Thumb Code    98  d2f.o(x$fpl$d2f)
    __aeabi_dadd                             0x08008339   Thumb Code     0  daddsub_clz.o(x$fpl$dadd)
    _dadd                                    0x08008339   Thumb Code   332  daddsub_clz.o(x$fpl$dadd)
    __aeabi_d2iz                             0x08008489   Thumb Code     0  dfix.o(x$fpl$dfix)
    _dfix                                    0x08008489   Thumb Code    94  dfix.o(x$fpl$dfix)
    __aeabi_ul2d                             0x080084e9   Thumb Code     0  dfltll_clz.o(x$fpl$dfltull)
    _ll_uto_d                                0x080084e9   Thumb Code   138  dfltll_clz.o(x$fpl$dfltull)
    __aeabi_dmul                             0x08008575   Thumb Code     0  dmul.o(x$fpl$dmul)
    _dmul                                    0x08008575   Thumb Code   332  dmul.o(x$fpl$dmul)
    __fpl_dnaninf                            0x080086c9   Thumb Code   156  dnaninf.o(x$fpl$dnaninf)
    __fpl_dretinf                            0x08008765   Thumb Code    12  dretinf.o(x$fpl$dretinf)
    _dsqrt                                   0x08008771   Thumb Code   456  dsqrt_noumaal.o(x$fpl$dsqrt)
    __aeabi_dsub                             0x0800893d   Thumb Code     0  daddsub_clz.o(x$fpl$dsub)
    _dsub                                    0x0800893d   Thumb Code   472  daddsub_clz.o(x$fpl$dsub)
    __aeabi_f2d                              0x08008b19   Thumb Code     0  f2d.o(x$fpl$f2d)
    _f2d                                     0x08008b19   Thumb Code    86  f2d.o(x$fpl$f2d)
    __aeabi_fadd                             0x08008b71   Thumb Code     0  faddsub_clz.o(x$fpl$fadd)
    _fadd                                    0x08008b71   Thumb Code   196  faddsub_clz.o(x$fpl$fadd)
    __aeabi_fcmpeq                           0x08008c35   Thumb Code     0  fcmp.o(x$fpl$fcmp)
    _feq                                     0x08008c35   Thumb Code    14  fcmp.o(x$fpl$fcmp)
    _fneq                                    0x08008c43   Thumb Code    14  fcmp.o(x$fpl$fcmp)
    __aeabi_fcmpgt                           0x08008c51   Thumb Code     0  fcmp.o(x$fpl$fcmp)
    _fgr                                     0x08008c51   Thumb Code    14  fcmp.o(x$fpl$fcmp)
    __aeabi_fcmpge                           0x08008c5f   Thumb Code     0  fcmp.o(x$fpl$fcmp)
    _fgeq                                    0x08008c5f   Thumb Code    14  fcmp.o(x$fpl$fcmp)
    __aeabi_fcmple                           0x08008c6d   Thumb Code     0  fcmp.o(x$fpl$fcmp)
    _fleq                                    0x08008c6d   Thumb Code    14  fcmp.o(x$fpl$fcmp)
    __aeabi_fcmplt                           0x08008c7b   Thumb Code     0  fcmp.o(x$fpl$fcmp)
    _fls                                     0x08008c7b   Thumb Code    14  fcmp.o(x$fpl$fcmp)
    __fpl_fcmp_Inf                           0x08008c89   Thumb Code    24  fcmpi.o(x$fpl$fcmpinf)
    __aeabi_fdiv                             0x08008ca1   Thumb Code     0  fdiv.o(x$fpl$fdiv)
    _fdiv                                    0x08008ca1   Thumb Code   384  fdiv.o(x$fpl$fdiv)
    __aeabi_cfcmpeq                          0x08008e25   Thumb Code     0  feqf.o(x$fpl$feqf)
    _fcmpeq                                  0x08008e25   Thumb Code   104  feqf.o(x$fpl$feqf)
    __aeabi_f2iz                             0x08008e8d   Thumb Code     0  ffix.o(x$fpl$ffix)
    _ffix                                    0x08008e8d   Thumb Code    54  ffix.o(x$fpl$ffix)
    __aeabi_ui2f                             0x08008ec5   Thumb Code     0  fflt_clz.o(x$fpl$ffltu)
    _ffltu                                   0x08008ec5   Thumb Code    38  fflt_clz.o(x$fpl$ffltu)
    _fcmpge                                  0x08008eed   Thumb Code   104  fgeqf.o(x$fpl$fgeqf)
    __aeabi_cfcmple                          0x08008f55   Thumb Code     0  fleqf.o(x$fpl$fleqf)
    _fcmple                                  0x08008f55   Thumb Code   104  fleqf.o(x$fpl$fleqf)
    __fpl_fcmple_InfNaN                      0x08008fa7   Thumb Code     0  fleqf.o(x$fpl$fleqf)
    __aeabi_fmul                             0x08008fbd   Thumb Code     0  fmul.o(x$fpl$fmul)
    _fmul                                    0x08008fbd   Thumb Code   258  fmul.o(x$fpl$fmul)
    __fpl_fnaninf                            0x080090bf   Thumb Code   140  fnaninf.o(x$fpl$fnaninf)
    __fpl_fretinf                            0x0800914b   Thumb Code    10  fretinf.o(x$fpl$fretinf)
    __aeabi_fsub                             0x08009155   Thumb Code     0  faddsub_clz.o(x$fpl$fsub)
    _fsub                                    0x08009155   Thumb Code   234  faddsub_clz.o(x$fpl$fsub)
    AHBPrescTable                            0x0800923e   Data          16  system_stm32f1xx.o(.rodata.AHBPrescTable)
    __I$use$fp                               0x0800923e   Number         0  usenofp.o(x$fpl$usenofp)
    APBPrescTable                            0x0800924e   Data           8  system_stm32f1xx.o(.rodata.APBPrescTable)
    Region$$Table$$Base                      0x08009e30   Number         0  anon$$obj.o(Region$$Table)
    Region$$Table$$Limit                     0x08009e50   Number         0  anon$$obj.o(Region$$Table)
    _err_measure                             0x20000000   Data           4  main.o(.data..L_MergedGlobals)
    _q                                       0x20000004   Data           4  main.o(.data..L_MergedGlobals)
    uwTickFreq                               0x20000008   Data           1  stm32f1xx_hal.o(.data..L_MergedGlobals)
    uwTickPrio                               0x2000000c   Data           4  stm32f1xx_hal.o(.data..L_MergedGlobals)
    SystemCoreClock                          0x20000010   Data           4  system_stm32f1xx.o(.data.SystemCoreClock)
    __libspace_start                         0x20000018   Data          96  libspace.o(.bss)
    __temporary_stack_top$libspace           0x20000078   Data           0  libspace.o(.bss)
    sq_off_left                              0x20000078   Data           2  main.o(.bss..L_MergedGlobals.2)
    sq_off_right                             0x2000007a   Data           2  main.o(.bss..L_MergedGlobals.2)
    res_addr                                 0x2000007c   Data           4  main.o(.bss..L_MergedGlobals.2)
    tick100Hz                                0x20000080   Data           4  main.o(.bss..L_MergedGlobals.2)
    i2c_data                                 0x20000090   Data           6  main.o(.bss..L_MergedGlobals.2)
    hcrc                                     0x20000098   Data           8  main.o(.bss..L_MergedGlobals.2)
    hiwdg                                    0x200000a0   Data          12  main.o(.bss..L_MergedGlobals.2)
    sConfig                                  0x200000ac   Data          12  main.o(.bss..L_MergedGlobals.2)
    i2c_buf                                  0x200000b8   Data          14  main.o(.bss..L_MergedGlobals.2)
    i2c_receive                              0x200000c6   Data          14  main.o(.bss..L_MergedGlobals.2)
    main_data                                0x200000d4   Data          22  main.o(.bss..L_MergedGlobals.2)
    in_left                                  0x200000f0   Data          24  main.o(.bss..L_MergedGlobals.3)
    in_right                                 0x20000108   Data          24  main.o(.bss..L_MergedGlobals.3)
    sw_leftdown                              0x20000120   Data          24  main.o(.bss..L_MergedGlobals.3)
    sw_leftup                                0x20000138   Data          24  main.o(.bss..L_MergedGlobals.3)
    sw_rightdown                             0x20000150   Data          24  main.o(.bss..L_MergedGlobals.3)
    sw_rightup                               0x20000168   Data          24  main.o(.bss..L_MergedGlobals.4)
    sw_water                                 0x20000180   Data          24  main.o(.bss..L_MergedGlobals.4)
    sw_squeeze                               0x20000198   Data          24  main.o(.bss..L_MergedGlobals.4)
    sw_mode1                                 0x200001b0   Data          24  main.o(.bss..L_MergedGlobals.4)
    sw_mode2                                 0x200001c8   Data          24  main.o(.bss..L_MergedGlobals.4)
    valLn                                    0x200001e0   Data          24  main.o(.bss..L_MergedGlobals.5)
    valLp                                    0x200001f8   Data          24  main.o(.bss..L_MergedGlobals.5)
    valRn                                    0x20000210   Data          24  main.o(.bss..L_MergedGlobals.5)
    valRp                                    0x20000228   Data          24  main.o(.bss..L_MergedGlobals.5)
    oc_valLn                                 0x20000240   Data          24  main.o(.bss..L_MergedGlobals.5)
    oc_valLp                                 0x20000258   Data          24  main.o(.bss..L_MergedGlobals.6)
    oc_valRn                                 0x20000270   Data          24  main.o(.bss..L_MergedGlobals.6)
    oc_valRp                                 0x20000288   Data          24  main.o(.bss..L_MergedGlobals.6)
    an_R                                     0x200002a0   Data          28  main.o(.bss..L_MergedGlobals.6)
    an_L                                     0x200002bc   Data          28  main.o(.bss..L_MergedGlobals.7)
    timers                                   0x200002d8   Data          32  main.o(.bss..L_MergedGlobals.7)
    hcan                                     0x200002f8   Data          40  main.o(.bss..L_MergedGlobals.7)
    hadc1                                    0x20000320   Data          48  main.o(.bss..L_MergedGlobals.8)
    Left                                     0x20000350   Data          60  main.o(.bss..L_MergedGlobals.8)
    Right                                    0x2000038c   Data          60  main.o(.bss.Right)
    hi2c1                                    0x200003d8   Data          84  main.o(.bss.hi2c1)
    hpcd_USB_FS                              0x2000042c   Data         728  main.o(.bss.hpcd_USB_FS)
    htim3                                    0x20000704   Data          72  main.o(.bss.htim3)
    htim4                                    0x2000074c   Data          72  main.o(.bss.htim4)
    pFlash                                   0x20000798   Data          32  stm32f1xx_hal_flash.o(.bss.pFlash)
    pa                                       0x200007b8   Data         168  main.o(.bss.pa)
    params_buf                               0x20000860   Data          92  main.o(.bss.params_buf)
    uwTick                                   0x200008bc   Data           4  stm32f1xx_hal.o(.bss.uwTick)



==============================================================================

Memory Map of the image

  Image Entry point : 0x080000ed

  Load Region LR_IROM1 (Base: 0x08000000, Size: 0x00009e68, Max: 0x00010000, ABSOLUTE)

    Execution Region ER_IROM1 (Exec base: 0x08000000, Load base: 0x08000000, Size: 0x00009e50, Max: 0x00010000, ABSOLUTE)

    Exec Addr    Load Addr    Size         Type   Attr      Idx    E Section Name        Object

    0x08000000   0x08000000   0x000000ec   Data   RO            3    RESET               startup_stm32f103xb.o
    0x080000ec   0x080000ec   0x00000008   Code   RO         1403  * !!!main             c_w.l(__main.o)
    0x080000f4   0x080000f4   0x00000034   Code   RO         1670    !!!scatter          c_w.l(__scatter.o)
    0x08000128   0x08000128   0x0000001a   Code   RO         1672    !!handler_copy      c_w.l(__scatter_copy.o)
    0x08000142   0x08000142   0x00000002   PAD
    0x08000144   0x08000144   0x0000001c   Code   RO         1674    !!handler_zi        c_w.l(__scatter_zi.o)
    0x08000160   0x08000160   0x00000002   Code   RO         1539    .ARM.Collect$$libinit$$00000000  c_w.l(libinit.o)
    0x08000162   0x08000162   0x00000000   Code   RO         1554    .ARM.Collect$$libinit$$00000002  c_w.l(libinit2.o)
    0x08000162   0x08000162   0x00000000   Code   RO         1556    .ARM.Collect$$libinit$$00000004  c_w.l(libinit2.o)
    0x08000162   0x08000162   0x00000000   Code   RO         1558    .ARM.Collect$$libinit$$00000006  c_w.l(libinit2.o)
    0x08000162   0x08000162   0x00000000   Code   RO         1561    .ARM.Collect$$libinit$$0000000C  c_w.l(libinit2.o)
    0x08000162   0x08000162   0x00000000   Code   RO         1563    .ARM.Collect$$libinit$$0000000E  c_w.l(libinit2.o)
    0x08000162   0x08000162   0x00000000   Code   RO         1565    .ARM.Collect$$libinit$$00000010  c_w.l(libinit2.o)
    0x08000162   0x08000162   0x00000000   Code   RO         1568    .ARM.Collect$$libinit$$00000013  c_w.l(libinit2.o)
    0x08000162   0x08000162   0x00000000   Code   RO         1570    .ARM.Collect$$libinit$$00000015  c_w.l(libinit2.o)
    0x08000162   0x08000162   0x00000000   Code   RO         1572    .ARM.Collect$$libinit$$00000017  c_w.l(libinit2.o)
    0x08000162   0x08000162   0x00000000   Code   RO         1574    .ARM.Collect$$libinit$$00000019  c_w.l(libinit2.o)
    0x08000162   0x08000162   0x00000000   Code   RO         1576    .ARM.Collect$$libinit$$0000001B  c_w.l(libinit2.o)
    0x08000162   0x08000162   0x00000000   Code   RO         1578    .ARM.Collect$$libinit$$0000001D  c_w.l(libinit2.o)
    0x08000162   0x08000162   0x00000000   Code   RO         1580    .ARM.Collect$$libinit$$0000001F  c_w.l(libinit2.o)
    0x08000162   0x08000162   0x00000000   Code   RO         1582    .ARM.Collect$$libinit$$00000021  c_w.l(libinit2.o)
    0x08000162   0x08000162   0x00000000   Code   RO         1584    .ARM.Collect$$libinit$$00000023  c_w.l(libinit2.o)
    0x08000162   0x08000162   0x00000000   Code   RO         1586    .ARM.Collect$$libinit$$00000025  c_w.l(libinit2.o)
    0x08000162   0x08000162   0x00000000   Code   RO         1588    .ARM.Collect$$libinit$$00000027  c_w.l(libinit2.o)
    0x08000162   0x08000162   0x00000000   Code   RO         1592    .ARM.Collect$$libinit$$0000002E  c_w.l(libinit2.o)
    0x08000162   0x08000162   0x00000000   Code   RO         1594    .ARM.Collect$$libinit$$00000030  c_w.l(libinit2.o)
    0x08000162   0x08000162   0x00000000   Code   RO         1596    .ARM.Collect$$libinit$$00000032  c_w.l(libinit2.o)
    0x08000162   0x08000162   0x00000000   Code   RO         1598    .ARM.Collect$$libinit$$00000034  c_w.l(libinit2.o)
    0x08000162   0x08000162   0x00000002   Code   RO         1599    .ARM.Collect$$libinit$$00000035  c_w.l(libinit2.o)
    0x08000164   0x08000164   0x00000002   Code   RO         1627    .ARM.Collect$$libshutdown$$00000000  c_w.l(libshutdown.o)
    0x08000166   0x08000166   0x00000000   Code   RO         1653    .ARM.Collect$$libshutdown$$00000002  c_w.l(libshutdown2.o)
    0x08000166   0x08000166   0x00000000   Code   RO         1655    .ARM.Collect$$libshutdown$$00000004  c_w.l(libshutdown2.o)
    0x08000166   0x08000166   0x00000000   Code   RO         1658    .ARM.Collect$$libshutdown$$00000007  c_w.l(libshutdown2.o)
    0x08000166   0x08000166   0x00000000   Code   RO         1661    .ARM.Collect$$libshutdown$$0000000A  c_w.l(libshutdown2.o)
    0x08000166   0x08000166   0x00000000   Code   RO         1663    .ARM.Collect$$libshutdown$$0000000C  c_w.l(libshutdown2.o)
    0x08000166   0x08000166   0x00000000   Code   RO         1666    .ARM.Collect$$libshutdown$$0000000F  c_w.l(libshutdown2.o)
    0x08000166   0x08000166   0x00000002   Code   RO         1667    .ARM.Collect$$libshutdown$$00000010  c_w.l(libshutdown2.o)
    0x08000168   0x08000168   0x00000000   Code   RO         1461    .ARM.Collect$$rtentry$$00000000  c_w.l(__rtentry.o)
    0x08000168   0x08000168   0x00000000   Code   RO         1490    .ARM.Collect$$rtentry$$00000002  c_w.l(__rtentry2.o)
    0x08000168   0x08000168   0x00000006   Code   RO         1502    .ARM.Collect$$rtentry$$00000004  c_w.l(__rtentry4.o)
    0x0800016e   0x0800016e   0x00000000   Code   RO         1492    .ARM.Collect$$rtentry$$00000009  c_w.l(__rtentry2.o)
    0x0800016e   0x0800016e   0x00000004   Code   RO         1493    .ARM.Collect$$rtentry$$0000000A  c_w.l(__rtentry2.o)
    0x08000172   0x08000172   0x00000000   Code   RO         1495    .ARM.Collect$$rtentry$$0000000C  c_w.l(__rtentry2.o)
    0x08000172   0x08000172   0x00000008   Code   RO         1496    .ARM.Collect$$rtentry$$0000000D  c_w.l(__rtentry2.o)
    0x0800017a   0x0800017a   0x00000002   Code   RO         1543    .ARM.Collect$$rtexit$$00000000  c_w.l(rtexit.o)
    0x0800017c   0x0800017c   0x00000000   Code   RO         1601    .ARM.Collect$$rtexit$$00000002  c_w.l(rtexit2.o)
    0x0800017c   0x0800017c   0x00000004   Code   RO         1602    .ARM.Collect$$rtexit$$00000003  c_w.l(rtexit2.o)
    0x08000180   0x08000180   0x00000006   Code   RO         1603    .ARM.Collect$$rtexit$$00000004  c_w.l(rtexit2.o)
    0x08000186   0x08000186   0x00000002   PAD
    0x08000188   0x08000188   0x00000040   Code   RO            4    .text               startup_stm32f103xb.o
    0x080001c8   0x080001c8   0x000000f0   Code   RO         1397    .text               c_w.l(lludivv7m.o)
    0x080002b8   0x080002b8   0x00000006   Code   RO         1401    .text               c_w.l(heapauxi.o)
    0x080002be   0x080002be   0x00000016   Code   RO         1466    .text               c_w.l(_rserrno.o)
    0x080002d4   0x080002d4   0x00000008   Code   RO         1509    .text               c_w.l(rt_errno_addr_intlibspace.o)
    0x080002dc   0x080002dc   0x00000016   Code   RO         1511    .text               c_w.l(abort.o)
    0x080002f2   0x080002f2   0x00000002   PAD
    0x080002f4   0x080002f4   0x0000000c   Code   RO         1515    .text               c_w.l(sys_exit.o)
    0x08000300   0x08000300   0x00000008   Code   RO         1519    .text               c_w.l(libspace.o)
    0x08000308   0x08000308   0x0000004a   Code   RO         1522    .text               c_w.l(sys_stackheap_outer.o)
    0x08000352   0x08000352   0x00000012   Code   RO         1524    .text               c_w.l(exit.o)
    0x08000364   0x08000364   0x0000000e   Code   RO         1526    .text               c_w.l(defsig_abrt_outer.o)
    0x08000372   0x08000372   0x00000002   Code   RO         1540    .text               c_w.l(use_no_semi.o)
    0x08000374   0x08000374   0x00000000   Code   RO         1542    .text               c_w.l(indicate_semi.o)
    0x08000374   0x08000374   0x0000000a   Code   RO         1547    .text               c_w.l(defsig_exit.o)
    0x0800037e   0x0800037e   0x00000002   PAD
    0x08000380   0x08000380   0x00000030   Code   RO         1549    .text               c_w.l(defsig_abrt_inner.o)
    0x080003b0   0x080003b0   0x00000032   Code   RO         1609    .text               c_w.l(defsig_general.o)
    0x080003e2   0x080003e2   0x0000000e   Code   RO         1615    .text               c_w.l(sys_wrch.o)
    0x080003f0   0x080003f0   0x000000b6   Code   RO          237    .text.ADC_Enable    stm32f1xx_hal_adc.o
    0x080004a6   0x080004a6   0x00000002   PAD
    0x080004a8   0x080004a8   0x00000002   Code   RO          146    .text.BusFault_Handler  stm32f1xx_it.o
    0x080004aa   0x080004aa   0x00000002   PAD
    0x080004ac   0x080004ac   0x00000002   Code   RO          152    .text.DebugMon_Handler  stm32f1xx_it.o
    0x080004ae   0x080004ae   0x00000002   PAD
    0x080004b0   0x080004b0   0x000000e0   Code   RO          575    .text.FLASH_WaitForLastOperation  stm32f1xx_hal_flash.o
    0x08000590   0x08000590   0x0000018c   Code   RO          271    .text.HAL_ADC_ConfigChannel  stm32f1xx_hal_adc.o
    0x0800071c   0x0800071c   0x00000006   Code   RO          259    .text.HAL_ADC_GetValue  stm32f1xx_hal_adc.o
    0x08000722   0x08000722   0x00000002   PAD
    0x08000724   0x08000724   0x0000015c   Code   RO          225    .text.HAL_ADC_Init  stm32f1xx_hal_adc.o
    0x08000880   0x08000880   0x00000062   Code   RO          179    .text.HAL_ADC_MspInit  stm32f1xx_hal_msp.o
    0x080008e2   0x080008e2   0x00000002   PAD
    0x080008e4   0x080008e4   0x00000268   Code   RO          241    .text.HAL_ADC_PollForConversion  stm32f1xx_hal_adc.o
    0x08000b4c   0x08000b4c   0x000000cc   Code   RO          235    .text.HAL_ADC_Start  stm32f1xx_hal_adc.o
    0x08000c18   0x08000c18   0x0000007e   Code   RO          239    .text.HAL_ADC_Stop  stm32f1xx_hal_adc.o
    0x08000c96   0x08000c96   0x00000002   PAD
    0x08000c98   0x08000c98   0x0000002e   Code   RO          688    .text.HAL_CAN_ActivateNotification  stm32f1xx_hal_can.o
    0x08000cc6   0x08000cc6   0x00000002   PAD
    0x08000cc8   0x08000cc8   0x000000a8   Code   RO          674    .text.HAL_CAN_AddTxMessage  stm32f1xx_hal_can.o
    0x08000d70   0x08000d70   0x000000ea   Code   RO          664    .text.HAL_CAN_ConfigFilter  stm32f1xx_hal_can.o
    0x08000e5a   0x08000e5a   0x00000002   PAD
    0x08000e5c   0x08000e5c   0x00000002   Code   RO          718    .text.HAL_CAN_ErrorCallback  stm32f1xx_hal_can.o
    0x08000e5e   0x08000e5e   0x00000002   PAD
    0x08000e60   0x08000e60   0x00000028   Code   RO          678    .text.HAL_CAN_GetTxMailboxesFreeLevel  stm32f1xx_hal_can.o
    0x08000e88   0x08000e88   0x0000025e   Code   RO          692    .text.HAL_CAN_IRQHandler  stm32f1xx_hal_can.o
    0x080010e6   0x080010e6   0x00000002   PAD
    0x080010e8   0x080010e8   0x000000f4   Code   RO          654    .text.HAL_CAN_Init  stm32f1xx_hal_can.o
    0x080011dc   0x080011dc   0x000000ba   Code   RO          183    .text.HAL_CAN_MspInit  stm32f1xx_hal_msp.o
    0x08001296   0x08001296   0x00000002   PAD
    0x08001298   0x08001298   0x00000002   Code   RO          706    .text.HAL_CAN_RxFifo0FullCallback  stm32f1xx_hal_can.o
    0x0800129a   0x0800129a   0x00000002   PAD
    0x0800129c   0x0800129c   0x00000002   Code   RO          708    .text.HAL_CAN_RxFifo0MsgPendingCallback  stm32f1xx_hal_can.o
    0x0800129e   0x0800129e   0x00000002   PAD
    0x080012a0   0x080012a0   0x00000002   Code   RO          710    .text.HAL_CAN_RxFifo1FullCallback  stm32f1xx_hal_can.o
    0x080012a2   0x080012a2   0x00000002   PAD
    0x080012a4   0x080012a4   0x00000002   Code   RO          712    .text.HAL_CAN_RxFifo1MsgPendingCallback  stm32f1xx_hal_can.o
    0x080012a6   0x080012a6   0x00000002   PAD
    0x080012a8   0x080012a8   0x00000002   Code   RO          714    .text.HAL_CAN_SleepCallback  stm32f1xx_hal_can.o
    0x080012aa   0x080012aa   0x00000002   PAD
    0x080012ac   0x080012ac   0x0000005a   Code   RO          666    .text.HAL_CAN_Start  stm32f1xx_hal_can.o
    0x08001306   0x08001306   0x00000002   PAD
    0x08001308   0x08001308   0x00000002   Code   RO          696    .text.HAL_CAN_TxMailbox0AbortCallback  stm32f1xx_hal_can.o
    0x0800130a   0x0800130a   0x00000002   PAD
    0x0800130c   0x0800130c   0x00000002   Code   RO          694    .text.HAL_CAN_TxMailbox0CompleteCallback  stm32f1xx_hal_can.o
    0x0800130e   0x0800130e   0x00000002   PAD
    0x08001310   0x08001310   0x00000002   Code   RO          700    .text.HAL_CAN_TxMailbox1AbortCallback  stm32f1xx_hal_can.o
    0x08001312   0x08001312   0x00000002   PAD
    0x08001314   0x08001314   0x00000002   Code   RO          698    .text.HAL_CAN_TxMailbox1CompleteCallback  stm32f1xx_hal_can.o
    0x08001316   0x08001316   0x00000002   PAD
    0x08001318   0x08001318   0x00000002   Code   RO          704    .text.HAL_CAN_TxMailbox2AbortCallback  stm32f1xx_hal_can.o
    0x0800131a   0x0800131a   0x00000002   PAD
    0x0800131c   0x0800131c   0x00000002   Code   RO          702    .text.HAL_CAN_TxMailbox2CompleteCallback  stm32f1xx_hal_can.o
    0x0800131e   0x0800131e   0x00000002   PAD
    0x08001320   0x08001320   0x00000002   Code   RO          716    .text.HAL_CAN_WakeUpFromRxMsgCallback  stm32f1xx_hal_can.o
    0x08001322   0x08001322   0x00000002   PAD
    0x08001324   0x08001324   0x00000088   Code   RO          744    .text.HAL_CRC_Calculate  stm32f1xx_hal_crc.o
    0x080013ac   0x080013ac   0x0000002a   Code   RO          734    .text.HAL_CRC_Init  stm32f1xx_hal_crc.o
    0x080013d6   0x080013d6   0x00000002   PAD
    0x080013d8   0x080013d8   0x00000032   Code   RO          187    .text.HAL_CRC_MspInit  stm32f1xx_hal_msp.o
    0x0800140a   0x0800140a   0x00000002   PAD
    0x0800140c   0x0800140c   0x000000b2   Code   RO          467    .text.HAL_DMA_Abort_IT  stm32f1xx_hal_dma.o
    0x080014be   0x080014be   0x00000002   PAD
    0x080014c0   0x080014c0   0x00000006   Code   RO          477    .text.HAL_DMA_GetState  stm32f1xx_hal_dma.o
    0x080014c6   0x080014c6   0x00000002   PAD
    0x080014c8   0x080014c8   0x00000028   Code   RO          341    .text.HAL_Delay     stm32f1xx_hal.o
    0x080014f0   0x080014f0   0x000000ee   Code   RO          606    .text.HAL_FLASHEx_Erase  stm32f1xx_hal_flash_ex.o
    0x080015de   0x080015de   0x00000002   PAD
    0x080015e0   0x080015e0   0x0000000c   Code   RO          595    .text.HAL_FLASH_GetError  stm32f1xx_hal_flash.o
    0x080015ec   0x080015ec   0x00000014   Code   RO          587    .text.HAL_FLASH_Lock  stm32f1xx_hal_flash.o
    0x08001600   0x08001600   0x000000ac   Code   RO          573    .text.HAL_FLASH_Program  stm32f1xx_hal_flash.o
    0x080016ac   0x080016ac   0x0000002e   Code   RO          585    .text.HAL_FLASH_Unlock  stm32f1xx_hal_flash.o
    0x080016da   0x080016da   0x00000002   PAD
    0x080016dc   0x080016dc   0x0000021a   Code   RO          433    .text.HAL_GPIO_Init  stm32f1xx_hal_gpio.o
    0x080018f6   0x080018f6   0x00000002   PAD
    0x080018f8   0x080018f8   0x0000000a   Code   RO          437    .text.HAL_GPIO_ReadPin  stm32f1xx_hal_gpio.o
    0x08001902   0x08001902   0x00000002   PAD
    0x08001904   0x08001904   0x0000000a   Code   RO          439    .text.HAL_GPIO_WritePin  stm32f1xx_hal_gpio.o
    0x0800190e   0x0800190e   0x00000002   PAD
    0x08001910   0x08001910   0x0000000c   Code   RO          333    .text.HAL_GetTick   stm32f1xx_hal.o
    0x0800191c   0x0800191c   0x00000002   Code   RO          876    .text.HAL_I2C_AbortCpltCallback  stm32f1xx_hal_i2c.o
    0x0800191e   0x0800191e   0x00000002   PAD
    0x08001920   0x08001920   0x00000002   Code   RO          866    .text.HAL_I2C_AddrCallback  stm32f1xx_hal_i2c.o
    0x08001922   0x08001922   0x00000002   PAD
    0x08001924   0x08001924   0x00000154   Code   RO          856    .text.HAL_I2C_ER_IRQHandler  stm32f1xx_hal_i2c.o
    0x08001a78   0x08001a78   0x0000065c   Code   RO          844    .text.HAL_I2C_EV_IRQHandler  stm32f1xx_hal_i2c.o
    0x080020d4   0x080020d4   0x00000002   Code   RO          874    .text.HAL_I2C_ErrorCallback  stm32f1xx_hal_i2c.o
    0x080020d6   0x080020d6   0x00000002   PAD
    0x080020d8   0x080020d8   0x00000176   Code   RO          756    .text.HAL_I2C_Init  stm32f1xx_hal_i2c.o
    0x0800224e   0x0800224e   0x00000002   PAD
    0x08002250   0x08002250   0x00000002   Code   RO          868    .text.HAL_I2C_ListenCpltCallback  stm32f1xx_hal_i2c.o
    0x08002252   0x08002252   0x00000002   PAD
    0x08002254   0x08002254   0x00000002   Code   RO          860    .text.HAL_I2C_MasterRxCpltCallback  stm32f1xx_hal_i2c.o
    0x08002256   0x08002256   0x00000002   PAD
    0x08002258   0x08002258   0x00000002   Code   RO          858    .text.HAL_I2C_MasterTxCpltCallback  stm32f1xx_hal_i2c.o
    0x0800225a   0x0800225a   0x00000002   PAD
    0x0800225c   0x0800225c   0x0000017c   Code   RO          782    .text.HAL_I2C_Master_Receive_IT  stm32f1xx_hal_i2c.o
    0x080023d8   0x080023d8   0x000001d4   Code   RO          764    .text.HAL_I2C_Master_Transmit  stm32f1xx_hal_i2c.o
    0x080025ac   0x080025ac   0x00000002   Code   RO          872    .text.HAL_I2C_MemRxCpltCallback  stm32f1xx_hal_i2c.o
    0x080025ae   0x080025ae   0x00000002   PAD
    0x080025b0   0x080025b0   0x00000002   Code   RO          870    .text.HAL_I2C_MemTxCpltCallback  stm32f1xx_hal_i2c.o
    0x080025b2   0x080025b2   0x00000002   PAD
    0x080025b4   0x080025b4   0x00000082   Code   RO          191    .text.HAL_I2C_MspInit  stm32f1xx_hal_msp.o
    0x08002636   0x08002636   0x00000002   PAD
    0x08002638   0x08002638   0x00000002   Code   RO          864    .text.HAL_I2C_SlaveRxCpltCallback  stm32f1xx_hal_i2c.o
    0x0800263a   0x0800263a   0x00000002   PAD
    0x0800263c   0x0800263c   0x00000002   Code   RO          862    .text.HAL_I2C_SlaveTxCpltCallback  stm32f1xx_hal_i2c.o
    0x0800263e   0x0800263e   0x00000002   PAD
    0x08002640   0x08002640   0x0000005c   Code   RO          894    .text.HAL_IWDG_Init  stm32f1xx_hal_iwdg.o
    0x0800269c   0x0800269c   0x0000000c   Code   RO          896    .text.HAL_IWDG_Refresh  stm32f1xx_hal_iwdg.o
    0x080026a8   0x080026a8   0x0000001a   Code   RO          331    .text.HAL_IncTick   stm32f1xx_hal.o
    0x080026c2   0x080026c2   0x00000002   PAD
    0x080026c4   0x080026c4   0x00000026   Code   RO          321    .text.HAL_Init      stm32f1xx_hal.o
    0x080026ea   0x080026ea   0x00000002   PAD
    0x080026ec   0x080026ec   0x00000048   Code   RO          323    .text.HAL_InitTick  stm32f1xx_hal.o
    0x08002734   0x08002734   0x00000042   Code   RO          177    .text.HAL_MspInit   stm32f1xx_hal_msp.o
    0x08002776   0x08002776   0x00000002   PAD
    0x08002778   0x08002778   0x00000026   Code   RO          493    .text.HAL_NVIC_EnableIRQ  stm32f1xx_hal_cortex.o
    0x0800279e   0x0800279e   0x00000002   PAD
    0x080027a0   0x080027a0   0x00000056   Code   RO          491    .text.HAL_NVIC_SetPriority  stm32f1xx_hal_cortex.o
    0x080027f6   0x080027f6   0x00000002   PAD
    0x080027f8   0x080027f8   0x00000020   Code   RO          489    .text.HAL_NVIC_SetPriorityGrouping  stm32f1xx_hal_cortex.o
    0x08002818   0x08002818   0x00000002   Code   RO         1253    .text.HAL_PCD_DataInStageCallback  stm32f1xx_hal_pcd.o
    0x0800281a   0x0800281a   0x00000002   PAD
    0x0800281c   0x0800281c   0x00000002   Code   RO         1251    .text.HAL_PCD_DataOutStageCallback  stm32f1xx_hal_pcd.o
    0x0800281e   0x0800281e   0x00000002   PAD
    0x08002820   0x08002820   0x0000097a   Code   RO         1237    .text.HAL_PCD_IRQHandler  stm32f1xx_hal_pcd.o
    0x0800319a   0x0800319a   0x00000002   PAD
    0x0800319c   0x0800319c   0x00000242   Code   RO         1225    .text.HAL_PCD_Init  stm32f1xx_hal_pcd.o
    0x080033de   0x080033de   0x00000002   PAD
    0x080033e0   0x080033e0   0x00000056   Code   RO          199    .text.HAL_PCD_MspInit  stm32f1xx_hal_msp.o
    0x08003436   0x08003436   0x00000002   PAD
    0x08003438   0x08003438   0x00000002   Code   RO         1239    .text.HAL_PCD_ResetCallback  stm32f1xx_hal_pcd.o
    0x0800343a   0x0800343a   0x00000002   PAD
    0x0800343c   0x0800343c   0x00000002   Code   RO         1243    .text.HAL_PCD_ResumeCallback  stm32f1xx_hal_pcd.o
    0x0800343e   0x0800343e   0x00000002   PAD
    0x08003440   0x08003440   0x00000002   Code   RO         1247    .text.HAL_PCD_SOFCallback  stm32f1xx_hal_pcd.o
    0x08003442   0x08003442   0x00000002   PAD
    0x08003444   0x08003444   0x00000002   Code   RO         1255    .text.HAL_PCD_SetupStageCallback  stm32f1xx_hal_pcd.o
    0x08003446   0x08003446   0x00000002   PAD
    0x08003448   0x08003448   0x00000002   Code   RO         1245    .text.HAL_PCD_SuspendCallback  stm32f1xx_hal_pcd.o
    0x0800344a   0x0800344a   0x00000002   PAD
    0x0800344c   0x0800344c   0x000000f0   Code   RO          423    .text.HAL_RCCEx_GetPeriphCLKFreq  stm32f1xx_hal_rcc_ex.o
    0x0800353c   0x0800353c   0x0000010a   Code   RO          419    .text.HAL_RCCEx_PeriphCLKConfig  stm32f1xx_hal_rcc_ex.o
    0x08003646   0x08003646   0x00000002   PAD
    0x08003648   0x08003648   0x000001be   Code   RO          385    .text.HAL_RCC_ClockConfig  stm32f1xx_hal_rcc.o
    0x08003806   0x08003806   0x00000002   PAD
    0x08003808   0x08003808   0x00000026   Code   RO          397    .text.HAL_RCC_GetPCLK1Freq  stm32f1xx_hal_rcc.o
    0x0800382e   0x0800382e   0x00000002   PAD
    0x08003830   0x08003830   0x00000026   Code   RO          399    .text.HAL_RCC_GetPCLK2Freq  stm32f1xx_hal_rcc.o
    0x08003856   0x08003856   0x00000002   PAD
    0x08003858   0x08003858   0x000003b4   Code   RO          383    .text.HAL_RCC_OscConfig  stm32f1xx_hal_rcc.o
    0x08003c0c   0x08003c0c   0x0000002c   Code   RO          501    .text.HAL_SYSTICK_Config  stm32f1xx_hal_cortex.o
    0x08003c38   0x08003c38   0x00000002   Code   RO         1211    .text.HAL_TIMEx_BreakCallback  stm32f1xx_hal_tim_ex.o
    0x08003c3a   0x08003c3a   0x00000002   PAD
    0x08003c3c   0x08003c3c   0x00000002   Code   RO         1207    .text.HAL_TIMEx_CommutCallback  stm32f1xx_hal_tim_ex.o
    0x08003c3e   0x08003c3e   0x00000002   PAD
    0x08003c40   0x08003c40   0x0000007a   Code   RO         1201    .text.HAL_TIMEx_MasterConfigSynchronization  stm32f1xx_hal_tim_ex.o
    0x08003cba   0x08003cba   0x00000002   PAD
    0x08003cbc   0x08003cbc   0x000000fa   Code   RO          906    .text.HAL_TIM_Base_Init  stm32f1xx_hal_tim.o
    0x08003db6   0x08003db6   0x00000002   PAD
    0x08003db8   0x08003db8   0x00000074   Code   RO          195    .text.HAL_TIM_Base_MspInit  stm32f1xx_hal_msp.o
    0x08003e2c   0x08003e2c   0x0000006e   Code   RO          920    .text.HAL_TIM_Base_Start_IT  stm32f1xx_hal_tim.o
    0x08003e9a   0x08003e9a   0x00000002   PAD
    0x08003e9c   0x08003e9c   0x0000019c   Code   RO         1086    .text.HAL_TIM_ConfigClockSource  stm32f1xx_hal_tim.o
    0x08004038   0x08004038   0x00000002   Code   RO         1042    .text.HAL_TIM_IC_CaptureCallback  stm32f1xx_hal_tim.o
    0x0800403a   0x0800403a   0x00000002   PAD
    0x0800403c   0x0800403c   0x0000014e   Code   RO         1040    .text.HAL_TIM_IRQHandler  stm32f1xx_hal_tim.o
    0x0800418a   0x0800418a   0x00000002   PAD
    0x0800418c   0x0800418c   0x00000002   Code   RO         1044    .text.HAL_TIM_OC_DelayElapsedCallback  stm32f1xx_hal_tim.o
    0x0800418e   0x0800418e   0x00000002   PAD
    0x08004190   0x08004190   0x00000002   Code   RO         1046    .text.HAL_TIM_PWM_PulseFinishedCallback  stm32f1xx_hal_tim.o
    0x08004192   0x08004192   0x00000002   PAD
    0x08004194   0x08004194   0x000006ca   Code   RO           55    .text.HAL_TIM_PeriodElapsedCallback  main.o
    0x0800485e   0x0800485e   0x00000002   PAD
    0x08004860   0x08004860   0x00000002   Code   RO         1050    .text.HAL_TIM_TriggerCallback  stm32f1xx_hal_tim.o
    0x08004862   0x08004862   0x00000002   PAD
    0x08004864   0x08004864   0x00000002   Code   RO          142    .text.HardFault_Handler  stm32f1xx_it.o
    0x08004866   0x08004866   0x00000002   PAD
    0x08004868   0x08004868   0x0000000c   Code   RO          168    .text.I2C1_ER_IRQHandler  stm32f1xx_it.o
    0x08004874   0x08004874   0x0000000c   Code   RO          166    .text.I2C1_EV_IRQHandler  stm32f1xx_it.o
    0x08004880   0x08004880   0x00000122   Code   RO          830    .text.I2C_DMAAbort  stm32f1xx_hal_i2c.o
    0x080049a2   0x080049a2   0x00000002   PAD
    0x080049a4   0x080049a4   0x0000018c   Code   RO          842    .text.I2C_ITError   stm32f1xx_hal_i2c.o
    0x08004b30   0x08004b30   0x000000f8   Code   RO          854    .text.I2C_MasterReceive_BTF  stm32f1xx_hal_i2c.o
    0x08004c28   0x08004c28   0x00000152   Code   RO          852    .text.I2C_MasterReceive_RXNE  stm32f1xx_hal_i2c.o
    0x08004d7a   0x08004d7a   0x00000002   PAD
    0x08004d7c   0x08004d7c   0x00000082   Code   RO          848    .text.I2C_MasterTransmit_BTF  stm32f1xx_hal_i2c.o
    0x08004dfe   0x08004dfe   0x00000002   PAD
    0x08004e00   0x08004e00   0x000000b2   Code   RO          846    .text.I2C_MasterTransmit_TXE  stm32f1xx_hal_i2c.o
    0x08004eb2   0x08004eb2   0x00000002   PAD
    0x08004eb4   0x08004eb4   0x000000be   Code   RO          850    .text.I2C_MemoryTransmit_TXE_BTF  stm32f1xx_hal_i2c.o
    0x08004f72   0x08004f72   0x00000002   PAD
    0x08004f74   0x08004f74   0x000000be   Code   RO          770    .text.I2C_WaitOnBTFFlagUntilTimeout  stm32f1xx_hal_i2c.o
    0x08005032   0x08005032   0x00000002   PAD
    0x08005034   0x08005034   0x000001d2   Code   RO          766    .text.I2C_WaitOnFlagUntilTimeout  stm32f1xx_hal_i2c.o
    0x08005206   0x08005206   0x00000002   PAD
    0x08005208   0x08005208   0x000000e0   Code   RO          884    .text.I2C_WaitOnMasterAddressFlagUntilTimeout  stm32f1xx_hal_i2c.o
    0x080052e8   0x080052e8   0x000000be   Code   RO          768    .text.I2C_WaitOnTXEFlagUntilTimeout  stm32f1xx_hal_i2c.o
    0x080053a6   0x080053a6   0x00000002   PAD
    0x080053a8   0x080053a8   0x00000002   Code   RO          144    .text.MemManage_Handler  stm32f1xx_it.o
    0x080053aa   0x080053aa   0x00000002   PAD
    0x080053ac   0x080053ac   0x00000002   Code   RO          140    .text.NMI_Handler   stm32f1xx_it.o
    0x080053ae   0x080053ae   0x00000002   PAD
    0x080053b0   0x080053b0   0x00000002   Code   RO          154    .text.PendSV_Handler  stm32f1xx_it.o
    0x080053b2   0x080053b2   0x00000002   PAD
    0x080053b4   0x080053b4   0x00000002   Code   RO          150    .text.SVC_Handler   stm32f1xx_it.o
    0x080053b6   0x080053b6   0x00000002   PAD
    0x080053b8   0x080053b8   0x00000004   Code   RO          156    .text.SysTick_Handler  stm32f1xx_it.o
    0x080053bc   0x080053bc   0x00000002   Code   RO         1381    .text.SystemInit    system_stm32f1xx.o
    0x080053be   0x080053be   0x00000002   PAD
    0x080053c0   0x080053c0   0x0000000c   Code   RO          162    .text.TIM3_IRQHandler  stm32f1xx_it.o
    0x080053cc   0x080053cc   0x0000000c   Code   RO          164    .text.TIM4_IRQHandler  stm32f1xx_it.o
    0x080053d8   0x080053d8   0x00000004   Code   RO         1317    .text.USB_CoreInit  stm32f1xx_ll_usb.o
    0x080053dc   0x080053dc   0x00000004   Code   RO         1351    .text.USB_DevDisconnect  stm32f1xx_ll_usb.o
    0x080053e0   0x080053e0   0x0000001a   Code   RO         1325    .text.USB_DevInit   stm32f1xx_ll_usb.o
    0x080053fa   0x080053fa   0x00000002   PAD
    0x080053fc   0x080053fc   0x00000014   Code   RO         1321    .text.USB_DisableGlobalInt  stm32f1xx_ll_usb.o
    0x08005410   0x08005410   0x0000083e   Code   RO         1335    .text.USB_EPStartXfer  stm32f1xx_ll_usb.o
    0x08005c4e   0x08005c4e   0x00000002   PAD
    0x08005c50   0x08005c50   0x0000001e   Code   RO          158    .text.USB_HP_CAN1_TX_IRQHandler  stm32f1xx_it.o
    0x08005c6e   0x08005c6e   0x00000002   PAD
    0x08005c70   0x08005c70   0x0000001e   Code   RO          160    .text.USB_LP_CAN1_RX0_IRQHandler  stm32f1xx_it.o
    0x08005c8e   0x08005c8e   0x00000002   PAD
    0x08005c90   0x08005c90   0x00000006   Code   RO         1353    .text.USB_ReadInterrupts  stm32f1xx_ll_usb.o
    0x08005c96   0x08005c96   0x00000002   PAD
    0x08005c98   0x08005c98   0x000000a0   Code   RO         1371    .text.USB_ReadPMA   stm32f1xx_ll_usb.o
    0x08005d38   0x08005d38   0x00000004   Code   RO         1323    .text.USB_SetCurrentMode  stm32f1xx_ll_usb.o
    0x08005d3c   0x08005d3c   0x0000000e   Code   RO         1347    .text.USB_SetDevAddress  stm32f1xx_ll_usb.o
    0x08005d4a   0x08005d4a   0x00000002   PAD
    0x08005d4c   0x08005d4c   0x00000086   Code   RO         1337    .text.USB_WritePMA  stm32f1xx_ll_usb.o
    0x08005dd2   0x08005dd2   0x00000002   PAD
    0x08005dd4   0x08005dd4   0x00000002   Code   RO          148    .text.UsageFault_Handler  stm32f1xx_it.o
    0x08005dd6   0x08005dd6   0x00000002   PAD
    0x08005dd8   0x08005dd8   0x0000003c   Code   RO          123    .text._Z11erase_flashv  flashprom.o
    0x08005e14   0x08005e14   0x00000232   Code   RO           65    .text._Z12UpdateStatusv  main.o
    0x08006046   0x08006046   0x00000002   PAD
    0x08006048   0x08006048   0x000002b4   Code   RO          127    .text._Z14write_to_flashPt  flashprom.o
    0x080062fc   0x080062fc   0x00000262   Code   RO           67    .text._Z16Process_Channelsv  main.o
    0x0800655e   0x0800655e   0x00000002   PAD
    0x08006560   0x08006560   0x00000182   Code   RO           21    .text._Z16_joystick_filterP14JoystickFilter  main.o
    0x080066e2   0x080066e2   0x00000002   PAD
    0x080066e4   0x080066e4   0x00000248   Code   RO           63    .text._Z18WriteParamsToFlashv  main.o
    0x0800692c   0x0800692c   0x000000c2   Code   RO          125    .text._Z19flash_search_adressjt  flashprom.o
    0x080069ee   0x080069ee   0x00000002   PAD
    0x080069f0   0x080069f0   0x00000142   Code   RO          129    .text._Z23read_last_data_in_flashPt  flashprom.o
    0x08006b32   0x08006b32   0x00000002   PAD
    0x08006b34   0x08006b34   0x00000046   Code   RO           41    .text._ZN14ChannelControl13ForwardHoldOnEv  main.o
    0x08006b7a   0x08006b7a   0x00000002   PAD
    0x08006b7c   0x08006b7c   0x00000312   Code   RO           49    .text._ZN14ChannelControl7ProcessEv  main.o
    0x08006e8e   0x08006e8e   0x00000004   Code   RO         1486    .text.abort_message  libcppabi_w.l(abort_message.cpp.o)
    0x08006e92   0x08006e92   0x00000002   PAD
    0x08006e94   0x08006e94   0x0000138a   Code   RO           81    .text.main          main.o
    0x0800821e   0x0800821e   0x00000002   PAD
    0x08008220   0x08008220   0x00000060   Code   RO         1450    .text.unlikely.__cxa_guard_acquire  libcppabi_w.l(cxa_guard.cpp.o)
    0x08008280   0x08008280   0x00000008   Code   RO         1452    .text.unlikely.__cxa_guard_release  libcppabi_w.l(cxa_guard.cpp.o)
    0x08008288   0x08008288   0x0000004c   Code   RO         1458    i.sqrt              m_ws.l(sqrt.o)
    0x080082d4   0x080082d4   0x00000062   Code   RO         1405    x$fpl$d2f           fz_ws.l(d2f.o)
    0x08008336   0x08008336   0x00000002   PAD
    0x08008338   0x08008338   0x00000150   Code   RO         1407    x$fpl$dadd          fz_ws.l(daddsub_clz.o)
    0x08008488   0x08008488   0x0000005e   Code   RO         1413    x$fpl$dfix          fz_ws.l(dfix.o)
    0x080084e6   0x080084e6   0x00000002   PAD
    0x080084e8   0x080084e8   0x0000008a   Code   RO         1418    x$fpl$dfltull       fz_ws.l(dfltll_clz.o)
    0x08008572   0x08008572   0x00000002   PAD
    0x08008574   0x08008574   0x00000154   Code   RO         1421    x$fpl$dmul          fz_ws.l(dmul.o)
    0x080086c8   0x080086c8   0x0000009c   Code   RO         1468    x$fpl$dnaninf       fz_ws.l(dnaninf.o)
    0x08008764   0x08008764   0x0000000c   Code   RO         1470    x$fpl$dretinf       fz_ws.l(dretinf.o)
    0x08008770   0x08008770   0x000001cc   Code   RO         1472    x$fpl$dsqrt         fz_ws.l(dsqrt_noumaal.o)
    0x0800893c   0x0800893c   0x000001dc   Code   RO         1409    x$fpl$dsub          fz_ws.l(daddsub_clz.o)
    0x08008b18   0x08008b18   0x00000056   Code   RO         1423    x$fpl$f2d           fz_ws.l(f2d.o)
    0x08008b6e   0x08008b6e   0x00000002   PAD
    0x08008b70   0x08008b70   0x000000c4   Code   RO         1425    x$fpl$fadd          fz_ws.l(faddsub_clz.o)
    0x08008c34   0x08008c34   0x00000054   Code   RO         1431    x$fpl$fcmp          fz_ws.l(fcmp.o)
    0x08008c88   0x08008c88   0x00000018   Code   RO         1513    x$fpl$fcmpinf       fz_ws.l(fcmpi.o)
    0x08008ca0   0x08008ca0   0x00000184   Code   RO         1434    x$fpl$fdiv          fz_ws.l(fdiv.o)
    0x08008e24   0x08008e24   0x00000068   Code   RO         1474    x$fpl$feqf          fz_ws.l(feqf.o)
    0x08008e8c   0x08008e8c   0x00000036   Code   RO         1437    x$fpl$ffix          fz_ws.l(ffix.o)
    0x08008ec2   0x08008ec2   0x00000002   PAD
    0x08008ec4   0x08008ec4   0x00000026   Code   RO         1441    x$fpl$ffltu         fz_ws.l(fflt_clz.o)
    0x08008eea   0x08008eea   0x00000002   PAD
    0x08008eec   0x08008eec   0x00000068   Code   RO         1476    x$fpl$fgeqf         fz_ws.l(fgeqf.o)
    0x08008f54   0x08008f54   0x00000068   Code   RO         1478    x$fpl$fleqf         fz_ws.l(fleqf.o)
    0x08008fbc   0x08008fbc   0x00000102   Code   RO         1447    x$fpl$fmul          fz_ws.l(fmul.o)
    0x080090be   0x080090be   0x0000008c   Code   RO         1480    x$fpl$fnaninf       fz_ws.l(fnaninf.o)
    0x0800914a   0x0800914a   0x0000000a   Code   RO         1482    x$fpl$fretinf       fz_ws.l(fretinf.o)
    0x08009154   0x08009154   0x000000ea   Code   RO         1427    x$fpl$fsub          fz_ws.l(faddsub_clz.o)
    0x0800923e   0x0800923e   0x00000000   Code   RO         1484    x$fpl$usenofp       fz_ws.l(usenofp.o)
    0x0800923e   0x0800923e   0x00000010   Data   RO         1386    .rodata.AHBPrescTable  system_stm32f1xx.o
    0x0800924e   0x0800924e   0x00000008   Data   RO         1387    .rodata.APBPrescTable  system_stm32f1xx.o
    0x08009256   0x08009256   0x00000002   Data   RO          410    .rodata.HAL_RCC_GetSysClockFreq.aPredivFactorTable  stm32f1xx_hal_rcc.o
    0x08009258   0x08009258   0x00000bc7   Data   RO          105    .rodata._ZL5menus   main.o
    0x08009e1f   0x08009e1f   0x00000010   Data   RO          409    .rodata.cst16       stm32f1xx_hal_rcc.o
    0x08009e2f   0x08009e2f   0x00000001   PAD
    0x08009e30   0x08009e30   0x00000020   Data   RO         1669    Region$$Table       anon$$obj.o


    Execution Region RW_IRAM1 (Exec base: 0x20000000, Load base: 0x08009e50, Size: 0x00000ec0, Max: 0x00005000, ABSOLUTE)

    Exec Addr    Load Addr    Size         Type   Attr      Idx    E Section Name        Object

    0x20000000   0x08009e50   0x00000008   Data   RW          107    .data..L_MergedGlobals  main.o
    0x20000008   0x08009e58   0x00000008   Data   RW          372    .data..L_MergedGlobals  stm32f1xx_hal.o
    0x20000010   0x08009e60   0x00000004   Data   RW         1385    .data.SystemCoreClock  system_stm32f1xx.o
    0x20000014   0x08009e64   0x00000004   PAD
    0x20000018        -       0x00000060   Zero   RW         1520    .bss                c_w.l(libspace.o)
    0x20000078        -       0x00000072   Zero   RW          108    .bss..L_MergedGlobals.2  main.o
    0x200000ea   0x08009e64   0x00000006   PAD
    0x200000f0        -       0x00000078   Zero   RW          109    .bss..L_MergedGlobals.3  main.o
    0x20000168        -       0x00000078   Zero   RW          110    .bss..L_MergedGlobals.4  main.o
    0x200001e0        -       0x00000078   Zero   RW          111    .bss..L_MergedGlobals.5  main.o
    0x20000258        -       0x00000064   Zero   RW          112    .bss..L_MergedGlobals.6  main.o
    0x200002bc        -       0x00000064   Zero   RW          113    .bss..L_MergedGlobals.7  main.o
    0x20000320        -       0x0000006c   Zero   RW          114    .bss..L_MergedGlobals.8  main.o
    0x2000038c        -       0x0000003c   Zero   RW           94    .bss.Right          main.o
    0x200003c8        -       0x00000010   Zero   RW          131    .bss._ZZ11erase_flashvE15EraseInitStruct  flashprom.o
    0x200003d8        -       0x00000054   Zero   RW           97    .bss.hi2c1          main.o
    0x2000042c        -       0x000002d8   Zero   RW          100    .bss.hpcd_USB_FS    main.o
    0x20000704        -       0x00000048   Zero   RW           98    .bss.htim3          main.o
    0x2000074c        -       0x00000048   Zero   RW           99    .bss.htim4          main.o
    0x20000794   0x08009e64   0x00000004   PAD
    0x20000798        -       0x00000020   Zero   RW          597    .bss.pFlash         stm32f1xx_hal_flash.o
    0x200007b8        -       0x000000a8   Zero   RW           95    .bss.pa             main.o
    0x20000860        -       0x0000005c   Zero   RW           87    .bss.params_buf     main.o
    0x200008bc        -       0x00000004   Zero   RW          371    .bss.uwTick         stm32f1xx_hal.o
    0x200008c0        -       0x00000200   Zero   RW            2    HEAP                startup_stm32f103xb.o
    0x20000ac0        -       0x00000400   Zero   RW            1    STACK               startup_stm32f103xb.o


==============================================================================

Image component sizes


      Code (inc. data)   RO Data    RW Data    ZI Data      Debug   Object Name

      1268          0          0          0         16      12705   flashprom.o
      9738          0       3015          8       2058      56615   main.o
        64         26        236          0       1536        784   startup_stm32f103xb.o
       188          0          0          8          4       5730   stm32f1xx_hal.o
      1878          0          0          0          0      13205   stm32f1xx_hal_adc.o
      1454          6          0          0          0      13604   stm32f1xx_hal_can.o
       200          0          0          0          0       8488   stm32f1xx_hal_cortex.o
       178          0          0          0          0       3798   stm32f1xx_hal_crc.o
       184          0          0          0          0       8427   stm32f1xx_hal_dma.o
       474          0          0          0         32       5460   stm32f1xx_hal_flash.o
       238          0          0          0          0       6927   stm32f1xx_hal_flash_ex.o
       558         22          0          0          0       4558   stm32f1xx_hal_gpio.o
      6050         16          0          0          0      42682   stm32f1xx_hal_i2c.o
       104          0          0          0          0       1637   stm32f1xx_hal_iwdg.o
       732          0          0          0          0      14193   stm32f1xx_hal_msp.o
      3018          0          0          0          0      17072   stm32f1xx_hal_pcd.o
      1470          0         18          0          0       7660   stm32f1xx_hal_rcc.o
       506         20          0          0          0       3561   stm32f1xx_hal_rcc_ex.o
      1114          0          0          0          0      55257   stm32f1xx_hal_tim.o
       126          0          0          0          0      20646   stm32f1xx_hal_tim_ex.o
       128          0          0          0          0       8396   stm32f1xx_it.o
      2482          0          0          0          0      21899   stm32f1xx_ll_usb.o
         2          0         24          4          0       1610   system_stm32f1xx.o

    ----------------------------------------------------------------------
     32362         90       3326         20       3660     334914   Object Totals
         0          0         32          0          0          0   (incl. Generated)
       208          0          1          0         14          0   (incl. Padding)

    ----------------------------------------------------------------------

      Code (inc. data)   RO Data    RW Data    ZI Data      Debug   Library Member Name

         8          0          0          0          0         68   __main.o
         0          0          0          0          0          0   __rtentry.o
        12          0          0          0          0          0   __rtentry2.o
         6          0          0          0          0          0   __rtentry4.o
        52          8          0          0          0          0   __scatter.o
        26          0          0          0          0          0   __scatter_copy.o
        28          0          0          0          0          0   __scatter_zi.o
        22          0          0          0          0        100   _rserrno.o
        22          0          0          0          0         80   abort.o
        48         34          0          0          0         76   defsig_abrt_inner.o
        14          0          0          0          0         80   defsig_abrt_outer.o
        10          0          0          0          0         68   defsig_exit.o
        50          0          0          0          0         88   defsig_general.o
        18          0          0          0          0         80   exit.o
         6          0          0          0          0        152   heapauxi.o
         0          0          0          0          0          0   indicate_semi.o
         2          0          0          0          0          0   libinit.o
         2          0          0          0          0          0   libinit2.o
         2          0          0          0          0          0   libshutdown.o
         2          0          0          0          0          0   libshutdown2.o
         8          4          0          0         96         68   libspace.o
       240          0          0          0          0        100   lludivv7m.o
         8          4          0          0          0         68   rt_errno_addr_intlibspace.o
         2          0          0          0          0          0   rtexit.o
        10          0          0          0          0          0   rtexit2.o
        12          4          0          0          0         68   sys_exit.o
        74          0          0          0          0         80   sys_stackheap_outer.o
        14          0          0          0          0         76   sys_wrch.o
         2          0          0          0          0         68   use_no_semi.o
        98          4          0          0          0         92   d2f.o
       812         16          0          0          0        296   daddsub_clz.o
        94          4          0          0          0         92   dfix.o
       138          0          0          0          0         84   dfltll_clz.o
       340         12          0          0          0        104   dmul.o
       156          4          0          0          0         92   dnaninf.o
        12          0          0          0          0         68   dretinf.o
       460         56          0          0          0        120   dsqrt_noumaal.o
        86          4          0          0          0         84   f2d.o
       430          8          0          0          0        168   faddsub_clz.o
        84          0          0          0          0        196   fcmp.o
        24          0          0          0          0         68   fcmpi.o
       388         76          0          0          0         96   fdiv.o
       104          4          0          0          0         84   feqf.o
        54          4          0          0          0         84   ffix.o
        38          0          0          0          0         68   fflt_clz.o
       104          4          0          0          0         84   fgeqf.o
       104          4          0          0          0         84   fleqf.o
       258          4          0          0          0         84   fmul.o
       140          4          0          0          0         84   fnaninf.o
        10          0          0          0          0         68   fretinf.o
         0          0          0          0          0          0   usenofp.o
         4          0          0          0          0         36   abort_message.cpp.o
       104         56          0          0          0         76   cxa_guard.cpp.o
        76          0          0          0          0         84   sqrt.o

    ----------------------------------------------------------------------
      4840        318          0          0         96       3716   Library Totals
        22          0          0          0          0          0   (incl. Padding)

    ----------------------------------------------------------------------

      Code (inc. data)   RO Data    RW Data    ZI Data      Debug   Library Name

       700         54          0          0         96       1320   c_w.l
      3934        208          0          0          0       2200   fz_ws.l
       108         56          0          0          0        112   libcppabi_w.l
        76          0          0          0          0         84   m_ws.l

    ----------------------------------------------------------------------
      4840        318          0          0         96       3716   Library Totals

    ----------------------------------------------------------------------

==============================================================================


      Code (inc. data)   RO Data    RW Data    ZI Data      Debug   

     37202        408       3326         20       3756     336346   Grand Totals
     37202        408       3326         20       3756     336346   ELF Image Totals
     37202        408       3326         20          0          0   ROM Totals

==============================================================================

    Total RO  Size (Code + RO Data)                40528 (  39.58kB)
    Total RW  Size (RW Data + ZI Data)              3776 (   3.69kB)
    Total ROM Size (Code + RO Data + RW Data)      40548 (  39.60kB)

==============================================================================

